Component: ARM Compiler 5.06 update 7 (build 960) Tool: armlink [4d3601]

==============================================================================

Section Cross References

    startup_stm32f429xx.o(STACK) refers (Special) to heapauxi.o(.text) for __use_two_region_memory
    startup_stm32f429xx.o(HEAP) refers (Special) to heapauxi.o(.text) for __use_two_region_memory
    startup_stm32f429xx.o(RESET) refers (Special) to heapauxi.o(.text) for __use_two_region_memory
    startup_stm32f429xx.o(RESET) refers to startup_stm32f429xx.o(STACK) for __initial_sp
    startup_stm32f429xx.o(RESET) refers to startup_stm32f429xx.o(.text) for Reset_Handler
    startup_stm32f429xx.o(RESET) refers to stm32f4xx_it.o(i.NMI_Handler) for NMI_Handler
    startup_stm32f429xx.o(RESET) refers to stm32f4xx_it.o(i.HardFault_Handler) for HardFault_Handler
    startup_stm32f429xx.o(RESET) refers to stm32f4xx_it.o(i.MemManage_Handler) for MemManage_Handler
    startup_stm32f429xx.o(RESET) refers to stm32f4xx_it.o(i.BusFault_Handler) for BusFault_Handler
    startup_stm32f429xx.o(RESET) refers to stm32f4xx_it.o(i.UsageFault_Handler) for UsageFault_Handler
    startup_stm32f429xx.o(RESET) refers to stm32f4xx_it.o(i.SVC_Handler) for SVC_Handler
    startup_stm32f429xx.o(RESET) refers to stm32f4xx_it.o(i.DebugMon_Handler) for DebugMon_Handler
    startup_stm32f429xx.o(RESET) refers to stm32f4xx_it.o(i.PendSV_Handler) for PendSV_Handler
    startup_stm32f429xx.o(RESET) refers to stm32f4xx_it.o(i.SysTick_Handler) for SysTick_Handler
    startup_stm32f429xx.o(RESET) refers to stm32f4xx_it.o(i.DMA1_Stream5_IRQHandler) for DMA1_Stream5_IRQHandler
    startup_stm32f429xx.o(RESET) refers to stm32f4xx_it.o(i.ADC_IRQHandler) for ADC_IRQHandler
    startup_stm32f429xx.o(RESET) refers to stm32f4xx_it.o(i.USART1_IRQHandler) for USART1_IRQHandler
    startup_stm32f429xx.o(RESET) refers to stm32f4xx_it.o(i.DMA2_Stream0_IRQHandler) for DMA2_Stream0_IRQHandler
    startup_stm32f429xx.o(RESET) refers to stm32f4xx_it.o(i.DMA2_Stream2_IRQHandler) for DMA2_Stream2_IRQHandler
    startup_stm32f429xx.o(.text) refers (Special) to heapauxi.o(.text) for __use_two_region_memory
    startup_stm32f429xx.o(.text) refers to system_stm32f4xx.o(i.SystemInit) for SystemInit
    startup_stm32f429xx.o(.text) refers to __main.o(!!!main) for __main
    startup_stm32f429xx.o(.text) refers to startup_stm32f429xx.o(HEAP) for Heap_Mem
    startup_stm32f429xx.o(.text) refers to startup_stm32f429xx.o(STACK) for Stack_Mem
    main.o(i.SystemClock_Config) refers to rt_memclr_w.o(.text) for __aeabi_memclr4
    main.o(i.SystemClock_Config) refers to stm32f4xx_hal_rcc.o(i.HAL_RCC_OscConfig) for HAL_RCC_OscConfig
    main.o(i.SystemClock_Config) refers to stm32f4xx_hal_pwr_ex.o(i.HAL_PWREx_EnableOverDrive) for HAL_PWREx_EnableOverDrive
    main.o(i.SystemClock_Config) refers to stm32f4xx_hal_rcc.o(i.HAL_RCC_ClockConfig) for HAL_RCC_ClockConfig
    main.o(i.main) refers to stm32f4xx_hal.o(i.HAL_Init) for HAL_Init
    main.o(i.main) refers to main.o(i.SystemClock_Config) for SystemClock_Config
    main.o(i.main) refers to gpio.o(i.MX_GPIO_Init) for MX_GPIO_Init
    main.o(i.main) refers to dma.o(i.MX_DMA_Init) for MX_DMA_Init
    main.o(i.main) refers to usart.o(i.MX_USART1_UART_Init) for MX_USART1_UART_Init
    main.o(i.main) refers to adc.o(i.MX_ADC1_Init) for MX_ADC1_Init
    main.o(i.main) refers to tim.o(i.MX_TIM3_Init) for MX_TIM3_Init
    main.o(i.main) refers to dac.o(i.MX_DAC_Init) for MX_DAC_Init
    main.o(i.main) refers to tim.o(i.MX_TIM6_Init) for MX_TIM6_Init
    main.o(i.main) refers to scheduler.o(i.scheduler_init) for scheduler_init
    main.o(i.main) refers to btn_app.o(i.my_ebtn_init) for my_ebtn_init
    main.o(i.main) refers to usart_app.o(i.ringbuffer_init) for ringbuffer_init
    main.o(i.main) refers to adda_app.o(i.wave_ctrl_init) for wave_ctrl_init
    main.o(i.main) refers to adda_app.o(i.adc_tim_dma_init) for adc_tim_dma_init
    main.o(i.main) refers to scheduler.o(i.scheduler_run) for scheduler_run
    gpio.o(i.MX_GPIO_Init) refers to rt_memclr_w.o(.text) for __aeabi_memclr4
    gpio.o(i.MX_GPIO_Init) refers to stm32f4xx_hal_gpio.o(i.HAL_GPIO_WritePin) for HAL_GPIO_WritePin
    gpio.o(i.MX_GPIO_Init) refers to stm32f4xx_hal_gpio.o(i.HAL_GPIO_Init) for HAL_GPIO_Init
    adc.o(i.HAL_ADC_MspDeInit) refers to stm32f4xx_hal_gpio.o(i.HAL_GPIO_DeInit) for HAL_GPIO_DeInit
    adc.o(i.HAL_ADC_MspDeInit) refers to stm32f4xx_hal_dma.o(i.HAL_DMA_DeInit) for HAL_DMA_DeInit
    adc.o(i.HAL_ADC_MspDeInit) refers to stm32f4xx_hal_cortex.o(i.HAL_NVIC_DisableIRQ) for HAL_NVIC_DisableIRQ
    adc.o(i.HAL_ADC_MspInit) refers to rt_memclr_w.o(.text) for __aeabi_memclr4
    adc.o(i.HAL_ADC_MspInit) refers to stm32f4xx_hal_gpio.o(i.HAL_GPIO_Init) for HAL_GPIO_Init
    adc.o(i.HAL_ADC_MspInit) refers to stm32f4xx_hal_dma.o(i.HAL_DMA_Init) for HAL_DMA_Init
    adc.o(i.HAL_ADC_MspInit) refers to main.o(i.Error_Handler) for Error_Handler
[...]
    UART8_IRQHandler                         0x08000353   Thumb Code     0  startup_stm32f429xx.o(.text)
    USART2_IRQHandler                        0x08000353   Thumb Code     0  startup_stm32f429xx.o(.text)
    USART3_IRQHandler                        0x08000353   Thumb Code     0  startup_stm32f429xx.o(.text)
    USART6_IRQHandler                        0x08000353   Thumb Code     0  startup_stm32f429xx.o(.text)
    WWDG_IRQHandler                          0x08000353   Thumb Code     0  startup_stm32f429xx.o(.text)
    __user_initial_stackheap                 0x08000355   Thumb Code     0  startup_stm32f429xx.o(.text)
    __aeabi_uldivmod                         0x08000379   Thumb Code     0  lludivv7m.o(.text)
    _ll_udiv                                 0x08000379   Thumb Code   238  lludivv7m.o(.text)
    vsnprintf                                0x08000469   Thumb Code    48  vsnprintf.o(.text)
    __0sscanf                                0x0800049d   Thumb Code    52  __0sscanf.o(.text)
    _scanf_string                            0x080004d9   Thumb Code   224  _scanf_str.o(.text)
    abort                                    0x080005b9   Thumb Code    22  abort.o(.text)
    memcmp                                   0x080005cf   Thumb Code    88  memcmp.o(.text)
    __aeabi_memcpy                           0x08000627   Thumb Code     0  rt_memcpy_v6.o(.text)
    __rt_memcpy                              0x08000627   Thumb Code   138  rt_memcpy_v6.o(.text)
    _memcpy_lastbytes                        0x0800068d   Thumb Code     0  rt_memcpy_v6.o(.text)
    __aeabi_memcpy4                          0x080006b1   Thumb Code     0  rt_memcpy_w.o(.text)
    __aeabi_memcpy8                          0x080006b1   Thumb Code     0  rt_memcpy_w.o(.text)
    __rt_memcpy_w                            0x080006b1   Thumb Code   100  rt_memcpy_w.o(.text)
    _memcpy_lastbytes_aligned                0x080006f9   Thumb Code     0  rt_memcpy_w.o(.text)
    __aeabi_memclr4                          0x08000715   Thumb Code     0  rt_memclr_w.o(.text)
    __aeabi_memclr8                          0x08000715   Thumb Code     0  rt_memclr_w.o(.text)
    __rt_memclr_w                            0x08000715   Thumb Code    78  rt_memclr_w.o(.text)
    _memset_w                                0x08000719   Thumb Code     0  rt_memclr_w.o(.text)
    strcmp                                   0x08000765   Thumb Code   128  strcmpv7m.o(.text)
    __use_two_region_memory                  0x080007e5   Thumb Code     2  heapauxi.o(.text)
    __rt_heap_escrow$2region                 0x080007e7   Thumb Code     2  heapauxi.o(.text)
    __rt_heap_expand$2region                 0x080007e9   Thumb Code     2  heapauxi.o(.text)
    _sys_exit                                0x080007ed   Thumb Code     8  sys_exit.o(.text)
    __read_errno                             0x080007f9   Thumb Code    10  _rserrno.o(.text)
    __set_errno                              0x08000803   Thumb Code    12  _rserrno.o(.text)
    _printf_pre_padding                      0x0800080f   Thumb Code    44  _printf_pad.o(.text)
    _printf_post_padding                     0x0800083b   Thumb Code    34  _printf_pad.o(.text)
    _printf_truncate_signed                  0x0800085d   Thumb Code    18  _printf_truncate.o(.text)
    _printf_truncate_unsigned                0x0800086f   Thumb Code    18  _printf_truncate.o(.text)
    _printf_str                              0x08000881   Thumb Code    82  _printf_str.o(.text)
    _printf_int_dec                          0x080008d5   Thumb Code   104  _printf_dec.o(.text)
    _printf_charcount                        0x0800094d   Thumb Code    40  _printf_charcount.o(.text)
    _printf_char_common                      0x0800097f   Thumb Code    32  _printf_char_common.o(.text)
    _sputc                                   0x080009a5   Thumb Code    10  _sputc.o(.text)
    _snputc                                  0x080009af   Thumb Code    16  _snputc.o(.text)
    _printf_wctomb                           0x080009c1   Thumb Code   182  _printf_wctomb.o(.text)
    _printf_longlong_dec                     0x08000a7d   Thumb Code   108  _printf_longlong_dec.o(.text)
    _printf_longlong_oct                     0x08000af9   Thumb Code    66  _printf_oct_int_ll.o(.text)
    _printf_int_oct                          0x08000b3b   Thumb Code    24  _printf_oct_int_ll.o(.text)
    _printf_ll_oct                           0x08000b53   Thumb Code    12  _printf_oct_int_ll.o(.text)
    _printf_longlong_hex                     0x08000b69   Thumb Code    86  _printf_hex_int_ll_ptr.o(.text)
    _printf_int_hex                          0x08000bbf   Thumb Code    28  _printf_hex_int_ll_ptr.o(.text)
    _printf_ll_hex                           0x08000bdb   Thumb Code    12  _printf_hex_int_ll_ptr.o(.text)
    _printf_hex_ptr                          0x08000be7   Thumb Code    18  _printf_hex_int_ll_ptr.o(.text)
    __printf                                 0x08000bfd   Thumb Code   388  __printf_flags_ss_wp.o(.text)
    _scanf_really_real                       0x08000fd1   Thumb Code   684  scanf_fp.o(.text)
    __vfscanf_char                           0x08001289   Thumb Code    24  scanf_char.o(.text)
    _sgetc                                   0x080012a9   Thumb Code    30  _sgetc.o(.text)
    _sbackspace                              0x080012c7   Thumb Code    34  _sgetc.o(.text)
    __rt_SIGABRT                             0x080012e9   Thumb Code    14  defsig_abrt_outer.o(.text)
    __I$use$semihosting                      0x080012f7   Thumb Code     0  use_no_semi.o(.text)
    __use_no_semihosting_swi                 0x080012f7   Thumb Code     2  use_no_semi.o(.text)
    __rt_locale                              0x080012f9   Thumb Code     8  rt_locale_intlibspace.o(.text)
    __semihosting_library_function           0x080012f9   Thumb Code     0  indicate_semi.o(.text)
    __aeabi_errno_addr                       0x08001301   Thumb Code     8  rt_errno_addr_intlibspace.o(.text)
    __errno$intlibspace                      0x08001301   Thumb Code     0  rt_errno_addr_intlibspace.o(.text)
    __rt_errno_addr$intlibspace              0x08001301   Thumb Code     0  rt_errno_addr_intlibspace.o(.text)
    _ll_udiv10                               0x08001309   Thumb Code   138  lludiv10.o(.text)
    isspace                                  0x08001393   Thumb Code    18  isspace.o(.text)
    _printf_int_common                       0x080013a5   Thumb Code   178  _printf_intcommon.o(.text)
    __lib_sel_fp_printf                      0x08001457   Thumb Code     2  _printf_fp_dec.o(.text)
    _printf_fp_dec_real                      0x08001609   Thumb Code   620  _printf_fp_dec.o(.text)
    _printf_fp_hex_real                      0x08001875   Thumb Code   756  _printf_fp_hex.o(.text)
    _printf_cs_common                        0x08001b71   Thumb Code    20  _printf_char.o(.text)
    _printf_char                             0x08001b85   Thumb Code    16  _printf_char.o(.text)
    _printf_string                           0x08001b95   Thumb Code     8  _printf_char.o(.text)
    _printf_lcs_common                       0x08001b9d   Thumb Code    20  _printf_wchar.o(.text)
    _printf_wchar                            0x08001bb1   Thumb Code    16  _printf_wchar.o(.text)
    _printf_wstring                          0x08001bc1   Thumb Code     8  _printf_wchar.o(.text)
    __vfscanf                                0x08001bc9   Thumb Code   880  _scanf.o(.text)
    _btod_etento                             0x08001f3d   Thumb Code   224  bigflt0.o(.text)
    _wcrtomb                                 0x08002021   Thumb Code    64  _wcrtomb.o(.text)
    __sig_exit                               0x08002061   Thumb Code    10  defsig_exit.o(.text)
    __rt_SIGABRT_inner                       0x0800206d   Thumb Code    14  defsig_abrt_inner.o(.text)
    __user_libspace                          0x0800209d   Thumb Code     8  libspace.o(.text)
    __user_perproc_libspace                  0x0800209d   Thumb Code     0  libspace.o(.text)
    __user_perthread_libspace                0x0800209d   Thumb Code     0  libspace.o(.text)
    __user_setup_stackheap                   0x080020a5   Thumb Code    74  sys_stackheap_outer.o(.text)
    __rt_ctype_table                         0x080020f1   Thumb Code    16  rt_ctype_table.o(.text)
    _printf_fp_infnan                        0x08002101   Thumb Code   112  _printf_fp_infnan.o(.text)
    _scanf_really_hex_real                   0x08002181   Thumb Code   786  scanf_hexfp.o(.text)
    _scanf_really_infnan                     0x080024a1   Thumb Code   292  scanf_infnan.o(.text)
    exit                                     0x080025d5   Thumb Code    18  exit.o(.text)
    __default_signal_display                 0x080025e7   Thumb Code    50  defsig_general.o(.text)
    _ttywrch                                 0x08002619   Thumb Code    14  sys_wrch.o(.text)
    __aeabi_llsl                             0x08002627   Thumb Code     0  llshl.o(.text)
    _ll_shift_l                              0x08002627   Thumb Code    38  llshl.o(.text)
    _chval                                   0x0800264d   Thumb Code    28  _chval.o(.text)
    _btod_d2e                                0x08002669   Thumb Code    62  btod.o(CL$$btod_d2e)
    _d2e_denorm_low                          0x080026a7   Thumb Code    70  btod.o(CL$$btod_d2e_denorm_low)
    _d2e_norm_op1                            0x080026ed   Thumb Code    96  btod.o(CL$$btod_d2e_norm_op1)
    __btod_div_common                        0x0800274d   Thumb Code   696  btod.o(CL$$btod_div_common)
    _e2d                                     0x08002a85   Thumb Code   122  btod.o(CL$$btod_e2d)
    _e2e                                     0x08002b09   Thumb Code   220  btod.o(CL$$btod_e2e)
    _btod_ediv                               0x08002be5   Thumb Code    42  btod.o(CL$$btod_ediv)
    _btod_edivd                              0x08002c0f   Thumb Code    42  btod.o(CL$$btod_edivd)
    _btod_emul                               0x08002c39   Thumb Code    42  btod.o(CL$$btod_emul)
    _btod_emuld                              0x08002c63   Thumb Code    42  btod.o(CL$$btod_emuld)
    __btod_mult_common                       0x08002c8d   Thumb Code   580  btod.o(CL$$btod_mult_common)
    ADC_IRQHandler                           0x08002f61   Thumb Code     6  stm32f4xx_it.o(i.ADC_IRQHandler)
    BusFault_Handler                         0x08003095   Thumb Code     2  stm32f4xx_it.o(i.BusFault_Handler)
    DAC_DMAConvCpltCh1                       0x08003097   Thumb Code    16  stm32f4xx_hal_dac.o(i.DAC_DMAConvCpltCh1)
    DAC_DMAConvCpltCh2                       0x080030a7   Thumb Code    16  stm32f4xx_hal_dac_ex.o(i.DAC_DMAConvCpltCh2)
    DAC_DMAErrorCh1                          0x080030b7   Thumb Code    24  stm32f4xx_hal_dac.o(i.DAC_DMAErrorCh1)
    DAC_DMAErrorCh2                          0x080030cf   Thumb Code    24  stm32f4xx_hal_dac_ex.o(i.DAC_DMAErrorCh2)
    DAC_DMAHalfConvCpltCh1                   0x080030e7   Thumb Code    10  stm32f4xx_hal_dac.o(i.DAC_DMAHalfConvCpltCh1)
    DAC_DMAHalfConvCpltCh2                   0x080030f1   Thumb Code    10  stm32f4xx_hal_dac_ex.o(i.DAC_DMAHalfConvCpltCh2)
    DMA1_Stream5_IRQHandler                  0x080030fd   Thumb Code     6  stm32f4xx_it.o(i.DMA1_Stream5_IRQHandler)
    DMA2_Stream0_IRQHandler                  0x08003109   Thumb Code     6  stm32f4xx_it.o(i.DMA2_Stream0_IRQHandler)
    DMA2_Stream2_IRQHandler                  0x08003115   Thumb Code     6  stm32f4xx_it.o(i.DMA2_Stream2_IRQHandler)
    DebugMon_Handler                         0x080031c5   Thumb Code     2  stm32f4xx_it.o(i.DebugMon_Handler)
    Error_Handler                            0x080031c7   Thumb Code     4  main.o(i.Error_Handler)
    HAL_ADCEx_InjectedConvCpltCallback       0x080031cb   Thumb Code     2  stm32f4xx_hal_adc_ex.o(i.HAL_ADCEx_InjectedConvCpltCallback)
    HAL_ADC_ConfigChannel                    0x080031cd   Thumb Code   334  stm32f4xx_hal_adc.o(i.HAL_ADC_ConfigChannel)
    HAL_ADC_ConvCpltCallback                 0x08003331   Thumb Code    24  adda_app.o(i.HAL_ADC_ConvCpltCallback)
    HAL_ADC_ConvHalfCpltCallback             0x08003351   Thumb Code     2  stm32f4xx_hal_adc.o(i.HAL_ADC_ConvHalfCpltCallback)
    HAL_ADC_ErrorCallback                    0x08003353   Thumb Code     2  stm32f4xx_hal_adc.o(i.HAL_ADC_ErrorCallback)
    HAL_ADC_IRQHandler                       0x08003355   Thumb Code   302  stm32f4xx_hal_adc.o(i.HAL_ADC_IRQHandler)
    HAL_ADC_Init                             0x08003483   Thumb Code    84  stm32f4xx_hal_adc.o(i.HAL_ADC_Init)
    HAL_ADC_LevelOutOfWindowCallback         0x080034d7   Thumb Code     2  stm32f4xx_hal_adc.o(i.HAL_ADC_LevelOutOfWindowCallback)
    HAL_ADC_MspInit                          0x080034d9   Thumb Code   174  adc.o(i.HAL_ADC_MspInit)
    HAL_ADC_Start_DMA                        0x080035a1   Thumb Code   306  stm32f4xx_hal_adc.o(i.HAL_ADC_Start_DMA)
    HAL_ADC_Stop_DMA                         0x080036f9   Thumb Code   108  stm32f4xx_hal_adc.o(i.HAL_ADC_Stop_DMA)
    HAL_DACEx_ConvCpltCallbackCh2            0x08003765   Thumb Code     2  stm32f4xx_hal_dac_ex.o(i.HAL_DACEx_ConvCpltCallbackCh2)
    HAL_DACEx_ConvHalfCpltCallbackCh2        0x08003767   Thumb Code     2  stm32f4xx_hal_dac_ex.o(i.HAL_DACEx_ConvHalfCpltCallbackCh2)
    HAL_DACEx_ErrorCallbackCh2               0x08003769   Thumb Code     2  stm32f4xx_hal_dac_ex.o(i.HAL_DACEx_ErrorCallbackCh2)
    HAL_DAC_ConfigChannel                    0x0800376b   Thumb Code    78  stm32f4xx_hal_dac.o(i.HAL_DAC_ConfigChannel)
    HAL_DAC_ConvCpltCallbackCh1              0x080037b9   Thumb Code     2  stm32f4xx_hal_dac.o(i.HAL_DAC_ConvCpltCallbackCh1)
    HAL_DAC_ConvHalfCpltCallbackCh1          0x080037bb   Thumb Code     2  stm32f4xx_hal_dac.o(i.HAL_DAC_ConvHalfCpltCallbackCh1)
    HAL_DAC_ErrorCallbackCh1                 0x080037bd   Thumb Code     2  stm32f4xx_hal_dac.o(i.HAL_DAC_ErrorCallbackCh1)
    HAL_DAC_Init                             0x080037bf   Thumb Code    40  stm32f4xx_hal_dac.o(i.HAL_DAC_Init)
    HAL_DAC_MspInit                          0x080037e9   Thumb Code   138  dac.o(i.HAL_DAC_MspInit)
    HAL_DAC_Start_DMA                        0x08003889   Thumb Code   200  stm32f4xx_hal_dac.o(i.HAL_DAC_Start_DMA)
    HAL_DAC_Stop_DMA                         0x08003969   Thumb Code    82  stm32f4xx_hal_dac.o(i.HAL_DAC_Stop_DMA)
    HAL_DMA_Abort                            0x080039bb   Thumb Code   146  stm32f4xx_hal_dma.o(i.HAL_DMA_Abort)
    HAL_DMA_Abort_IT                         0x08003a4d   Thumb Code    36  stm32f4xx_hal_dma.o(i.HAL_DMA_Abort_IT)
    HAL_DMA_IRQHandler                       0x08003a71   Thumb Code   412  stm32f4xx_hal_dma.o(i.HAL_DMA_IRQHandler)
    HAL_DMA_Init                             0x08003c11   Thumb Code   206  stm32f4xx_hal_dma.o(i.HAL_DMA_Init)
    HAL_DMA_Start_IT                         0x08003ce5   Thumb Code   110  stm32f4xx_hal_dma.o(i.HAL_DMA_Start_IT)
    HAL_GPIO_Init                            0x08003d55   Thumb Code   510  stm32f4xx_hal_gpio.o(i.HAL_GPIO_Init)
    HAL_GPIO_ReadPin                         0x08003f89   Thumb Code    10  stm32f4xx_hal_gpio.o(i.HAL_GPIO_ReadPin)
    HAL_GPIO_WritePin                        0x08003f93   Thumb Code    10  stm32f4xx_hal_gpio.o(i.HAL_GPIO_WritePin)
    HAL_GetTick                              0x08003f9d   Thumb Code     6  stm32f4xx_hal.o(i.HAL_GetTick)
    HAL_IncTick                              0x08003fa9   Thumb Code    12  stm32f4xx_hal.o(i.HAL_IncTick)
    HAL_Init                                 0x08003fb9   Thumb Code    48  stm32f4xx_hal.o(i.HAL_Init)
    HAL_InitTick                             0x08003fed   Thumb Code    54  stm32f4xx_hal.o(i.HAL_InitTick)
    HAL_MspInit                              0x0800402d   Thumb Code    42  stm32f4xx_hal_msp.o(i.HAL_MspInit)
    HAL_NVIC_EnableIRQ                       0x0800405d   Thumb Code    26  stm32f4xx_hal_cortex.o(i.HAL_NVIC_EnableIRQ)
    HAL_NVIC_SetPriority                     0x08004079   Thumb Code    60  stm32f4xx_hal_cortex.o(i.HAL_NVIC_SetPriority)
    HAL_NVIC_SetPriorityGrouping             0x080040b9   Thumb Code    26  stm32f4xx_hal_cortex.o(i.HAL_NVIC_SetPriorityGrouping)
    HAL_PWREx_EnableOverDrive                0x080040dd   Thumb Code    98  stm32f4xx_hal_pwr_ex.o(i.HAL_PWREx_EnableOverDrive)
    HAL_RCC_ClockConfig                      0x0800414d   Thumb Code   288  stm32f4xx_hal_rcc.o(i.HAL_RCC_ClockConfig)
    HAL_RCC_GetPCLK1Freq                     0x08004281   Thumb Code    20  stm32f4xx_hal_rcc.o(i.HAL_RCC_GetPCLK1Freq)
    HAL_RCC_GetPCLK2Freq                     0x080042a1   Thumb Code    20  stm32f4xx_hal_rcc.o(i.HAL_RCC_GetPCLK2Freq)
    HAL_RCC_GetSysClockFreq                  0x080042c1   Thumb Code    88  stm32f4xx_hal_rcc.o(i.HAL_RCC_GetSysClockFreq)
    HAL_RCC_OscConfig                        0x08004325   Thumb Code   856  stm32f4xx_hal_rcc.o(i.HAL_RCC_OscConfig)
    HAL_SYSTICK_Config                       0x08004691   Thumb Code    40  stm32f4xx_hal_cortex.o(i.HAL_SYSTICK_Config)
    HAL_TIMEx_MasterConfigSynchronization    0x080046b9   Thumb Code   116  stm32f4xx_hal_tim_ex.o(i.HAL_TIMEx_MasterConfigSynchronization)
    HAL_TIM_Base_Init                        0x08004749   Thumb Code    90  stm32f4xx_hal_tim.o(i.HAL_TIM_Base_Init)
    HAL_TIM_Base_MspInit                     0x080047a5   Thumb Code    52  tim.o(i.HAL_TIM_Base_MspInit)
    HAL_TIM_Base_Start                       0x080047e5   Thumb Code    90  stm32f4xx_hal_tim.o(i.HAL_TIM_Base_Start)
    HAL_TIM_Base_Stop                        0x0800485d   Thumb Code    38  stm32f4xx_hal_tim.o(i.HAL_TIM_Base_Stop)
    HAL_TIM_ConfigClockSource                0x08004883   Thumb Code   220  stm32f4xx_hal_tim.o(i.HAL_TIM_ConfigClockSource)
    HAL_UARTEx_ReceiveToIdle_DMA             0x0800495f   Thumb Code    74  stm32f4xx_hal_uart.o(i.HAL_UARTEx_ReceiveToIdle_DMA)
    HAL_UARTEx_RxEventCallback               0x080049a9   Thumb Code    60  usart_app.o(i.HAL_UARTEx_RxEventCallback)
    HAL_UART_DMAStop                         0x080049f5   Thumb Code   112  stm32f4xx_hal_uart.o(i.HAL_UART_DMAStop)
    HAL_UART_ErrorCallback                   0x08004a65   Thumb Code     2  stm32f4xx_hal_uart.o(i.HAL_UART_ErrorCallback)
    HAL_UART_IRQHandler                      0x08004a69   Thumb Code   636  stm32f4xx_hal_uart.o(i.HAL_UART_IRQHandler)
    HAL_UART_Init                            0x08004ce9   Thumb Code   100  stm32f4xx_hal_uart.o(i.HAL_UART_Init)
    HAL_UART_MspInit                         0x08004d4d   Thumb Code   156  usart.o(i.HAL_UART_MspInit)
    HAL_UART_RxCpltCallback                  0x08004dfd   Thumb Code     2  stm32f4xx_hal_uart.o(i.HAL_UART_RxCpltCallback)
    HAL_UART_RxHalfCpltCallback              0x08004dff   Thumb Code     2  stm32f4xx_hal_uart.o(i.HAL_UART_RxHalfCpltCallback)
    HAL_UART_Transmit                        0x08004e01   Thumb Code   160  stm32f4xx_hal_uart.o(i.HAL_UART_Transmit)
    HAL_UART_TxCpltCallback                  0x08004ea1   Thumb Code     2  stm32f4xx_hal_uart.o(i.HAL_UART_TxCpltCallback)
    HardFault_Handler                        0x08004ea3   Thumb Code     2  stm32f4xx_it.o(i.HardFault_Handler)
    MX_ADC1_Init                             0x08004ea5   Thumb Code   112  adc.o(i.MX_ADC1_Init)
    MX_DAC_Init                              0x08004f1d   Thumb Code    52  dac.o(i.MX_DAC_Init)
    MX_DMA_Init                              0x08004f59   Thumb Code    88  dma.o(i.MX_DMA_Init)
    MX_GPIO_Init                             0x08004fb5   Thumb Code   198  gpio.o(i.MX_GPIO_Init)
    MX_TIM3_Init                             0x0800508d   Thumb Code    94  tim.o(i.MX_TIM3_Init)
    MX_TIM6_Init                             0x080050f5   Thumb Code    60  tim.o(i.MX_TIM6_Init)
    MX_USART1_UART_Init                      0x08005139   Thumb Code    48  usart.o(i.MX_USART1_UART_Init)
    MemManage_Handler                        0x08005171   Thumb Code     2  stm32f4xx_it.o(i.MemManage_Handler)
    NMI_Handler                              0x08005173   Thumb Code     2  stm32f4xx_it.o(i.NMI_Handler)
    PendSV_Handler                           0x08005175   Thumb Code     2  stm32f4xx_it.o(i.PendSV_Handler)
    SVC_Handler                              0x08005177   Thumb Code     2  stm32f4xx_it.o(i.SVC_Handler)
    SysTick_Handler                          0x08005179   Thumb Code     4  stm32f4xx_it.o(i.SysTick_Handler)
    SystemClock_Config                       0x0800517d   Thumb Code   148  main.o(i.SystemClock_Config)
    SystemInit                               0x08005219   Thumb Code    12  system_stm32f4xx.o(i.SystemInit)
    TIM_Base_SetConfig                       0x08005229   Thumb Code   164  stm32f4xx_hal_tim.o(i.TIM_Base_SetConfig)
    TIM_ETR_SetConfig                        0x080052f9   Thumb Code    20  stm32f4xx_hal_tim.o(i.TIM_ETR_SetConfig)
    UART_Start_Receive_DMA                   0x08005699   Thumb Code   146  stm32f4xx_hal_uart.o(i.UART_Start_Receive_DMA)
    USART1_IRQHandler                        0x080057ad   Thumb Code     6  stm32f4xx_it.o(i.USART1_IRQHandler)
    UsageFault_Handler                       0x080057b9   Thumb Code     2  stm32f4xx_it.o(i.UsageFault_Handler)
    __ARM_fpclassify                         0x080057bb   Thumb Code    48  fpclassify.o(i.__ARM_fpclassify)
    __ARM_fpclassifyf                        0x080057eb   Thumb Code    38  fpclassifyf.o(i.__ARM_fpclassifyf)
    __hardfp___mathlib_tofloat               0x08005831   Thumb Code   232  narrow.o(i.__hardfp___mathlib_tofloat)
    __hardfp_ldexp                           0x08005929   Thumb Code   200  ldexp.o(i.__hardfp_ldexp)
    __hardfp_sinf                            0x080059f9   Thumb Code   344  sinf.o(i.__hardfp_sinf)
    __mathlib_dbl_overflow                   0x08005b89   Thumb Code    24  dunder.o(i.__mathlib_dbl_overflow)
    __mathlib_dbl_underflow                  0x08005ba9   Thumb Code    24  dunder.o(i.__mathlib_dbl_underflow)
    __mathlib_flt_infnan                     0x08005bc9   Thumb Code     6  funder.o(i.__mathlib_flt_infnan)
    __mathlib_flt_invalid                    0x08005bd1   Thumb Code    10  funder.o(i.__mathlib_flt_invalid)
    __mathlib_flt_underflow                  0x08005be1   Thumb Code    10  funder.o(i.__mathlib_flt_underflow)
    __mathlib_narrow                         0x08005bf1   Thumb Code    18  narrow.o(i.__mathlib_narrow)
    __mathlib_rredf2                         0x08005c05   Thumb Code   316  rredf.o(i.__mathlib_rredf2)
    __support_ldexp                          0x08005d59   Thumb Code    20  ldexp.o(i.__support_ldexp)
    _is_digit                                0x08005d6d   Thumb Code    14  __printf_wp.o(i._is_digit)
    adc_split_channels                       0x08005d7d   Thumb Code    50  adda_app.o(i.adc_split_channels)
    adc_task                                 0x08005de9   Thumb Code    42  adda_app.o(i.adc_task)
    adc_tim_dma_init                         0x08005e1d   Thumb Code    16  adda_app.o(i.adc_tim_dma_init)
    adc_update_pot_value                     0x08005e31   Thumb Code   110  adda_app.o(i.adc_update_pot_value)
    ebtn_combo_btn_add_btn_by_idx            0x08005f7d   Thumb Code    22  ebtn.o(i.ebtn_combo_btn_add_btn_by_idx)
    ebtn_get_btn_index_by_key_id             0x08005f95   Thumb Code    58  ebtn.o(i.ebtn_get_btn_index_by_key_id)
    ebtn_init                                0x08005fd5   Thumb Code    58  ebtn.o(i.ebtn_init)
    ebtn_process                             0x08006015   Thumb Code    94  ebtn.o(i.ebtn_process)
    ebtn_process_with_curr_state             0x08006155   Thumb Code   174  ebtn.o(i.ebtn_process_with_curr_state)
    ebtn_task                                0x08006209   Thumb Code    14  btn_app.o(i.ebtn_task)
    frexp                                    0x08006219   Thumb Code   118  frexp.o(i.frexp)
    key_process_simple                       0x08006329   Thumb Code    28  key_app.o(i.key_process_simple)
    key_read_raw                             0x08006349   Thumb Code    84  key_app.o(i.key_read_raw)
    led_disp                                 0x080063a5   Thumb Code   114  led_app.o(i.led_disp)
    led_task                                 0x08006425   Thumb Code     6  led_app.o(i.led_task)
    main                                     0x08006431   Thumb Code    62  main.o(i.main)
    my_ebtn_init                             0x08006471   Thumb Code   118  btn_app.o(i.my_ebtn_init)
    my_get_key_state                         0x080064f5   Thumb Code    62  btn_app.o(i.my_get_key_state)
    my_handle_key_event                      0x0800653d   Thumb Code    66  btn_app.o(i.my_handle_key_event)
    my_printf                                0x08006585   Thumb Code    60  usart_app.o(i.my_printf)
    ringbuffer_init                          0x0800670d   Thumb Code    42  usart_app.o(i.ringbuffer_init)
    rt_ringbuffer_data_len                   0x08006745   Thumb Code    48  ringbuffer.o(i.rt_ringbuffer_data_len)
    rt_ringbuffer_get                        0x08006775   Thumb Code   116  ringbuffer.o(i.rt_ringbuffer_get)
    rt_ringbuffer_init                       0x080067e9   Thumb Code    48  ringbuffer.o(i.rt_ringbuffer_init)
    rt_ringbuffer_put                        0x08006819   Thumb Code   120  ringbuffer.o(i.rt_ringbuffer_put)
    scheduler_init                           0x080068b1   Thumb Code     8  scheduler.o(i.scheduler_init)
    scheduler_run                            0x080068bd   Thumb Code    56  scheduler.o(i.scheduler_run)
    uart_cmd_parse                           0x080068f9   Thumb Code   366  usart_app.o(i.uart_cmd_parse)
    uart_print_status                        0x08006ce9   Thumb Code   162  usart_app.o(i.uart_print_status)
    uart_task                                0x08006de1   Thumb Code    56  usart_app.o(i.uart_task)
    wave_calc_freq                           0x08006e41   Thumb Code   150  adda_app.o(i.wave_calc_freq)
    wave_calc_vpp                            0x08006eed   Thumb Code    94  adda_app.o(i.wave_calc_vpp)
    wave_ctrl_init                           0x08006f5d   Thumb Code    80  adda_app.o(i.wave_ctrl_init)
    wave_generate_table                      0x08006ffd   Thumb Code   262  adda_app.o(i.wave_generate_table)
    wave_key_task                            0x080072e5   Thumb Code   114  adda_app.o(i.wave_key_task)
    wave_print_two_periods                   0x08007365   Thumb Code   106  adda_app.o(i.wave_print_two_periods)
    wave_refresh_measurement_now             0x0800743d   Thumb Code    74  adda_app.o(i.wave_refresh_measurement_now)
    wave_set_frequency                       0x08007491   Thumb Code   112  adda_app.o(i.wave_set_frequency)
    wave_set_period                          0x08007515   Thumb Code    28  adda_app.o(i.wave_set_period)
    wave_set_type                            0x08007535   Thumb Code    26  adda_app.o(i.wave_set_type)
    wave_set_vpp                             0x08007559   Thumb Code    38  adda_app.o(i.wave_set_vpp)
    wave_type_to_string                      0x0800758d   Thumb Code    26  adda_app.o(i.wave_type_to_string)
    _get_lc_numeric                          0x080075cd   Thumb Code    44  lc_numeric_c.o(locale$$code)
    _get_lc_ctype                            0x080075f9   Thumb Code    44  lc_ctype_c.o(locale$$code)
    __aeabi_d2f                              0x08007625   Thumb Code     0  d2f.o(x$fpl$d2f)
    _d2f                                     0x08007625   Thumb Code    98  d2f.o(x$fpl$d2f)
    __fpl_dcheck_NaN1                        0x08007689   Thumb Code    10  dcheck1.o(x$fpl$dcheck1)
    __fpl_dcmp_Inf                           0x08007699   Thumb Code    24  dcmpi.o(x$fpl$dcmpinf)
    __aeabi_cdcmpeq                          0x080076b1   Thumb Code     0  deqf.o(x$fpl$deqf)
    _dcmpeq                                  0x080076b1   Thumb Code   120  deqf.o(x$fpl$deqf)
    __aeabi_cdcmple                          0x08007729   Thumb Code     0  dleqf.o(x$fpl$dleqf)
    _dcmple                                  0x08007729   Thumb Code   120  dleqf.o(x$fpl$dleqf)
    __fpl_dcmple_InfNaN                      0x0800778b   Thumb Code     0  dleqf.o(x$fpl$dleqf)
    __aeabi_dmul                             0x080077a1   Thumb Code     0  dmul.o(x$fpl$dmul)
    _dmul                                    0x080077a1   Thumb Code   332  dmul.o(x$fpl$dmul)
    __fpl_dnaninf                            0x080078f5   Thumb Code   156  dnaninf.o(x$fpl$dnaninf)
    __fpl_dretinf                            0x08007991   Thumb Code    12  dretinf.o(x$fpl$dretinf)
    __aeabi_cdrcmple                         0x0800799d   Thumb Code     0  drleqf.o(x$fpl$drleqf)
    _drcmple                                 0x0800799d   Thumb Code   108  drleqf.o(x$fpl$drleqf)
    __aeabi_f2d                              0x08007a09   Thumb Code     0  f2d.o(x$fpl$f2d)
    _f2d                                     0x08007a09   Thumb Code    86  f2d.o(x$fpl$f2d)
    __fpl_fnaninf                            0x08007a5f   Thumb Code   140  fnaninf.o(x$fpl$fnaninf)
    _fp_init                                 0x08007aeb   Thumb Code    10  fpinit.o(x$fpl$fpinit)
    __fplib_config_fpu_vfp                   0x08007af3   Thumb Code     0  fpinit.o(x$fpl$fpinit)
    __fplib_config_pureend_doubles           0x08007af3   Thumb Code     0  fpinit.o(x$fpl$fpinit)
    __fpl_fretinf                            0x08007af5   Thumb Code    10  fretinf.o(x$fpl$fretinf)
    __ieee_status                            0x08007aff   Thumb Code     6  istatus.o(x$fpl$ieeestatus)
    _printf_fp_dec                           0x08007b05   Thumb Code     4  printf1.o(x$fpl$printf1)
    _printf_fp_hex                           0x08007b09   Thumb Code     4  printf2.o(x$fpl$printf2)
    __fpl_return_NaN                         0x08007b0d   Thumb Code   100  retnan.o(x$fpl$retnan)
    __ARM_scalbn                             0x08007b71   Thumb Code    92  scalbn.o(x$fpl$scalbn)
    _scanf_real                              0x08007bcd   Thumb Code     4  scanf1.o(x$fpl$scanf1)
    _scanf_hex_real                          0x08007bd1   Thumb Code     4  scanf2.o(x$fpl$scanf2)
    _scanf_infnan                            0x08007bd5   Thumb Code     4  scanf2.o(x$fpl$scanf2)
    __fpl_cmpreturn                          0x08007bd9   Thumb Code    48  trapv.o(x$fpl$trapveneer)
    __I$use$fp                               0x08007c08   Number         0  usenofp.o(x$fpl$usenofp)
    AHBPrescTable                            0x08007c10   Data          16  system_stm32f4xx.o(.constdata)
    APBPrescTable                            0x08007c20   Data           8  system_stm32f4xx.o(.constdata)
    key_param_normal                         0x08007c28   Data          14  btn_app.o(.constdata)
    Region$$Table$$Base                      0x08007da0   Number         0  anon$$obj.o(Region$$Table)
    Region$$Table$$Limit                     0x08007dc0   Number         0  anon$$obj.o(Region$$Table)
    __aeabi_HUGE_VAL                         0x08007dc0   Data           0  fpconst.o(c$$dinf)
    __aeabi_HUGE_VALL                        0x08007dc0   Data           0  fpconst.o(c$$dinf)
    __aeabi_INFINITY                         0x08007dc0   Data           0  fpconst.o(c$$dinf)
    __dInf                                   0x08007dc0   Data           0  fpconst.o(c$$dinf)
    __huge_val                               0x08007dc0   Data           0  fpconst.o(c$$dinf)
    __dbl_max                                0x08007dc8   Data           0  fpconst.o(c$$dmax)
    __ctype                                  0x08007df9   Data           0  lc_ctype_c.o(locale$$data)
    uwTickFreq                               0x20000000   Data           1  stm32f4xx_hal.o(.data)
    uwTickPrio                               0x20000004   Data           4  stm32f4xx_hal.o(.data)
    uwTick                                   0x20000008   Data           4  stm32f4xx_hal.o(.data)
    SystemCoreClock                          0x2000000c   Data           4  system_stm32f4xx.o(.data)
    task_num                                 0x20000010   Data           1  scheduler.o(.data)
    ucled                                    0x2000005d   Data           6  led_app.o(.data)
    g_key_current_state                      0x20000063   Data           1  key_app.o(.data)
    g_key_previous_state                     0x20000064   Data           1  key_app.o(.data)
    g_key_pressed_flag                       0x20000065   Data           1  key_app.o(.data)
    g_key_released_flag                      0x20000066   Data           1  key_app.o(.data)
    static_buttons                           0x2000006c   Data         168  btn_app.o(.data)
    hadc1                                    0x20000184   Data          72  adc.o(.bss)
    hdma_adc1                                0x200001cc   Data          96  adc.o(.bss)
    hdac                                     0x2000022c   Data          20  dac.o(.bss)
    hdma_dac1                                0x20000240   Data          96  dac.o(.bss)
    htim3                                    0x200002a0   Data          72  tim.o(.bss)
    htim6                                    0x200002e8   Data          72  tim.o(.bss)
    huart1                                   0x20000330   Data          72  usart.o(.bss)
    hdma_usart1_rx                           0x20000378   Data          96  usart.o(.bss)
    g_wave_ctrl                              0x20000764   Data          20  adda_app.o(.bss)
    g_wave_meas                              0x20000778   Data       14028  adda_app.o(.bss)
    __libspace_start                         0x20003f34   Data          96  libspace.o(.bss)
    __temporary_stack_top$libspace           0x20003f94   Data           0  libspace.o(.bss)



==============================================================================

Memory Map of the image

  Image Entry point : 0x080001ad

  Load Region LR_IROM1 (Base: 0x08000000, Size: 0x00008080, Max: 0x00080000, ABSOLUTE, COMPRESSED[0x00007f50])

    Execution Region ER_IROM1 (Exec base: 0x08000000, Load base: 0x08000000, Size: 0x00007efc, Max: 0x00080000, ABSOLUTE)

    Exec Addr    Load Addr    Size         Type   Attr      Idx    E Section Name        Object

    0x08000000   0x08000000   0x000001ac   Data   RO            3    RESET               startup_stm32f429xx.o
    0x080001ac   0x080001ac   0x00000008   Code   RO         4513  * !!!main             c_w.l(__main.o)
    0x080001b4   0x080001b4   0x00000034   Code   RO         5005    !!!scatter          c_w.l(__scatter.o)
    0x080001e8   0x080001e8   0x0000005a   Code   RO         5003    !!dczerorl2         c_w.l(__dczerorl2.o)
    0x08000242   0x08000242   0x00000002   PAD
    0x08000244   0x08000244   0x0000001c   Code   RO         5007    !!handler_zi        c_w.l(__scatter_zi.o)
    0x08000260   0x08000260   0x00000000   Code   RO         4623    .ARM.Collect$$_printf_percent$$00000000  c_w.l(_printf_percent.o)
    0x08000260   0x08000260   0x00000006   Code   RO         4612    .ARM.Collect$$_printf_percent$$00000001  c_w.l(_printf_n.o)
    0x08000266   0x08000266   0x00000006   Code   RO         4614    .ARM.Collect$$_printf_percent$$00000002  c_w.l(_printf_p.o)
    0x0800026c   0x0800026c   0x00000006   Code   RO         4619    .ARM.Collect$$_printf_percent$$00000003  c_w.l(_printf_f.o)
    0x08000272   0x08000272   0x00000006   Code   RO         4620    .ARM.Collect$$_printf_percent$$00000004  c_w.l(_printf_e.o)
    0x08000278   0x08000278   0x00000006   Code   RO         4621    .ARM.Collect$$_printf_percent$$00000005  c_w.l(_printf_g.o)
    0x0800027e   0x0800027e   0x00000006   Code   RO         4622    .ARM.Collect$$_printf_percent$$00000006  c_w.l(_printf_a.o)
    0x08000284   0x08000284   0x0000000a   Code   RO         4627    .ARM.Collect$$_printf_percent$$00000007  c_w.l(_printf_ll.o)
    0x0800028e   0x0800028e   0x00000006   Code   RO         4616    .ARM.Collect$$_printf_percent$$00000008  c_w.l(_printf_i.o)
    0x08000294   0x08000294   0x00000006   Code   RO         4617    .ARM.Collect$$_printf_percent$$00000009  c_w.l(_printf_d.o)
    0x0800029a   0x0800029a   0x00000006   Code   RO         4618    .ARM.Collect$$_printf_percent$$0000000A  c_w.l(_printf_u.o)
    0x080002a0   0x080002a0   0x00000006   Code   RO         4615    .ARM.Collect$$_printf_percent$$0000000B  c_w.l(_printf_o.o)
    0x080002a6   0x080002a6   0x00000006   Code   RO         4613    .ARM.Collect$$_printf_percent$$0000000C  c_w.l(_printf_x.o)
    0x080002ac   0x080002ac   0x00000006   Code   RO         4624    .ARM.Collect$$_printf_percent$$0000000D  c_w.l(_printf_lli.o)
    0x080002b2   0x080002b2   0x00000006   Code   RO         4625    .ARM.Collect$$_printf_percent$$0000000E  c_w.l(_printf_lld.o)
    0x080002b8   0x080002b8   0x00000006   Code   RO         4626    .ARM.Collect$$_printf_percent$$0000000F  c_w.l(_printf_llu.o)
    0x080002be   0x080002be   0x00000006   Code   RO         4631    .ARM.Collect$$_printf_percent$$00000010  c_w.l(_printf_llo.o)
    0x080002c4   0x080002c4   0x00000006   Code   RO         4632    .ARM.Collect$$_printf_percent$$00000011  c_w.l(_printf_llx.o)
    0x080002ca   0x080002ca   0x0000000a   Code   RO         4628    .ARM.Collect$$_printf_percent$$00000012  c_w.l(_printf_l.o)
    0x080002d4   0x080002d4   0x00000006   Code   RO         4610    .ARM.Collect$$_printf_percent$$00000013  c_w.l(_printf_c.o)
    0x080002da   0x080002da   0x00000006   Code   RO         4611    .ARM.Collect$$_printf_percent$$00000014  c_w.l(_printf_s.o)
    0x080002e0   0x080002e0   0x00000006   Code   RO         4629    .ARM.Collect$$_printf_percent$$00000015  c_w.l(_printf_lc.o)
    0x080002e6   0x080002e6   0x00000006   Code   RO         4630    .ARM.Collect$$_printf_percent$$00000016  c_w.l(_printf_ls.o)
    0x080002ec   0x080002ec   0x00000004   Code   RO         4724    .ARM.Collect$$_printf_percent$$00000017  c_w.l(_printf_percent_end.o)
    0x080002f0   0x080002f0   0x00000002   Code   RO         4809    .ARM.Collect$$libinit$$00000000  c_w.l(libinit.o)
    0x080002f2   0x080002f2   0x00000004   Code   RO         4810    .ARM.Collect$$libinit$$00000001  c_w.l(libinit2.o)
    0x080002f6   0x080002f6   0x00000000   Code   RO         4813    .ARM.Collect$$libinit$$00000004  c_w.l(libinit2.o)
    0x080002f6   0x080002f6   0x00000000   Code   RO         4816    .ARM.Collect$$libinit$$0000000A  c_w.l(libinit2.o)
    0x080002f6   0x080002f6   0x00000000   Code   RO         4818    .ARM.Collect$$libinit$$0000000C  c_w.l(libinit2.o)
    0x080002f6   0x080002f6   0x00000000   Code   RO         4820    .ARM.Collect$$libinit$$0000000E  c_w.l(libinit2.o)
    0x080002f6   0x080002f6   0x00000006   Code   RO         4821    .ARM.Collect$$libinit$$0000000F  c_w.l(libinit2.o)
    0x080002fc   0x080002fc   0x00000000   Code   RO         4823    .ARM.Collect$$libinit$$00000011  c_w.l(libinit2.o)
    0x080002fc   0x080002fc   0x0000000c   Code   RO         4824    .ARM.Collect$$libinit$$00000012  c_w.l(libinit2.o)
    0x08000308   0x08000308   0x00000000   Code   RO         4825    .ARM.Collect$$libinit$$00000013  c_w.l(libinit2.o)
    0x08000308   0x08000308   0x00000000   Code   RO         4827    .ARM.Collect$$libinit$$00000015  c_w.l(libinit2.o)
    0x08000308   0x08000308   0x0000000a   Code   RO         4828    .ARM.Collect$$libinit$$00000016  c_w.l(libinit2.o)
    0x08000312   0x08000312   0x00000000   Code   RO         4829    .ARM.Collect$$libinit$$00000017  c_w.l(libinit2.o)
    0x08000312   0x08000312   0x00000000   Code   RO         4831    .ARM.Collect$$libinit$$00000019  c_w.l(libinit2.o)
    0x08000312   0x08000312   0x00000000   Code   RO         4833    .ARM.Collect$$libinit$$0000001B  c_w.l(libinit2.o)
    0x08000312   0x08000312   0x00000000   Code   RO         4835    .ARM.Collect$$libinit$$0000001D  c_w.l(libinit2.o)
    0x08000312   0x08000312   0x00000000   Code   RO         4837    .ARM.Collect$$libinit$$0000001F  c_w.l(libinit2.o)
    0x08000312   0x08000312   0x00000000   Code   RO         4839    .ARM.Collect$$libinit$$00000021  c_w.l(libinit2.o)
    0x08000312   0x08000312   0x00000000   Code   RO         4841    .ARM.Collect$$libinit$$00000023  c_w.l(libinit2.o)
    0x08000312   0x08000312   0x00000000   Code   RO         4843    .ARM.Collect$$libinit$$00000025  c_w.l(libinit2.o)
    0x08000312   0x08000312   0x00000000   Code   RO         4847    .ARM.Collect$$libinit$$0000002C  c_w.l(libinit2.o)
    0x08000312   0x08000312   0x00000000   Code   RO         4849    .ARM.Collect$$libinit$$0000002E  c_w.l(libinit2.o)
    0x08000312   0x08000312   0x00000000   Code   RO         4851    .ARM.Collect$$libinit$$00000030  c_w.l(libinit2.o)
    0x08000312   0x08000312   0x00000000   Code   RO         4853    .ARM.Collect$$libinit$$00000032  c_w.l(libinit2.o)
    0x08000312   0x08000312   0x00000002   Code   RO         4854    .ARM.Collect$$libinit$$00000033  c_w.l(libinit2.o)
    0x08000314   0x08000314   0x00000002   Code   RO         4966    .ARM.Collect$$libshutdown$$00000000  c_w.l(libshutdown.o)
    0x08000316   0x08000316   0x00000000   Code   RO         4980    .ARM.Collect$$libshutdown$$00000002  c_w.l(libshutdown2.o)
    0x08000316   0x08000316   0x00000000   Code   RO         4982    .ARM.Collect$$libshutdown$$00000004  c_w.l(libshutdown2.o)
    0x08000316   0x08000316   0x00000000   Code   RO         4984    .ARM.Collect$$libshutdown$$00000006  c_w.l(libshutdown2.o)
    0x08000316   0x08000316   0x00000000   Code   RO         4987    .ARM.Collect$$libshutdown$$00000009  c_w.l(libshutdown2.o)
    0x08000316   0x08000316   0x00000000   Code   RO         4990    .ARM.Collect$$libshutdown$$0000000C  c_w.l(libshutdown2.o)
    0x08000316   0x08000316   0x00000000   Code   RO         4992    .ARM.Collect$$libshutdown$$0000000E  c_w.l(libshutdown2.o)
    0x08000316   0x08000316   0x00000000   Code   RO         4995    .ARM.Collect$$libshutdown$$00000011  c_w.l(libshutdown2.o)
    0x08000316   0x08000316   0x00000002   Code   RO         4996    .ARM.Collect$$libshutdown$$00000012  c_w.l(libshutdown2.o)
    0x08000318   0x08000318   0x00000000   Code   RO         4533    .ARM.Collect$$rtentry$$00000000  c_w.l(__rtentry.o)
    0x08000318   0x08000318   0x00000000   Code   RO         4679    .ARM.Collect$$rtentry$$00000002  c_w.l(__rtentry2.o)
    0x08000318   0x08000318   0x00000006   Code   RO         4691    .ARM.Collect$$rtentry$$00000004  c_w.l(__rtentry4.o)
    0x0800031e   0x0800031e   0x00000000   Code   RO         4681    .ARM.Collect$$rtentry$$00000009  c_w.l(__rtentry2.o)
    0x0800031e   0x0800031e   0x00000004   Code   RO         4682    .ARM.Collect$$rtentry$$0000000A  c_w.l(__rtentry2.o)
    0x08000322   0x08000322   0x00000000   Code   RO         4684    .ARM.Collect$$rtentry$$0000000C  c_w.l(__rtentry2.o)
    0x08000322   0x08000322   0x00000008   Code   RO         4685    .ARM.Collect$$rtentry$$0000000D  c_w.l(__rtentry2.o)
    0x0800032a   0x0800032a   0x00000002   Code   RO         4871    .ARM.Collect$$rtexit$$00000000  c_w.l(rtexit.o)
    0x0800032c   0x0800032c   0x00000000   Code   RO         4915    .ARM.Collect$$rtexit$$00000002  c_w.l(rtexit2.o)
    0x0800032c   0x0800032c   0x00000004   Code   RO         4916    .ARM.Collect$$rtexit$$00000003  c_w.l(rtexit2.o)
    0x08000330   0x08000330   0x00000006   Code   RO         4917    .ARM.Collect$$rtexit$$00000004  c_w.l(rtexit2.o)
    0x08000336   0x08000336   0x00000002   PAD
    0x08000338   0x08000338   0x00000040   Code   RO            4    .text               startup_stm32f429xx.o
    0x08000378   0x08000378   0x000000ee   Code   RO         4491    .text               c_w.l(lludivv7m.o)
    0x08000466   0x08000466   0x00000002   PAD
    0x08000468   0x08000468   0x00000034   Code   RO         4493    .text               c_w.l(vsnprintf.o)
    0x0800049c   0x0800049c   0x0000003c   Code   RO         4495    .text               c_w.l(__0sscanf.o)
    0x080004d8   0x080004d8   0x000000e0   Code   RO         4497    .text               c_w.l(_scanf_str.o)
    0x080005b8   0x080005b8   0x00000016   Code   RO         4499    .text               c_w.l(abort.o)
    0x080005ce   0x080005ce   0x00000058   Code   RO         4501    .text               c_w.l(memcmp.o)
    0x08000626   0x08000626   0x0000008a   Code   RO         4503    .text               c_w.l(rt_memcpy_v6.o)
    0x080006b0   0x080006b0   0x00000064   Code   RO         4505    .text               c_w.l(rt_memcpy_w.o)
    0x08000714   0x08000714   0x0000004e   Code   RO         4507    .text               c_w.l(rt_memclr_w.o)
    0x08000762   0x08000762   0x00000002   PAD
    0x08000764   0x08000764   0x00000080   Code   RO         4509    .text               c_w.l(strcmpv7m.o)
    0x080007e4   0x080007e4   0x00000006   Code   RO         4511    .text               c_w.l(heapauxi.o)
    0x080007ea   0x080007ea   0x00000002   PAD
    0x080007ec   0x080007ec   0x0000000c   Code   RO         4531    .text               c_w.l(sys_exit.o)
    0x080007f8   0x080007f8   0x00000016   Code   RO         4538    .text               c_w.l(_rserrno.o)
    0x0800080e   0x0800080e   0x0000004e   Code   RO         4542    .text               c_w.l(_printf_pad.o)
    0x0800085c   0x0800085c   0x00000024   Code   RO         4544    .text               c_w.l(_printf_truncate.o)
    0x08000880   0x08000880   0x00000052   Code   RO         4546    .text               c_w.l(_printf_str.o)
    0x080008d2   0x080008d2   0x00000002   PAD
    0x080008d4   0x080008d4   0x00000078   Code   RO         4548    .text               c_w.l(_printf_dec.o)
    0x0800094c   0x0800094c   0x00000028   Code   RO         4550    .text               c_w.l(_printf_charcount.o)
    0x08000974   0x08000974   0x00000030   Code   RO         4552    .text               c_w.l(_printf_char_common.o)
    0x080009a4   0x080009a4   0x0000000a   Code   RO         4554    .text               c_w.l(_sputc.o)
    0x080009ae   0x080009ae   0x00000010   Code   RO         4556    .text               c_w.l(_snputc.o)
    0x080009be   0x080009be   0x00000002   PAD
    0x080009c0   0x080009c0   0x000000bc   Code   RO         4558    .text               c_w.l(_printf_wctomb.o)
    0x08000a7c   0x08000a7c   0x0000007c   Code   RO         4561    .text               c_w.l(_printf_longlong_dec.o)
    0x08000af8   0x08000af8   0x00000070   Code   RO         4567    .text               c_w.l(_printf_oct_int_ll.o)
    0x08000b68   0x08000b68   0x00000094   Code   RO         4587    .text               c_w.l(_printf_hex_int_ll_ptr.o)
    0x08000bfc   0x08000bfc   0x00000188   Code   RO         4607    .text               c_w.l(__printf_flags_ss_wp.o)
    0x08000d84   0x08000d84   0x000004f8   Code   RO         4633    .text               c_w.l(scanf_fp.o)
    0x0800127c   0x0800127c   0x0000002c   Code   RO         4635    .text               c_w.l(scanf_char.o)
    0x080012a8   0x080012a8   0x00000040   Code   RO         4637    .text               c_w.l(_sgetc.o)
    0x080012e8   0x080012e8   0x0000000e   Code   RO         4639    .text               c_w.l(defsig_abrt_outer.o)
    0x080012f6   0x080012f6   0x00000002   Code   RO         4675    .text               c_w.l(use_no_semi.o)
    0x080012f8   0x080012f8   0x00000000   Code   RO         4677    .text               c_w.l(indicate_semi.o)
    0x080012f8   0x080012f8   0x00000008   Code   RO         4700    .text               c_w.l(rt_locale_intlibspace.o)
    0x08001300   0x08001300   0x00000008   Code   RO         4705    .text               c_w.l(rt_errno_addr_intlibspace.o)
    0x08001308   0x08001308   0x0000008a   Code   RO         4707    .text               c_w.l(lludiv10.o)
    0x08001392   0x08001392   0x00000012   Code   RO         4709    .text               c_w.l(isspace.o)
    0x080013a4   0x080013a4   0x000000b2   Code   RO         4711    .text               c_w.l(_printf_intcommon.o)
    0x08001456   0x08001456   0x0000041e   Code   RO         4713    .text               c_w.l(_printf_fp_dec.o)
    0x08001874   0x08001874   0x000002fc   Code   RO         4715    .text               c_w.l(_printf_fp_hex.o)
    0x08001b70   0x08001b70   0x0000002c   Code   RO         4720    .text               c_w.l(_printf_char.o)
    0x08001b9c   0x08001b9c   0x0000002c   Code   RO         4722    .text               c_w.l(_printf_wchar.o)
    0x08001bc8   0x08001bc8   0x00000374   Code   RO         4725    .text               c_w.l(_scanf.o)
    0x08001f3c   0x08001f3c   0x000000e4   Code   RO         4727    .text               c_w.l(bigflt0.o)
    0x08002020   0x08002020   0x00000040   Code   RO         4752    .text               c_w.l(_wcrtomb.o)
    0x08002060   0x08002060   0x0000000a   Code   RO         4757    .text               c_w.l(defsig_exit.o)
    0x0800206a   0x0800206a   0x00000002   PAD
    0x0800206c   0x0800206c   0x00000030   Code   RO         4759    .text               c_w.l(defsig_abrt_inner.o)
    0x0800209c   0x0800209c   0x00000008   Code   RO         4781    .text               c_w.l(libspace.o)
    0x080020a4   0x080020a4   0x0000004a   Code   RO         4784    .text               c_w.l(sys_stackheap_outer.o)
    0x080020ee   0x080020ee   0x00000002   PAD
    0x080020f0   0x080020f0   0x00000010   Code   RO         4786    .text               c_w.l(rt_ctype_table.o)
    0x08002100   0x08002100   0x00000080   Code   RO         4788    .text               c_w.l(_printf_fp_infnan.o)
    0x08002180   0x08002180   0x00000320   Code   RO         4790    .text               c_w.l(scanf_hexfp.o)
    0x080024a0   0x080024a0   0x00000134   Code   RO         4792    .text               c_w.l(scanf_infnan.o)
    0x080025d4   0x080025d4   0x00000012   Code   RO         4794    .text               c_w.l(exit.o)
    0x080025e6   0x080025e6   0x00000032   Code   RO         4798    .text               c_w.l(defsig_general.o)
    0x08002618   0x08002618   0x0000000e   Code   RO         4869    .text               c_w.l(sys_wrch.o)
    0x08002626   0x08002626   0x00000026   Code   RO         4873    .text               c_w.l(llshl.o)
    0x0800264c   0x0800264c   0x0000001c   Code   RO         4875    .text               c_w.l(_chval.o)
    0x08002668   0x08002668   0x0000003e   Code   RO         4730    CL$$btod_d2e        c_w.l(btod.o)
    0x080026a6   0x080026a6   0x00000046   Code   RO         4732    CL$$btod_d2e_denorm_low  c_w.l(btod.o)
    0x080026ec   0x080026ec   0x00000060   Code   RO         4731    CL$$btod_d2e_norm_op1  c_w.l(btod.o)
    0x0800274c   0x0800274c   0x00000338   Code   RO         4740    CL$$btod_div_common  c_w.l(btod.o)
    0x08002a84   0x08002a84   0x00000084   Code   RO         4738    CL$$btod_e2d        c_w.l(btod.o)
    0x08002b08   0x08002b08   0x000000dc   Code   RO         4737    CL$$btod_e2e        c_w.l(btod.o)
    0x08002be4   0x08002be4   0x0000002a   Code   RO         4734    CL$$btod_ediv       c_w.l(btod.o)
    0x08002c0e   0x08002c0e   0x0000002a   Code   RO         4736    CL$$btod_edivd      c_w.l(btod.o)
    0x08002c38   0x08002c38   0x0000002a   Code   RO         4733    CL$$btod_emul       c_w.l(btod.o)
    0x08002c62   0x08002c62   0x0000002a   Code   RO         4735    CL$$btod_emuld      c_w.l(btod.o)
    0x08002c8c   0x08002c8c   0x00000244   Code   RO         4739    CL$$btod_mult_common  c_w.l(btod.o)
    0x08002ed0   0x08002ed0   0x0000006e   Code   RO          684    i.ADC_DMAConvCplt   stm32f4xx_hal_adc.o
    0x08002f3e   0x08002f3e   0x00000016   Code   RO          685    i.ADC_DMAError      stm32f4xx_hal_adc.o
    0x08002f54   0x08002f54   0x0000000a   Code   RO          686    i.ADC_DMAHalfConvCplt  stm32f4xx_hal_adc.o
    0x08002f5e   0x08002f5e   0x00000002   PAD
    0x08002f60   0x08002f60   0x0000000c   Code   RO          554    i.ADC_IRQHandler    stm32f4xx_it.o
    0x08002f6c   0x08002f6c   0x00000128   Code   RO          687    i.ADC_Init          stm32f4xx_hal_adc.o
    0x08003094   0x08003094   0x00000002   Code   RO          555    i.BusFault_Handler  stm32f4xx_it.o
    0x08003096   0x08003096   0x00000010   Code   RO         2194    i.DAC_DMAConvCpltCh1  stm32f4xx_hal_dac.o
    0x080030a6   0x080030a6   0x00000010   Code   RO         2338    i.DAC_DMAConvCpltCh2  stm32f4xx_hal_dac_ex.o
    0x080030b6   0x080030b6   0x00000018   Code   RO         2195    i.DAC_DMAErrorCh1   stm32f4xx_hal_dac.o
    0x080030ce   0x080030ce   0x00000018   Code   RO         2339    i.DAC_DMAErrorCh2   stm32f4xx_hal_dac_ex.o
    0x080030e6   0x080030e6   0x0000000a   Code   RO         2196    i.DAC_DMAHalfConvCpltCh1  stm32f4xx_hal_dac.o
    0x080030f0   0x080030f0   0x0000000a   Code   RO         2340    i.DAC_DMAHalfConvCpltCh2  stm32f4xx_hal_dac_ex.o
    0x080030fa   0x080030fa   0x00000002   PAD
    0x080030fc   0x080030fc   0x0000000c   Code   RO          556    i.DMA1_Stream5_IRQHandler  stm32f4xx_it.o
    0x08003108   0x08003108   0x0000000c   Code   RO          557    i.DMA2_Stream0_IRQHandler  stm32f4xx_it.o
    0x08003114   0x08003114   0x0000000c   Code   RO          558    i.DMA2_Stream2_IRQHandler  stm32f4xx_it.o
    0x08003120   0x08003120   0x00000028   Code   RO         1473    i.DMA_CalcBaseAndBitshift  stm32f4xx_hal_dma.o
    0x08003148   0x08003148   0x00000054   Code   RO         1474    i.DMA_CheckFifoParam  stm32f4xx_hal_dma.o
    0x0800319c   0x0800319c   0x00000028   Code   RO         1475    i.DMA_SetConfig     stm32f4xx_hal_dma.o
    0x080031c4   0x080031c4   0x00000002   Code   RO          559    i.DebugMon_Handler  stm32f4xx_it.o
    0x080031c6   0x080031c6   0x00000004   Code   RO           13    i.Error_Handler     main.o
    0x080031ca   0x080031ca   0x00000002   Code   RO          858    i.HAL_ADCEx_InjectedConvCpltCallback  stm32f4xx_hal_adc_ex.o
    0x080031cc   0x080031cc   0x00000164   Code   RO          689    i.HAL_ADC_ConfigChannel  stm32f4xx_hal_adc.o
    0x08003330   0x08003330   0x00000020   Code   RO         4093    i.HAL_ADC_ConvCpltCallback  adda_app.o
    0x08003350   0x08003350   0x00000002   Code   RO          691    i.HAL_ADC_ConvHalfCpltCallback  stm32f4xx_hal_adc.o
    0x08003352   0x08003352   0x00000002   Code   RO          693    i.HAL_ADC_ErrorCallback  stm32f4xx_hal_adc.o
    0x08003354   0x08003354   0x0000012e   Code   RO          697    i.HAL_ADC_IRQHandler  stm32f4xx_hal_adc.o
    0x08003482   0x08003482   0x00000054   Code   RO          698    i.HAL_ADC_Init      stm32f4xx_hal_adc.o
    0x080034d6   0x080034d6   0x00000002   Code   RO          699    i.HAL_ADC_LevelOutOfWindowCallback  stm32f4xx_hal_adc.o
    0x080034d8   0x080034d8   0x000000c8   Code   RO          354    i.HAL_ADC_MspInit   adc.o
    0x080035a0   0x080035a0   0x00000158   Code   RO          705    i.HAL_ADC_Start_DMA  stm32f4xx_hal_adc.o
    0x080036f8   0x080036f8   0x0000006c   Code   RO          708    i.HAL_ADC_Stop_DMA  stm32f4xx_hal_adc.o
    0x08003764   0x08003764   0x00000002   Code   RO         2341    i.HAL_DACEx_ConvCpltCallbackCh2  stm32f4xx_hal_dac_ex.o
    0x08003766   0x08003766   0x00000002   Code   RO         2342    i.HAL_DACEx_ConvHalfCpltCallbackCh2  stm32f4xx_hal_dac_ex.o
    0x08003768   0x08003768   0x00000002   Code   RO         2348    i.HAL_DACEx_ErrorCallbackCh2  stm32f4xx_hal_dac_ex.o
    0x0800376a   0x0800376a   0x0000004e   Code   RO         2197    i.HAL_DAC_ConfigChannel  stm32f4xx_hal_dac.o
    0x080037b8   0x080037b8   0x00000002   Code   RO         2198    i.HAL_DAC_ConvCpltCallbackCh1  stm32f4xx_hal_dac.o
    0x080037ba   0x080037ba   0x00000002   Code   RO         2199    i.HAL_DAC_ConvHalfCpltCallbackCh1  stm32f4xx_hal_dac.o
    0x080037bc   0x080037bc   0x00000002   Code   RO         2202    i.HAL_DAC_ErrorCallbackCh1  stm32f4xx_hal_dac.o
    0x080037be   0x080037be   0x00000028   Code   RO         2207    i.HAL_DAC_Init      stm32f4xx_hal_dac.o
    0x080037e6   0x080037e6   0x00000002   PAD
    0x080037e8   0x080037e8   0x000000a0   Code   RO          396    i.HAL_DAC_MspInit   dac.o
    0x08003888   0x08003888   0x000000e0   Code   RO         2212    i.HAL_DAC_Start_DMA  stm32f4xx_hal_dac.o
    0x08003968   0x08003968   0x00000052   Code   RO         2214    i.HAL_DAC_Stop_DMA  stm32f4xx_hal_dac.o
    0x080039ba   0x080039ba   0x00000092   Code   RO         1476    i.HAL_DMA_Abort     stm32f4xx_hal_dma.o
    0x08003a4c   0x08003a4c   0x00000024   Code   RO         1477    i.HAL_DMA_Abort_IT  stm32f4xx_hal_dma.o
    0x08003a70   0x08003a70   0x000001a0   Code   RO         1481    i.HAL_DMA_IRQHandler  stm32f4xx_hal_dma.o
    0x08003c10   0x08003c10   0x000000d4   Code   RO         1482    i.HAL_DMA_Init      stm32f4xx_hal_dma.o
    0x08003ce4   0x08003ce4   0x0000006e   Code   RO         1486    i.HAL_DMA_Start_IT  stm32f4xx_hal_dma.o
    0x08003d52   0x08003d52   0x00000002   PAD
    0x08003d54   0x08003d54   0x00000234   Code   RO         1369    i.HAL_GPIO_Init     stm32f4xx_hal_gpio.o
    0x08003f88   0x08003f88   0x0000000a   Code   RO         1371    i.HAL_GPIO_ReadPin  stm32f4xx_hal_gpio.o
    0x08003f92   0x08003f92   0x0000000a   Code   RO         1373    i.HAL_GPIO_WritePin  stm32f4xx_hal_gpio.o
    0x08003f9c   0x08003f9c   0x0000000c   Code   RO         1939    i.HAL_GetTick       stm32f4xx_hal.o
    0x08003fa8   0x08003fa8   0x00000010   Code   RO         1945    i.HAL_IncTick       stm32f4xx_hal.o
    0x08003fb8   0x08003fb8   0x00000034   Code   RO         1946    i.HAL_Init          stm32f4xx_hal.o
    0x08003fec   0x08003fec   0x00000040   Code   RO         1947    i.HAL_InitTick      stm32f4xx_hal.o
    0x0800402c   0x0800402c   0x00000030   Code   RO          660    i.HAL_MspInit       stm32f4xx_hal_msp.o
    0x0800405c   0x0800405c   0x0000001a   Code   RO         1779    i.HAL_NVIC_EnableIRQ  stm32f4xx_hal_cortex.o
    0x08004076   0x08004076   0x00000002   PAD
    0x08004078   0x08004078   0x00000040   Code   RO         1785    i.HAL_NVIC_SetPriority  stm32f4xx_hal_cortex.o
    0x080040b8   0x080040b8   0x00000024   Code   RO         1786    i.HAL_NVIC_SetPriorityGrouping  stm32f4xx_hal_cortex.o
    0x080040dc   0x080040dc   0x00000070   Code   RO         1705    i.HAL_PWREx_EnableOverDrive  stm32f4xx_hal_pwr_ex.o
    0x0800414c   0x0800414c   0x00000134   Code   RO          963    i.HAL_RCC_ClockConfig  stm32f4xx_hal_rcc.o
    0x08004280   0x08004280   0x00000020   Code   RO          970    i.HAL_RCC_GetPCLK1Freq  stm32f4xx_hal_rcc.o
    0x080042a0   0x080042a0   0x00000020   Code   RO          971    i.HAL_RCC_GetPCLK2Freq  stm32f4xx_hal_rcc.o
    0x080042c0   0x080042c0   0x00000064   Code   RO          972    i.HAL_RCC_GetSysClockFreq  stm32f4xx_hal_rcc.o
    0x08004324   0x08004324   0x0000036c   Code   RO          975    i.HAL_RCC_OscConfig  stm32f4xx_hal_rcc.o
    0x08004690   0x08004690   0x00000028   Code   RO         1790    i.HAL_SYSTICK_Config  stm32f4xx_hal_cortex.o
    0x080046b8   0x080046b8   0x00000090   Code   RO         3159    i.HAL_TIMEx_MasterConfigSynchronization  stm32f4xx_hal_tim_ex.o
    0x08004748   0x08004748   0x0000005a   Code   RO         2436    i.HAL_TIM_Base_Init  stm32f4xx_hal_tim.o
    0x080047a2   0x080047a2   0x00000002   PAD
    0x080047a4   0x080047a4   0x00000040   Code   RO          465    i.HAL_TIM_Base_MspInit  tim.o
    0x080047e4   0x080047e4   0x00000078   Code   RO         2439    i.HAL_TIM_Base_Start  stm32f4xx_hal_tim.o
    0x0800485c   0x0800485c   0x00000026   Code   RO         2442    i.HAL_TIM_Base_Stop  stm32f4xx_hal_tim.o
    0x08004882   0x08004882   0x000000dc   Code   RO         2445    i.HAL_TIM_ConfigClockSource  stm32f4xx_hal_tim.o
    0x0800495e   0x0800495e   0x0000004a   Code   RO         3417    i.HAL_UARTEx_ReceiveToIdle_DMA  stm32f4xx_hal_uart.o
    0x080049a8   0x080049a8   0x0000004c   Code   RO         4010    i.HAL_UARTEx_RxEventCallback  usart_app.o
    0x080049f4   0x080049f4   0x00000070   Code   RO         3431    i.HAL_UART_DMAStop  stm32f4xx_hal_uart.o
    0x08004a64   0x08004a64   0x00000002   Code   RO         3433    i.HAL_UART_ErrorCallback  stm32f4xx_hal_uart.o
    0x08004a66   0x08004a66   0x00000002   PAD
    0x08004a68   0x08004a68   0x00000280   Code   RO         3436    i.HAL_UART_IRQHandler  stm32f4xx_hal_uart.o
    0x08004ce8   0x08004ce8   0x00000064   Code   RO         3437    i.HAL_UART_Init     stm32f4xx_hal_uart.o
    0x08004d4c   0x08004d4c   0x000000b0   Code   RO          513    i.HAL_UART_MspInit  usart.o
    0x08004dfc   0x08004dfc   0x00000002   Code   RO         3443    i.HAL_UART_RxCpltCallback  stm32f4xx_hal_uart.o
    0x08004dfe   0x08004dfe   0x00000002   Code   RO         3444    i.HAL_UART_RxHalfCpltCallback  stm32f4xx_hal_uart.o
    0x08004e00   0x08004e00   0x000000a0   Code   RO         3445    i.HAL_UART_Transmit  stm32f4xx_hal_uart.o
    0x08004ea0   0x08004ea0   0x00000002   Code   RO         3448    i.HAL_UART_TxCpltCallback  stm32f4xx_hal_uart.o
    0x08004ea2   0x08004ea2   0x00000002   Code   RO          560    i.HardFault_Handler  stm32f4xx_it.o
    0x08004ea4   0x08004ea4   0x00000078   Code   RO          355    i.MX_ADC1_Init      adc.o
    0x08004f1c   0x08004f1c   0x0000003c   Code   RO          397    i.MX_DAC_Init       dac.o
    0x08004f58   0x08004f58   0x0000005c   Code   RO          437    i.MX_DMA_Init       dma.o
    0x08004fb4   0x08004fb4   0x000000d8   Code   RO          221    i.MX_GPIO_Init      gpio.o
    0x0800508c   0x0800508c   0x00000068   Code   RO          466    i.MX_TIM3_Init      tim.o
    0x080050f4   0x080050f4   0x00000044   Code   RO          467    i.MX_TIM6_Init      tim.o
    0x08005138   0x08005138   0x00000038   Code   RO          514    i.MX_USART1_UART_Init  usart.o
    0x08005170   0x08005170   0x00000002   Code   RO          561    i.MemManage_Handler  stm32f4xx_it.o
    0x08005172   0x08005172   0x00000002   Code   RO          562    i.NMI_Handler       stm32f4xx_it.o
    0x08005174   0x08005174   0x00000002   Code   RO          563    i.PendSV_Handler    stm32f4xx_it.o
    0x08005176   0x08005176   0x00000002   Code   RO          564    i.SVC_Handler       stm32f4xx_it.o
    0x08005178   0x08005178   0x00000004   Code   RO          565    i.SysTick_Handler   stm32f4xx_it.o
    0x0800517c   0x0800517c   0x0000009c   Code   RO           14    i.SystemClock_Config  main.o
    0x08005218   0x08005218   0x00000010   Code   RO         3771    i.SystemInit        system_stm32f4xx.o
    0x08005228   0x08005228   0x000000d0   Code   RO         2529    i.TIM_Base_SetConfig  stm32f4xx_hal_tim.o
    0x080052f8   0x080052f8   0x00000014   Code   RO         2540    i.TIM_ETR_SetConfig  stm32f4xx_hal_tim.o
    0x0800530c   0x0800530c   0x00000010   Code   RO         2541    i.TIM_ITRx_SetConfig  stm32f4xx_hal_tim.o
    0x0800531c   0x0800531c   0x00000022   Code   RO         2547    i.TIM_TI1_ConfigInputStage  stm32f4xx_hal_tim.o
    0x0800533e   0x0800533e   0x00000024   Code   RO         2549    i.TIM_TI2_ConfigInputStage  stm32f4xx_hal_tim.o
    0x08005362   0x08005362   0x0000000e   Code   RO         3450    i.UART_DMAAbortOnError  stm32f4xx_hal_uart.o
    0x08005370   0x08005370   0x0000004a   Code   RO         3451    i.UART_DMAError     stm32f4xx_hal_uart.o
    0x080053ba   0x080053ba   0x00000086   Code   RO         3452    i.UART_DMAReceiveCplt  stm32f4xx_hal_uart.o
    0x08005440   0x08005440   0x0000001e   Code   RO         3454    i.UART_DMARxHalfCplt  stm32f4xx_hal_uart.o
    0x0800545e   0x0800545e   0x0000004e   Code   RO         3460    i.UART_EndRxTransfer  stm32f4xx_hal_uart.o
    0x080054ac   0x080054ac   0x0000001c   Code   RO         3461    i.UART_EndTxTransfer  stm32f4xx_hal_uart.o
    0x080054c8   0x080054c8   0x000000c2   Code   RO         3462    i.UART_Receive_IT   stm32f4xx_hal_uart.o
    0x0800558a   0x0800558a   0x00000002   PAD
    0x0800558c   0x0800558c   0x0000010c   Code   RO         3463    i.UART_SetConfig    stm32f4xx_hal_uart.o
    0x08005698   0x08005698   0x000000a0   Code   RO         3464    i.UART_Start_Receive_DMA  stm32f4xx_hal_uart.o
    0x08005738   0x08005738   0x00000072   Code   RO         3466    i.UART_WaitOnFlagUntilTimeout  stm32f4xx_hal_uart.o
    0x080057aa   0x080057aa   0x00000002   PAD
    0x080057ac   0x080057ac   0x0000000c   Code   RO          566    i.USART1_IRQHandler  stm32f4xx_it.o
    0x080057b8   0x080057b8   0x00000002   Code   RO          567    i.UsageFault_Handler  stm32f4xx_it.o
    0x080057ba   0x080057ba   0x00000030   Code   RO         4861    i.__ARM_fpclassify  m_wm.l(fpclassify.o)
    0x080057ea   0x080057ea   0x00000026   Code   RO         4656    i.__ARM_fpclassifyf  m_wm.l(fpclassifyf.o)
    0x08005810   0x08005810   0x00000020   Code   RO         1792    i.__NVIC_SetPriority  stm32f4xx_hal_cortex.o
    0x08005830   0x08005830   0x000000f8   Code   RO         4773    i.__hardfp___mathlib_tofloat  m_wm.l(narrow.o)
    0x08005928   0x08005928   0x000000d0   Code   RO         4898    i.__hardfp_ldexp    m_wm.l(ldexp.o)
    0x080059f8   0x080059f8   0x00000190   Code   RO         4519    i.__hardfp_sinf     m_wm.l(sinf.o)
    0x08005b88   0x08005b88   0x00000020   Code   RO         4945    i.__mathlib_dbl_overflow  m_wm.l(dunder.o)
    0x08005ba8   0x08005ba8   0x00000020   Code   RO         4947    i.__mathlib_dbl_underflow  m_wm.l(dunder.o)
    0x08005bc8   0x08005bc8   0x00000006   Code   RO         4659    i.__mathlib_flt_infnan  m_wm.l(funder.o)
    0x08005bce   0x08005bce   0x00000002   PAD
    0x08005bd0   0x08005bd0   0x00000010   Code   RO         4661    i.__mathlib_flt_invalid  m_wm.l(funder.o)
    0x08005be0   0x08005be0   0x00000010   Code   RO         4664    i.__mathlib_flt_underflow  m_wm.l(funder.o)
    0x08005bf0   0x08005bf0   0x00000012   Code   RO         4774    i.__mathlib_narrow  m_wm.l(narrow.o)
    0x08005c02   0x08005c02   0x00000002   PAD
    0x08005c04   0x08005c04   0x00000154   Code   RO         4672    i.__mathlib_rredf2  m_wm.l(rredf.o)
    0x08005d58   0x08005d58   0x00000014   Code   RO         4900    i.__support_ldexp   m_wm.l(ldexp.o)
    0x08005d6c   0x08005d6c   0x0000000e   Code   RO         4600    i._is_digit         c_w.l(__printf_wp.o)
    0x08005d7a   0x08005d7a   0x00000002   PAD
    0x08005d7c   0x08005d7c   0x00000038   Code   RO         4094    i.adc_split_channels  adda_app.o
    0x08005db4   0x08005db4   0x00000034   Code   RO         4095    i.adc_start_dma_capture  adda_app.o
    0x08005de8   0x08005de8   0x00000034   Code   RO         4096    i.adc_task          adda_app.o
    0x08005e1c   0x08005e1c   0x00000014   Code   RO         4097    i.adc_tim_dma_init  adda_app.o
    0x08005e30   0x08005e30   0x00000088   Code   RO         4098    i.adc_update_pot_value  adda_app.o
    0x08005eb8   0x08005eb8   0x00000026   Code   RO         4259    i.bit_array_and     ebtn.o
    0x08005ede   0x08005ede   0x0000001e   Code   RO         4260    i.bit_array_assign  ebtn.o
    0x08005efc   0x08005efc   0x0000000c   Code   RO         4261    i.bit_array_cmp     ebtn.o
    0x08005f08   0x08005f08   0x00000012   Code   RO         4262    i.bit_array_get     ebtn.o
    0x08005f1a   0x08005f1a   0x00000020   Code   RO         4099    i.clamp_float       adda_app.o
    0x08005f3a   0x08005f3a   0x00000002   PAD
    0x08005f3c   0x08005f3c   0x00000040   Code   RO         4100    i.dac_wave_restart  adda_app.o
    0x08005f7c   0x08005f7c   0x00000016   Code   RO         4264    i.ebtn_combo_btn_add_btn_by_idx  ebtn.o
    0x08005f92   0x08005f92   0x00000002   PAD
    0x08005f94   0x08005f94   0x00000040   Code   RO         4271    i.ebtn_get_btn_index_by_key_id  ebtn.o
    0x08005fd4   0x08005fd4   0x00000040   Code   RO         4273    i.ebtn_init         ebtn.o
    0x08006014   0x08006014   0x00000064   Code   RO         4277    i.ebtn_process      ebtn.o
    0x08006078   0x08006078   0x0000002e   Code   RO         4278    i.ebtn_process_btn  ebtn.o
    0x080060a6   0x080060a6   0x00000002   PAD
    0x080060a8   0x080060a8   0x000000ac   Code   RO         4279    i.ebtn_process_btn_combo  ebtn.o
    0x08006154   0x08006154   0x000000b4   Code   RO         4280    i.ebtn_process_with_curr_state  ebtn.o
    0x08006208   0x08006208   0x0000000e   Code   RO         3948    i.ebtn_task         btn_app.o
    0x08006216   0x08006216   0x00000002   PAD
    0x08006218   0x08006218   0x0000008c   Code   RO         4865    i.frexp             m_wm.l(frexp.o)
    0x080062a4   0x080062a4   0x00000048   Code   RO         3949    i.is_button_pressed  btn_app.o
    0x080062ec   0x080062ec   0x0000003a   Code   RO         3950    i.is_combo_forming  btn_app.o
    0x08006326   0x08006326   0x00000002   PAD
    0x08006328   0x08006328   0x00000020   Code   RO         3912    i.key_process_simple  key_app.o
    0x08006348   0x08006348   0x0000005c   Code   RO         3913    i.key_read_raw      key_app.o
    0x080063a4   0x080063a4   0x00000080   Code   RO         3875    i.led_disp          led_app.o
    0x08006424   0x08006424   0x0000000c   Code   RO         3876    i.led_task          led_app.o
    0x08006430   0x08006430   0x0000003e   Code   RO           15    i.main              main.o
    0x0800646e   0x0800646e   0x00000002   PAD
    0x08006470   0x08006470   0x00000084   Code   RO         3951    i.my_ebtn_init      btn_app.o
    0x080064f4   0x080064f4   0x00000048   Code   RO         3952    i.my_get_key_state  btn_app.o
    0x0800653c   0x0800653c   0x00000048   Code   RO         3953    i.my_handle_key_event  btn_app.o
    0x08006584   0x08006584   0x0000003c   Code   RO         4011    i.my_printf         usart_app.o
    0x080065c0   0x080065c0   0x0000014c   Code   RO         4282    i.prv_process_btn   ebtn.o
    0x0800670c   0x0800670c   0x00000038   Code   RO         4012    i.ringbuffer_init   usart_app.o
    0x08006744   0x08006744   0x00000030   Code   RO         4410    i.rt_ringbuffer_data_len  ringbuffer.o
    0x08006774   0x08006774   0x00000074   Code   RO         4411    i.rt_ringbuffer_get  ringbuffer.o
    0x080067e8   0x080067e8   0x00000030   Code   RO         4413    i.rt_ringbuffer_init  ringbuffer.o
    0x08006818   0x08006818   0x00000078   Code   RO         4415    i.rt_ringbuffer_put  ringbuffer.o
    0x08006890   0x08006890   0x00000020   Code   RO         4420    i.rt_ringbuffer_status  ringbuffer.o
    0x080068b0   0x080068b0   0x0000000c   Code   RO         3808    i.scheduler_init    scheduler.o
    0x080068bc   0x080068bc   0x0000003c   Code   RO         3809    i.scheduler_run     scheduler.o
    0x080068f8   0x080068f8   0x00000290   Code   RO         4013    i.uart_cmd_parse    usart_app.o
    0x08006b88   0x08006b88   0x00000084   Code   RO         4014    i.uart_feed_bytes   usart_app.o
    0x08006c0c   0x08006c0c   0x000000dc   Code   RO         4015    i.uart_print_help   usart_app.o
    0x08006ce8   0x08006ce8   0x000000f8   Code   RO         4016    i.uart_print_status  usart_app.o
    0x08006de0   0x08006de0   0x0000003c   Code   RO         4017    i.uart_task         usart_app.o
    0x08006e1c   0x08006e1c   0x00000024   Code   RO         4101    i.wave_analyze_current_buffer  adda_app.o
    0x08006e40   0x08006e40   0x000000ac   Code   RO         4102    i.wave_calc_freq    adda_app.o
    0x08006eec   0x08006eec   0x00000070   Code   RO         4103    i.wave_calc_vpp     adda_app.o
    0x08006f5c   0x08006f5c   0x0000005c   Code   RO         4104    i.wave_ctrl_init    adda_app.o
    0x08006fb8   0x08006fb8   0x00000044   Code   RO         4105    i.wave_find_first_cross  adda_app.o
    0x08006ffc   0x08006ffc   0x00000120   Code   RO         4106    i.wave_generate_table  adda_app.o
    0x0800711c   0x0800711c   0x000001c8   Code   RO         4107    i.wave_identify_by_template  adda_app.o
    0x080072e4   0x080072e4   0x00000080   Code   RO         4109    i.wave_key_task     adda_app.o
    0x08007364   0x08007364   0x000000d8   Code   RO         4110    i.wave_print_two_periods  adda_app.o
    0x0800743c   0x0800743c   0x00000054   Code   RO         4111    i.wave_refresh_measurement_now  adda_app.o
    0x08007490   0x08007490   0x00000084   Code   RO         4112    i.wave_set_frequency  adda_app.o
    0x08007514   0x08007514   0x00000020   Code   RO         4113    i.wave_set_period   adda_app.o
    0x08007534   0x08007534   0x00000024   Code   RO         4114    i.wave_set_type     adda_app.o
    0x08007558   0x08007558   0x00000034   Code   RO         4115    i.wave_set_vpp      adda_app.o
    0x0800758c   0x0800758c   0x00000040   Code   RO         4116    i.wave_type_to_string  adda_app.o
    0x080075cc   0x080075cc   0x0000002c   Code   RO         4755    locale$$code        c_w.l(lc_numeric_c.o)
    0x080075f8   0x080075f8   0x0000002c   Code   RO         4878    locale$$code        c_w.l(lc_ctype_c.o)
    0x08007624   0x08007624   0x00000062   Code   RO         4855    x$fpl$d2f           fz_wm.l(d2f.o)
    0x08007686   0x08007686   0x00000002   PAD
    0x08007688   0x08007688   0x00000010   Code   RO         4973    x$fpl$dcheck1       fz_wm.l(dcheck1.o)
    0x08007698   0x08007698   0x00000018   Code   RO         4886    x$fpl$dcmpinf       fz_wm.l(dcmpi.o)
    0x080076b0   0x080076b0   0x00000078   Code   RO         4857    x$fpl$deqf          fz_wm.l(deqf.o)
    0x08007728   0x08007728   0x00000078   Code   RO         4888    x$fpl$dleqf         fz_wm.l(dleqf.o)
    0x080077a0   0x080077a0   0x00000154   Code   RO         4890    x$fpl$dmul          fz_wm.l(dmul.o)
    0x080078f4   0x080078f4   0x0000009c   Code   RO         4892    x$fpl$dnaninf       fz_wm.l(dnaninf.o)
    0x08007990   0x08007990   0x0000000c   Code   RO         4643    x$fpl$dretinf       fz_wm.l(dretinf.o)
    0x0800799c   0x0800799c   0x0000006c   Code   RO         4859    x$fpl$drleqf        fz_wm.l(drleqf.o)
    0x08007a08   0x08007a08   0x00000056   Code   RO         4515    x$fpl$f2d           fz_wm.l(f2d.o)
    0x08007a5e   0x08007a5e   0x0000008c   Code   RO         4645    x$fpl$fnaninf       fz_wm.l(fnaninf.o)
    0x08007aea   0x08007aea   0x0000000a   Code   RO         4894    x$fpl$fpinit        fz_wm.l(fpinit.o)
    0x08007af4   0x08007af4   0x0000000a   Code   RO         4896    x$fpl$fretinf       fz_wm.l(fretinf.o)
    0x08007afe   0x08007afe   0x00000006   Code   RO         4765    x$fpl$ieeestatus    fz_wm.l(istatus.o)
    0x08007b04   0x08007b04   0x00000004   Code   RO         4647    x$fpl$printf1       fz_wm.l(printf1.o)
    0x08007b08   0x08007b08   0x00000004   Code   RO         4649    x$fpl$printf2       fz_wm.l(printf2.o)
    0x08007b0c   0x08007b0c   0x00000064   Code   RO         4997    x$fpl$retnan        fz_wm.l(retnan.o)
    0x08007b70   0x08007b70   0x0000005c   Code   RO         4939    x$fpl$scalbn        fz_wm.l(scalbn.o)
    0x08007bcc   0x08007bcc   0x00000004   Code   RO         4517    x$fpl$scanf1        fz_wm.l(scanf1.o)
    0x08007bd0   0x08007bd0   0x00000008   Code   RO         4767    x$fpl$scanf2        fz_wm.l(scanf2.o)
    0x08007bd8   0x08007bd8   0x00000030   Code   RO         4999    x$fpl$trapveneer    fz_wm.l(trapv.o)
    0x08007c08   0x08007c08   0x00000000   Code   RO         4655    x$fpl$usenofp       fz_wm.l(usenofp.o)
    0x08007c08   0x08007c08   0x00000008   Data   RO         1488    .constdata          stm32f4xx_hal_dma.o
    0x08007c10   0x08007c10   0x00000010   Data   RO         3772    .constdata          system_stm32f4xx.o
    0x08007c20   0x08007c20   0x00000008   Data   RO         3773    .constdata          system_stm32f4xx.o
    0x08007c28   0x08007c28   0x0000000e   Data   RO         3954    .constdata          btn_app.o
    0x08007c36   0x08007c36   0x00000002   PAD
    0x08007c38   0x08007c38   0x00000008   Data   RO         4559    .constdata          c_w.l(_printf_wctomb.o)
    0x08007c40   0x08007c40   0x00000028   Data   RO         4588    .constdata          c_w.l(_printf_hex_int_ll_ptr.o)
    0x08007c68   0x08007c68   0x00000011   Data   RO         4608    .constdata          c_w.l(__printf_flags_ss_wp.o)
    0x08007c79   0x08007c79   0x00000003   PAD
    0x08007c7c   0x08007c7c   0x00000020   Data   RO         4673    .constdata          m_wm.l(rredf.o)
    0x08007c9c   0x08007c9c   0x00000026   Data   RO         4716    .constdata          c_w.l(_printf_fp_hex.o)
    0x08007cc2   0x08007cc2   0x00000002   PAD
    0x08007cc4   0x08007cc4   0x00000094   Data   RO         4728    .constdata          c_w.l(bigflt0.o)
    0x08007d58   0x08007d58   0x00000046   Data   RO         4019    .conststring        usart_app.o
    0x08007d9e   0x08007d9e   0x00000002   PAD
    0x08007da0   0x08007da0   0x00000020   Data   RO         5001    Region$$Table       anon$$obj.o
    0x08007dc0   0x08007dc0   0x00000008   Data   RO         4761    c$$dinf             fz_wm.l(fpconst.o)
    0x08007dc8   0x08007dc8   0x00000008   Data   RO         4764    c$$dmax             fz_wm.l(fpconst.o)
    0x08007dd0   0x08007dd0   0x0000001c   Data   RO         4754    locale$$data        c_w.l(lc_numeric_c.o)
    0x08007dec   0x08007dec   0x00000110   Data   RO         4877    locale$$data        c_w.l(lc_ctype_c.o)


    Execution Region RW_IRAM1 (Exec base: 0x20000000, Load base: 0x08007efc, Size: 0x00004598, Max: 0x00030000, ABSOLUTE, COMPRESSED[0x00000054])

    Exec Addr    Load Addr    Size         Type   Attr      Idx    E Section Name        Object

    0x20000000   COMPRESSED   0x0000000c   Data   RW         1953    .data               stm32f4xx_hal.o
    0x2000000c   COMPRESSED   0x00000004   Data   RW         3774    .data               system_stm32f4xx.o
    0x20000010   COMPRESSED   0x0000004c   Data   RW         3810    .data               scheduler.o
    0x2000005c   COMPRESSED   0x00000007   Data   RW         3878    .data               led_app.o
    0x20000063   COMPRESSED   0x00000004   Data   RW         3914    .data               key_app.o
    0x20000067   COMPRESSED   0x00000001   PAD
    0x20000068   COMPRESSED   0x00000118   Data   RW         3955    .data               btn_app.o
    0x20000180   COMPRESSED   0x00000002   Data   RW         4020    .data               usart_app.o
    0x20000182   COMPRESSED   0x00000002   PAD
    0x20000184        -       0x000000a8   Zero   RW          356    .bss                adc.o
    0x2000022c        -       0x00000074   Zero   RW          398    .bss                dac.o
    0x200002a0        -       0x00000090   Zero   RW          468    .bss                tim.o
    0x20000330        -       0x000000a8   Zero   RW          515    .bss                usart.o
    0x200003d8        -       0x0000038c   Zero   RW         4018    .bss                usart_app.o
    0x20000764        -       0x000037a8   Zero   RW         4117    .bss                adda_app.o
    0x20003f0c        -       0x00000028   Zero   RW         4283    .bss                ebtn.o
    0x20003f34        -       0x00000060   Zero   RW         4782    .bss                c_w.l(libspace.o)
    0x20003f94   COMPRESSED   0x00000004   PAD
    0x20003f98        -       0x00000200   Zero   RW            2    HEAP                startup_stm32f429xx.o
    0x20004198        -       0x00000400   Zero   RW            1    STACK               startup_stm32f429xx.o


==============================================================================

Image component sizes


      Code (inc. data)   RO Data    RW Data    ZI Data      Debug   Object Name

       320         34          0          0        168       1811   adc.o
      2412        426          0          0      14248      17125   adda_app.o
       420         56         14        280          0      11498   btn_app.o
       220         30          0          0        116       1717   dac.o
        92          4          0          0          0        810   dma.o
      1078         28          0          0         40      17420   ebtn.o
       216         18          0          0          0     772703   gpio.o
       124         12          0          4          0       1446   key_app.o
       140         20          0          7          0       1759   led_app.o
       222          8          0          0          0     770684   main.o
       364          0          0          0          0       6139   ringbuffer.o
        72          8          0         76          0       1620   scheduler.o
        64         26        428          0       1536        836   startup_stm32f429xx.o
       144         24          0         12          0       8857   stm32f4xx_hal.o
      1638         72          0          0          0       9177   stm32f4xx_hal_adc.o
         2          0          0          0          0        965   stm32f4xx_hal_adc_ex.o
       198         14          0          0          0      33759   stm32f4xx_hal_cortex.o
       480         24          0          0          0       7285   stm32f4xx_hal_dac.o
        56          0          0          0          0       3873   stm32f4xx_hal_dac_ex.o
      1084         16          8          0          0       7266   stm32f4xx_hal_dma.o
       584         54          0          0          0       2835   stm32f4xx_hal_gpio.o
        48          6          0          0          0        842   stm32f4xx_hal_msp.o
       112         14          0          0          0       1268   stm32f4xx_hal_pwr_ex.o
      1348         76          0          0          0       5204   stm32f4xx_hal_rcc.o
       782         74          0          0          0       7548   stm32f4xx_hal_tim.o
       144         28          0          0          0       1356   stm32f4xx_hal_tim_ex.o
      2188         28          0          0          0      15548   stm32f4xx_hal_uart.o
        80         30          0          0          0       6405   stm32f4xx_it.o
        16          4         24          4          0       1103   system_stm32f4xx.o
       236         30          0          0        144       2251   tim.o
       232         28          0          0        168       1789   usart.o
      1508        596         70          2        908       8694   usart_app.o

    ----------------------------------------------------------------------
     16654       1788        580        388      17328    1731593   Object Totals
         0          0         32          0          0          0   (incl. Generated)
        30          0          4          3          0          0   (incl. Padding)

    ----------------------------------------------------------------------

      Code (inc. data)   RO Data    RW Data    ZI Data      Debug   Library Member Name

        60          8          0          0          0         84   __0sscanf.o
        90          0          0          0          0          0   __dczerorl2.o
         8          0          0          0          0         68   __main.o
       392          4         17          0          0         92   __printf_flags_ss_wp.o
        14          0          0          0          0         68   __printf_wp.o
         0          0          0          0          0          0   __rtentry.o
        12          0          0          0          0          0   __rtentry2.o
         6          0          0          0          0          0   __rtentry4.o
        52          8          0          0          0          0   __scatter.o
        28          0          0          0          0          0   __scatter_zi.o
        28          0          0          0          0         68   _chval.o
         6          0          0          0          0          0   _printf_a.o
         6          0          0          0          0          0   _printf_c.o
        44          0          0          0          0        108   _printf_char.o
        48          6          0          0          0         96   _printf_char_common.o
        40          0          0          0          0         68   _printf_charcount.o
         6          0          0          0          0          0   _printf_d.o
       120         16          0          0          0         92   _printf_dec.o
         6          0          0          0          0          0   _printf_e.o
         6          0          0          0          0          0   _printf_f.o
      1054          0          0          0          0        216   _printf_fp_dec.o
       764          8         38          0          0        100   _printf_fp_hex.o
       128         16          0          0          0         84   _printf_fp_infnan.o
         6          0          0          0          0          0   _printf_g.o
       148          4         40          0          0        160   _printf_hex_int_ll_ptr.o
         6          0          0          0          0          0   _printf_i.o
       178          0          0          0          0         88   _printf_intcommon.o
        10          0          0          0          0          0   _printf_l.o
         6          0          0          0          0          0   _printf_lc.o
        10          0          0          0          0          0   _printf_ll.o
         6          0          0          0          0          0   _printf_lld.o
         6          0          0          0          0          0   _printf_lli.o
         6          0          0          0          0          0   _printf_llo.o
         6          0          0          0          0          0   _printf_llu.o
         6          0          0          0          0          0   _printf_llx.o
       124         16          0          0          0         92   _printf_longlong_dec.o
         6          0          0          0          0          0   _printf_ls.o
         6          0          0          0          0          0   _printf_n.o
         6          0          0          0          0          0   _printf_o.o
       112         10          0          0          0        124   _printf_oct_int_ll.o
         6          0          0          0          0          0   _printf_p.o
        78          0          0          0          0        108   _printf_pad.o
         0          0          0          0          0          0   _printf_percent.o
         4          0          0          0          0          0   _printf_percent_end.o
         6          0          0          0          0          0   _printf_s.o
        82          0          0          0          0         80   _printf_str.o
        36          0          0          0          0         84   _printf_truncate.o
         6          0          0          0          0          0   _printf_u.o
        44          0          0          0          0        108   _printf_wchar.o
       188          6          8          0          0         92   _printf_wctomb.o
         6          0          0          0          0          0   _printf_x.o
        22          0          0          0          0        100   _rserrno.o
       884          4          0          0          0        100   _scanf.o
       224          0          0          0          0         96   _scanf_str.o
        64          0          0          0          0         84   _sgetc.o
        16          0          0          0          0         68   _snputc.o
        10          0          0          0          0         68   _sputc.o
        64          0          0          0          0         92   _wcrtomb.o
        22          0          0          0          0         80   abort.o
       228          4        148          0          0         96   bigflt0.o
      2152        136          0          0          0        960   btod.o
        48         34          0          0          0         76   defsig_abrt_inner.o
        14          0          0          0          0         80   defsig_abrt_outer.o
        10          0          0          0          0         68   defsig_exit.o
        50          0          0          0          0         88   defsig_general.o
        18          0          0          0          0         80   exit.o
         6          0          0          0          0        152   heapauxi.o
         0          0          0          0          0          0   indicate_semi.o
        18          0          0          0          0         76   isspace.o
        44         10        272          0          0         76   lc_ctype_c.o
        44         10         28          0          0         76   lc_numeric_c.o
         2          0          0          0          0          0   libinit.o
        34          0          0          0          0          0   libinit2.o
         2          0          0          0          0          0   libshutdown.o
         2          0          0          0          0          0   libshutdown2.o
         8          4          0          0         96         68   libspace.o
        38          0          0          0          0         68   llshl.o
       138          0          0          0          0         80   lludiv10.o
       238          0          0          0          0        100   lludivv7m.o
        88          0          0          0          0         76   memcmp.o
        16          4          0          0          0         76   rt_ctype_table.o
         8          4          0          0          0         68   rt_errno_addr_intlibspace.o
         8          4          0          0          0         68   rt_locale_intlibspace.o
        78          0          0          0          0         80   rt_memclr_w.o
       138          0          0          0          0         68   rt_memcpy_v6.o
       100          0          0          0          0         80   rt_memcpy_w.o
         2          0          0          0          0          0   rtexit.o
        10          0          0          0          0          0   rtexit2.o
        44          8          0          0          0         84   scanf_char.o
      1272         16          0          0          0        168   scanf_fp.o
       800         14          0          0          0        100   scanf_hexfp.o
       308         16          0          0          0        100   scanf_infnan.o
       128          0          0          0          0         68   strcmpv7m.o
        12          4          0          0          0         68   sys_exit.o
        74          0          0          0          0         80   sys_stackheap_outer.o
        14          0          0          0          0         76   sys_wrch.o
         2          0          0          0          0         68   use_no_semi.o
        52          4          0          0          0         80   vsnprintf.o
        98          4          0          0          0        140   d2f.o
        16          4          0          0          0        116   dcheck1.o
        24          0          0          0          0        116   dcmpi.o
       120          4          0          0          0        140   deqf.o
       120          4          0          0          0        140   dleqf.o
       340         12          0          0          0        152   dmul.o
       156          4          0          0          0        140   dnaninf.o
        12          0          0          0          0        116   dretinf.o
       108          0          0          0          0        128   drleqf.o
        86          4          0          0          0        132   f2d.o
       140          4          0          0          0        132   fnaninf.o
         0          0         16          0          0          0   fpconst.o
        10          0          0          0          0        116   fpinit.o
        10          0          0          0          0        116   fretinf.o
         6          0          0          0          0        116   istatus.o
         4          0          0          0          0        116   printf1.o
         4          0          0          0          0        116   printf2.o
       100          0          0          0          0        116   retnan.o
        92          0          0          0          0        116   scalbn.o
         4          0          0          0          0        116   scanf1.o
         8          0          0          0          0        132   scanf2.o
        48          0          0          0          0        116   trapv.o
         0          0          0          0          0          0   usenofp.o
        64         16          0          0          0        248   dunder.o
        48          0          0          0          0        124   fpclassify.o
        38          0          0          0          0        116   fpclassifyf.o
       140         22          0          0          0        132   frexp.o
        38         12          0          0          0        348   funder.o
       228          8          0          0          0        308   ldexp.o
       266         16          0          0          0        308   narrow.o
       340         24         32          0          0        160   rredf.o
       400         56          0          0          0        212   sinf.o

    ----------------------------------------------------------------------
     14670        572        604          0        100      10904   Library Totals
        26          0          5          0          4          0   (incl. Padding)

    ----------------------------------------------------------------------

      Code (inc. data)   RO Data    RW Data    ZI Data      Debug   Library Name

     11576        378        551          0         96       6320   c_w.l
      1506         40         16          0          0       2628   fz_wm.l
      1562        154         32          0          0       1956   m_wm.l

    ----------------------------------------------------------------------
     14670        572        604          0        100      10904   Library Totals

    ----------------------------------------------------------------------

==============================================================================


      Code (inc. data)   RO Data    RW Data    ZI Data      Debug   

     31324       2360       1184        388      17428    1719061   Grand Totals
     31324       2360       1184         84      17428    1719061   ELF Image Totals (compressed)
     31324       2360       1184         84          0          0   ROM Totals

==============================================================================

    Total RO  Size (Code + RO Data)                32508 (  31.75kB)
    Total RW  Size (RW Data + ZI Data)             17816 (  17.40kB)
    Total ROM Size (Code + RO Data + RW Data)      32592 (  31.83kB)

==============================================================================

