<html>
<body>
<pre>
<h1>µVision Build Log</h1>
<h2>Tool Versions:</h2>
IDE-Version: ¦ÌVision V5.41.0.0
Copyright (C) 2024 ARM Ltd and ARM Germany GmbH. All rights reserved.
License Information: 1 Voyager, 1, LIC=KRMW3-AL82N-FWD2N-YHFV1-AKNDN-72BAN
 
Tool Versions:
Toolchain:       MDK-ARM Plus  Version: 5.41.0.0
Toolchain Path:  D:\Keil_v5\ARM\ARMCC\Bin
C Compiler:      Armcc.exe V5.06 update 7 (build 960)
Assembler:       Armasm.exe V5.06 update 7 (build 960)
Linker/Locator:  ArmLink.exe V5.06 update 7 (build 960)
Library Manager: ArmAr.exe V5.06 update 7 (build 960)
Hex Converter:   FromElf.exe V5.06 update 7 (build 960)
CPU DLL:         SARMCM3.DLL V5.41.0.0
Dialog DLL:      DCM.DLL V1.17.5.0
Target DLL:      CMSIS_AGDI.dll V1.33.21.0
Dialog DLL:      TCM.DLL V1.56.4.0
 
<h2>Project:</h2>
E:\2_Code\GD32\GD32_Demo_06\MDK-ARM\GD32_Demo_01.uvprojx
Project File Date:  04/23/2026

<h2>Output:</h2>
*** Using Compiler 'V5.06 update 7 (build 960)', folder: 'D:\Keil_v5\ARM\ARMCC\Bin'
Build target 'GD32_Demo_01'
Note: source file '..\Component\ebtn\ebtn.c' - object file renamed from 'GD32_Demo_01\ebtn.o' to 'GD32_Demo_01\ebtn_1.o'.
Note: source file '..\Component\ringbuffer\ringbuffer.c' - object file renamed from 'GD32_Demo_01\ringbuffer.o' to 'GD32_Demo_01\ringbuffer_1.o'.
compiling WouoUI_anim.c...
compiling WouoUI.c...
..\Component\WouoUI_Page\WouoUI_page.h(154): warning:  #1215-D: #warning directive: "The sum of TITLE Macro Height large than BUFF Height"
  #    warning "The sum of TITLE Macro Height large than BUFF Height"
..\Component\WouoUI_Page\WouoUI_page.h(162): warning:  #1215-D: #warning directive: "The Indicator large than the size of icon "
  #    warning "The Indicator large than the size of icon "
..\Component\WouoUI_Page\WouoUI_win.h(21): warning:  #1215-D: #warning directive: "the MSG_WIN_V_S_MIN is too large"
  #    warning "the MSG_WIN_V_S_MIN is too large"
..\Component\WouoUI_Page\WouoUI_win.h(101): warning:  #1215-D: #warning directive: "the CONF_WIN_V_S_MIN is too large"
  #    warning "the CONF_WIN_V_S_MIN is too large"
..\Component\WouoUI_Page\WouoUI.c(664): warning:  #223-D: function "my_printf" declared implicitly
              WOUOUI_LOG_E("The Page will jump is not inited!!");
..\Component\WouoUI_Page\WouoUI.c: 5 warnings, 0 errors
compiling oled_app.c...
..\Component\WouoUI_Page\WouoUI_page.h(154): warning:  #1215-D: #warning directive: "The sum of TITLE Macro Height large than BUFF Height"
  #    warning "The sum of TITLE Macro Height large than BUFF Height"
..\Component\WouoUI_Page\WouoUI_page.h(162): warning:  #1215-D: #warning directive: "The Indicator large than the size of icon "
  #    warning "The Indicator large than the size of icon "
..\Component\WouoUI_Page\WouoUI_win.h(21): warning:  #1215-D: #warning directive: "the MSG_WIN_V_S_MIN is too large"
  #    warning "the MSG_WIN_V_S_MIN is too large"
..\Component\WouoUI_Page\WouoUI_win.h(101): warning:  #1215-D: #warning directive: "the CONF_WIN_V_S_MIN is too large"
  #    warning "the CONF_WIN_V_S_MIN is too large"
..\MyApp\oled_app.c: 4 warnings, 0 errors
compiling key_app.c...
..\Component\WouoUI_Page\WouoUI_page.h(154): warning:  #1215-D: #warning directive: "The sum of TITLE Macro Height large than BUFF Height"
  #    warning "The sum of TITLE Macro Height large than BUFF Height"
..\Component\WouoUI_Page\WouoUI_page.h(162): warning:  #1215-D: #warning directive: "The Indicator large than the size of icon "
  #    warning "The Indicator large than the size of icon "
..\Component\WouoUI_Page\WouoUI_win.h(21): warning:  #1215-D: #warning directive: "the MSG_WIN_V_S_MIN is too large"
  #    warning "the MSG_WIN_V_S_MIN is too large"
..\Component\WouoUI_Page\WouoUI_win.h(101): warning:  #1215-D: #warning directive: "the CONF_WIN_V_S_MIN is too large"
  #    warning "the CONF_WIN_V_S_MIN is too large"
..\MyApp\key_app.c: 4 warnings, 0 errors
compiling main.c...
..\Component\WouoUI_Page\WouoUI_page.h(154): warning:  #1215-D: #warning directive: "The sum of TITLE Macro Height large than BUFF Height"
  #    warning "The sum of TITLE Macro Height large than BUFF Height"
..\Component\WouoUI_Page\WouoUI_page.h(162): warning:  #1215-D: #warning directive: "The Indicator large than the size of icon "
  #    warning "The Indicator large than the size of icon "
..\Component\WouoUI_Page\WouoUI_win.h(21): warning:  #1215-D: #warning directive: "the MSG_WIN_V_S_MIN is too large"
  #    warning "the MSG_WIN_V_S_MIN is too large"
..\Component\WouoUI_Page\WouoUI_win.h(101): warning:  #1215-D: #warning directive: "the CONF_WIN_V_S_MIN is too large"
  #    warning "the CONF_WIN_V_S_MIN is too large"
../Core/Src/main.c: 4 warnings, 0 errors
compiling usart.c...
..\Component\WouoUI_Page\WouoUI_page.h(154): warning:  #1215-D: #warning directive: "The sum of TITLE Macro Height large than BUFF Height"
  #    warning "The sum of TITLE Macro Height large than BUFF Height"
..\Component\WouoUI_Page\WouoUI_page.h(162): warning:  #1215-D: #warning directive: "The Indicator large than the size of icon "
  #    warning "The Indicator large than the size of icon "
..\Component\WouoUI_Page\WouoUI_win.h(21): warning:  #1215-D: #warning directive: "the MSG_WIN_V_S_MIN is too large"
  #    warning "the MSG_WIN_V_S_MIN is too large"
..\Component\WouoUI_Page\WouoUI_win.h(101): warning:  #1215-D: #warning directive: "the CONF_WIN_V_S_MIN is too large"
  #    warning "the CONF_WIN_V_S_MIN is too large"
../Core/Src/usart.c: 4 warnings, 0 errors
compiling scheduler.c...
..\Component\WouoUI_Page\WouoUI_page.h(154): warning:  #1215-D: #warning directive: "The sum of TITLE Macro Height large than BUFF Height"
  #    warning "The sum of TITLE Macro Height large than BUFF Height"
..\Component\WouoUI_Page\WouoUI_page.h(162): warning:  #1215-D: #warning directive: "The Indicator large than the size of icon "
  #    warning "The Indicator large than the size of icon "
..\Component\WouoUI_Page\WouoUI_win.h(21): warning:  #1215-D: #warning directive: "the MSG_WIN_V_S_MIN is too large"
  #    warning "the MSG_WIN_V_S_MIN is too large"
..\Component\WouoUI_Page\WouoUI_win.h(101): warning:  #1215-D: #warning directive: "the CONF_WIN_V_S_MIN is too large"
  #    warning "the CONF_WIN_V_S_MIN is too large"
..\MyApp\scheduler.c: 4 warnings, 0 errors
compiling adda_app.c...
..\Component\WouoUI_Page\WouoUI_page.h(154): warning:  #1215-D: #warning directive: "The sum of TITLE Macro Height large than BUFF Height"
  #    warning "The sum of TITLE Macro Height large than BUFF Height"
..\Component\WouoUI_Page\WouoUI_page.h(162): warning:  #1215-D: #warning directive: "The Indicator large than the size of icon "
  #    warning "The Indicator large than the size of icon "
..\Component\WouoUI_Page\WouoUI_win.h(21): warning:  #1215-D: #warning directive: "the MSG_WIN_V_S_MIN is too large"
  #    warning "the MSG_WIN_V_S_MIN is too large"
..\Component\WouoUI_Page\WouoUI_win.h(101): warning:  #1215-D: #warning directive: "the CONF_WIN_V_S_MIN is too large"
  #    warning "the CONF_WIN_V_S_MIN is too large"
..\MyApp\adda_app.c: 4 warnings, 0 errors
compiling btn_app.c...
..\Component\WouoUI_Page\WouoUI_page.h(154): warning:  #1215-D: #warning directive: "The sum of TITLE Macro Height large than BUFF Height"
  #    warning "The sum of TITLE Macro Height large than BUFF Height"
..\Component\WouoUI_Page\WouoUI_page.h(162): warning:  #1215-D: #warning directive: "The Indicator large than the size of icon "
  #    warning "The Indicator large than the size of icon "
..\Component\WouoUI_Page\WouoUI_win.h(21): warning:  #1215-D: #warning directive: "the MSG_WIN_V_S_MIN is too large"
  #    warning "the MSG_WIN_V_S_MIN is too large"
..\Component\WouoUI_Page\WouoUI_win.h(101): warning:  #1215-D: #warning directive: "the CONF_WIN_V_S_MIN is too large"
  #    warning "the CONF_WIN_V_S_MIN is too large"
..\MyApp\btn_app.c(106): warning:  #177-D: function "is_combo_forming"  was declared but never referenced
  static uint8_t is_combo_forming(uint16_t current_key_id) {
..\MyApp\btn_app.c: 5 warnings, 0 errors
compiling usart_app.c...
..\Component\WouoUI_Page\WouoUI_page.h(154): warning:  #1215-D: #warning directive: "The sum of TITLE Macro Height large than BUFF Height"
  #    warning "The sum of TITLE Macro Height large than BUFF Height"
..\Component\WouoUI_Page\WouoUI_page.h(162): warning:  #1215-D: #warning directive: "The Indicator large than the size of icon "
  #    warning "The Indicator large than the size of icon "
..\Component\WouoUI_Page\WouoUI_win.h(21): warning:  #1215-D: #warning directive: "the MSG_WIN_V_S_MIN is too large"
  #    warning "the MSG_WIN_V_S_MIN is too large"
..\Component\WouoUI_Page\WouoUI_win.h(101): warning:  #1215-D: #warning directive: "the CONF_WIN_V_S_MIN is too large"
  #    warning "the CONF_WIN_V_S_MIN is too large"
..\MyApp\usart_app.c: 4 warnings, 0 errors
compiling led_app.c...
..\Component\WouoUI_Page\WouoUI_page.h(154): warning:  #1215-D: #warning directive: "The sum of TITLE Macro Height large than BUFF Height"
  #    warning "The sum of TITLE Macro Height large than BUFF Height"
..\Component\WouoUI_Page\WouoUI_page.h(162): warning:  #1215-D: #warning directive: "The Indicator large than the size of icon "
  #    warning "The Indicator large than the size of icon "
..\Component\WouoUI_Page\WouoUI_win.h(21): warning:  #1215-D: #warning directive: "the MSG_WIN_V_S_MIN is too large"
  #    warning "the MSG_WIN_V_S_MIN is too large"
..\Component\WouoUI_Page\WouoUI_win.h(101): warning:  #1215-D: #warning directive: "the CONF_WIN_V_S_MIN is too large"
  #    warning "the CONF_WIN_V_S_MIN is too large"
..\MyApp\led_app.c: 4 warnings, 0 errors
compiling WouoUI_msg.c...
compiling WouoUI_graph.c...
compiling WouoUI_page.c...
..\Component\WouoUI_Page\WouoUI_page.h(154): warning:  #1215-D: #warning directive: "The sum of TITLE Macro Height large than BUFF Height"
  #    warning "The sum of TITLE Macro Height large than BUFF Height"
..\Component\WouoUI_Page\WouoUI_page.h(162): warning:  #1215-D: #warning directive: "The Indicator large than the size of icon "
  #    warning "The Indicator large than the size of icon "
..\Component\WouoUI_Page\WouoUI_win.h(21): warning:  #1215-D: #warning directive: "the MSG_WIN_V_S_MIN is too large"
  #    warning "the MSG_WIN_V_S_MIN is too large"
..\Component\WouoUI_Page\WouoUI_win.h(101): warning:  #1215-D: #warning directive: "the CONF_WIN_V_S_MIN is too large"
  #    warning "the CONF_WIN_V_S_MIN is too large"
..\Component\WouoUI_Page\WouoUI_page.c(48): warning:  #223-D: function "my_printf" declared implicitly
          WOUOUI_LOG_E("this page is not inited!!,it can't disable/enable auto dealwth msg");
..\Component\WouoUI_Page\WouoUI_page.c(202): warning:  #223-D: function "my_printf" declared implicitly
          WOUOUI_LOG_W("the size of fnot large than the hight of bar in TitlePage");
..\Component\WouoUI_Page\WouoUI_page.c(495): warning:  #223-D: function "my_printf" declared implicitly
          WOUOUI_LOG_W("The chamfer of the check box is too large, exceeding its width.");
..\Component\WouoUI_Page\WouoUI_page.c(509): warning:  #223-D: function "my_printf" declared implicitly
              WOUOUI_LOG_E("The text of %d th item in ListPgae NO set!!!", i);
..\Component\WouoUI_Page\WouoUI_page.c(526): warning:  #223-D: function "my_printf" declared implicitly
          WOUOUI_LOG_E("The Page type is not title or list, please check the input page");
..\Component\WouoUI_Page\WouoUI_page.c(914): warning:  #223-D: function "my_printf" declared implicitly
          WOUOUI_LOG_E("Valid wave_num, it is too large");
..\Component\WouoUI_Page\WouoUI_page.c(946): warning:  #223-D: function "my_printf" declared implicitly
          WOUOUI_LOG_E("Valid wave_num, it is too large");
..\Component\WouoUI_Page\WouoUI_page.c(1017): warning:  #223-D: function "my_printf" declared implicitly
          WOUOUI_LOG_E("Valid wave_num, it is too large");
..\Component\WouoUI_Page\WouoUI_page.c(1027): warning:  #223-D: function "my_printf" declared implicitly
          WOUOUI_LOG_I("Wave data is run, Can't shift it");
..\Component\WouoUI_Page\WouoUI_page.c: 13 warnings, 0 errors
compiling WouoUI_user.c...
..\Component\WouoUI_Page\WouoUI_page.h(154): warning:  #1215-D: #warning directive: "The sum of TITLE Macro Height large than BUFF Height"
  #    warning "The sum of TITLE Macro Height large than BUFF Height"
..\Component\WouoUI_Page\WouoUI_page.h(162): warning:  #1215-D: #warning directive: "The Indicator large than the size of icon "
  #    warning "The Indicator large than the size of icon "
..\Component\WouoUI_Page\WouoUI_win.h(21): warning:  #1215-D: #warning directive: "the MSG_WIN_V_S_MIN is too large"
  #    warning "the MSG_WIN_V_S_MIN is too large"
..\Component\WouoUI_Page\WouoUI_win.h(101): warning:  #1215-D: #warning directive: "the CONF_WIN_V_S_MIN is too large"
  #    warning "the CONF_WIN_V_S_MIN is too large"
..\Component\WouoUI_Page\WouoUI_user.c: 4 warnings, 0 errors
compiling WouoUI_win.c...
..\Component\WouoUI_Page\WouoUI_page.h(154): warning:  #1215-D: #warning directive: "The sum of TITLE Macro Height large than BUFF Height"
  #    warning "The sum of TITLE Macro Height large than BUFF Height"
..\Component\WouoUI_Page\WouoUI_page.h(162): warning:  #1215-D: #warning directive: "The Indicator large than the size of icon "
  #    warning "The Indicator large than the size of icon "
..\Component\WouoUI_Page\WouoUI_win.h(21): warning:  #1215-D: #warning directive: "the MSG_WIN_V_S_MIN is too large"
  #    warning "the MSG_WIN_V_S_MIN is too large"
..\Component\WouoUI_Page\WouoUI_win.h(101): warning:  #1215-D: #warning directive: "the CONF_WIN_V_S_MIN is too large"
  #    warning "the CONF_WIN_V_S_MIN is too large"
..\Component\WouoUI_Page\WouoUI_win.c(15): warning:  #223-D: function "my_printf" declared implicitly
          WOUOUI_LOG_I("The BackGround of Win is not a menu");
..\Component\WouoUI_Page\WouoUI_win.c(523): warning:  #223-D: function "my_printf" declared implicitly
                  WOUOUI_LOG_I("auto get val gt max");
..\Component\WouoUI_Page\WouoUI_win.c(527): warning:  #223-D: function "my_printf" declared implicitly
                  WOUOUI_LOG_I("auto get val lt min");
..\Component\WouoUI_Page\WouoUI_win.c(631): warning:  #223-D: function "my_printf" declared implicitly
          WOUOUI_LOG_W("Don't set other type page with min step max!");
..\Component\WouoUI_Page\WouoUI_win.c(648): warning:  #223-D: function "my_printf" declared implicitly
          WOUOUI_LOG_W("the font /the margin of val_win is too large");
..\Component\WouoUI_Page\WouoUI_win.c(772): warning:  #223-D: function "my_printf" declared implicitly
                  WOUOUI_LOG_I("auto get val gt max");
..\Component\WouoUI_Page\WouoUI_win.c(776): warning:  #223-D: function "my_printf" declared implicitly
                  WOUOUI_LOG_I("auto get val lt min");
..\Component\WouoUI_Page\WouoUI_win.c(903): warning:  #223-D: function "my_printf" declared implicitly
          WOUOUI_LOG_W("Don't set other type page with min max decimalNum!");
..\Component\WouoUI_Page\WouoUI_win.c(921): warning:  #223-D: function "my_printf" declared implicitly
          WOUOUI_LOG_W(
..\Component\WouoUI_Page\WouoUI_win.c(1117): warning:  #223-D: function "my_printf" declared implicitly
          WOUOUI_LOG_E("lw is NULL or str_array is NULL!");
..\Component\WouoUI_Page\WouoUI_win.c(1130): warning:  #223-D: function "my_printf" declared implicitly
              WOUOUI_LOG_E("The %d th string of str_array in ListWin is NULL!!!", i);
..\Component\WouoUI_Page\WouoUI_win.c: 15 warnings, 0 errors
linking...
Program Size: Code=46376 RO-data=5468 RW-data=3308 ZI-data=10628  
FromELF: creating hex file...
"GD32_Demo_01\GD32_Demo_01.axf" - 0 Error(s), 74 Warning(s).

<h2>Software Packages used:</h2>

Package Vendor: GigaDevice
                https://gd32mcu.com/data/documents/pack/GigaDevice.GD32F4xx_DFP.3.0.3.pack
                GigaDevice::GD32F4xx_DFP@3.0.3
                GigaDevice GD32F4xx Series Device Support and Examples

<h2>Collection of Component include folders:</h2>
  D:/Keil_v5/ARM/Packs/GigaDevice/GD32F4xx_DFP/3.0.3/Device/F4XX/Include

<h2>Collection of Component Files used:</h2>
Build Time Elapsed:  00:00:11
</pre>
</body>
</html>
