Component: ARM Compiler 5.06 update 7 (build 960) Tool: armlink [4d3601]

==============================================================================

Section Cross References

    startup_stm32f429xx.o(STACK) refers (Special) to heapauxi.o(.text) for __use_two_region_memory
    startup_stm32f429xx.o(HEAP) refers (Special) to heapauxi.o(.text) for __use_two_region_memory
    startup_stm32f429xx.o(RESET) refers (Special) to heapauxi.o(.text) for __use_two_region_memory
    startup_stm32f429xx.o(RESET) refers to startup_stm32f429xx.o(STACK) for __initial_sp
    startup_stm32f429xx.o(RESET) refers to startup_stm32f429xx.o(.text) for Reset_Handler
    startup_stm32f429xx.o(RESET) refers to stm32f4xx_it.o(i.NMI_Handler) for NMI_Handler
    startup_stm32f429xx.o(RESET) refers to stm32f4xx_it.o(i.HardFault_Handler) for HardFault_Handler
    startup_stm32f429xx.o(RESET) refers to stm32f4xx_it.o(i.MemManage_Handler) for MemManage_Handler
    startup_stm32f429xx.o(RESET) refers to stm32f4xx_it.o(i.BusFault_Handler) for BusFault_Handler
    startup_stm32f429xx.o(RESET) refers to stm32f4xx_it.o(i.UsageFault_Handler) for UsageFault_Handler
    startup_stm32f429xx.o(RESET) refers to stm32f4xx_it.o(i.SVC_Handler) for SVC_Handler
    startup_stm32f429xx.o(RESET) refers to stm32f4xx_it.o(i.DebugMon_Handler) for DebugMon_Handler
    startup_stm32f429xx.o(RESET) refers to stm32f4xx_it.o(i.PendSV_Handler) for PendSV_Handler
    startup_stm32f429xx.o(RESET) refers to stm32f4xx_it.o(i.SysTick_Handler) for SysTick_Handler
    startup_stm32f429xx.o(RESET) refers to stm32f4xx_it.o(i.DMA1_Stream5_IRQHandler) for DMA1_Stream5_IRQHandler
    startup_stm32f429xx.o(RESET) refers to stm32f4xx_it.o(i.ADC_IRQHandler) for ADC_IRQHandler
    startup_stm32f429xx.o(RESET) refers to stm32f4xx_it.o(i.USART1_IRQHandler) for USART1_IRQHandler
    startup_stm32f429xx.o(RESET) refers to stm32f4xx_it.o(i.DMA2_Stream0_IRQHandler) for DMA2_Stream0_IRQHandler
    startup_stm32f429xx.o(RESET) refers to stm32f4xx_it.o(i.DMA2_Stream2_IRQHandler) for DMA2_Stream2_IRQHandler
    startup_stm32f429xx.o(.text) refers (Special) to heapauxi.o(.text) for __use_two_region_memory
    startup_stm32f429xx.o(.text) refers to system_stm32f4xx.o(i.SystemInit) for SystemInit
    startup_stm32f429xx.o(.text) refers to __main.o(!!!main) for __main
    startup_stm32f429xx.o(.text) refers to startup_stm32f429xx.o(HEAP) for Heap_Mem
    startup_stm32f429xx.o(.text) refers to startup_stm32f429xx.o(STACK) for Stack_Mem
    main.o(i.SystemClock_Config) refers to rt_memclr_w.o(.text) for __aeabi_memclr4
    main.o(i.SystemClock_Config) refers to stm32f4xx_hal_rcc.o(i.HAL_RCC_OscConfig) for HAL_RCC_OscConfig
    main.o(i.SystemClock_Config) refers to stm32f4xx_hal_pwr_ex.o(i.HAL_PWREx_EnableOverDrive) for HAL_PWREx_EnableOverDrive
    main.o(i.SystemClock_Config) refers to stm32f4xx_hal_rcc.o(i.HAL_RCC_ClockConfig) for HAL_RCC_ClockConfig
    main.o(i.main) refers to stm32f4xx_hal.o(i.HAL_Init) for HAL_Init
    main.o(i.main) refers to main.o(i.SystemClock_Config) for SystemClock_Config
    main.o(i.main) refers to gpio.o(i.MX_GPIO_Init) for MX_GPIO_Init
    main.o(i.main) refers to dma.o(i.MX_DMA_Init) for MX_DMA_Init
    main.o(i.main) refers to usart.o(i.MX_USART1_UART_Init) for MX_USART1_UART_Init
    main.o(i.main) refers to adc.o(i.MX_ADC1_Init) for MX_ADC1_Init
    main.o(i.main) refers to tim.o(i.MX_TIM3_Init) for MX_TIM3_Init
    main.o(i.main) refers to dac.o(i.MX_DAC_Init) for MX_DAC_Init
    main.o(i.main) refers to tim.o(i.MX_TIM6_Init) for MX_TIM6_Init
    main.o(i.main) refers to i2c.o(i.MX_I2C1_Init) for MX_I2C1_Init
    main.o(i.main) refers to scheduler.o(i.scheduler_init) for scheduler_init
    main.o(i.main) refers to btn_app.o(i.my_ebtn_init) for my_ebtn_init
    main.o(i.main) refers to usart_app.o(i.ringbuffer_init) for ringbuffer_init
    main.o(i.main) refers to adda_app.o(i.dac_sin_init) for dac_sin_init
    main.o(i.main) refers to adda_app.o(i.adc_tim_dma_init) for adc_tim_dma_init
    main.o(i.main) refers to scheduler.o(i.scheduler_run) for scheduler_run
    gpio.o(i.MX_GPIO_Init) refers to rt_memclr_w.o(.text) for __aeabi_memclr4
    gpio.o(i.MX_GPIO_Init) refers to stm32f4xx_hal_gpio.o(i.HAL_GPIO_WritePin) for HAL_GPIO_WritePin
    gpio.o(i.MX_GPIO_Init) refers to stm32f4xx_hal_gpio.o(i.HAL_GPIO_Init) for HAL_GPIO_Init
    adc.o(i.HAL_ADC_MspDeInit) refers to stm32f4xx_hal_gpio.o(i.HAL_GPIO_DeInit) for HAL_GPIO_DeInit
    adc.o(i.HAL_ADC_MspDeInit) refers to stm32f4xx_hal_dma.o(i.HAL_DMA_DeInit) for HAL_DMA_DeInit
    adc.o(i.HAL_ADC_MspDeInit) refers to stm32f4xx_hal_cortex.o(i.HAL_NVIC_DisableIRQ) for HAL_NVIC_DisableIRQ
    adc.o(i.HAL_ADC_MspInit) refers to rt_memclr_w.o(.text) for __aeabi_memclr4
    adc.o(i.HAL_ADC_MspInit) refers to stm32f4xx_hal_gpio.o(i.HAL_GPIO_Init) for HAL_GPIO_Init
    adc.o(i.HAL_ADC_MspInit) refers to stm32f4xx_hal_dma.o(i.HAL_DMA_Init) for HAL_DMA_Init
[...]
    __rt_lib_shutdown_fp_trap_1              0x08000317   Thumb Code     0  libshutdown2.o(.ARM.Collect$$libshutdown$$00000009)
    __rt_lib_shutdown_heap_1                 0x08000317   Thumb Code     0  libshutdown2.o(.ARM.Collect$$libshutdown$$00000011)
    __rt_lib_shutdown_return                 0x08000317   Thumb Code     0  libshutdown2.o(.ARM.Collect$$libshutdown$$00000012)
    __rt_lib_shutdown_signal_1               0x08000317   Thumb Code     0  libshutdown2.o(.ARM.Collect$$libshutdown$$0000000C)
    __rt_lib_shutdown_stdio_1                0x08000317   Thumb Code     0  libshutdown2.o(.ARM.Collect$$libshutdown$$00000006)
    __rt_lib_shutdown_user_alloc_1           0x08000317   Thumb Code     0  libshutdown2.o(.ARM.Collect$$libshutdown$$0000000E)
    __rt_entry                               0x08000319   Thumb Code     0  __rtentry.o(.ARM.Collect$$rtentry$$00000000)
    __rt_entry_presh_1                       0x08000319   Thumb Code     0  __rtentry2.o(.ARM.Collect$$rtentry$$00000002)
    __rt_entry_sh                            0x08000319   Thumb Code     0  __rtentry4.o(.ARM.Collect$$rtentry$$00000004)
    __rt_entry_li                            0x0800031f   Thumb Code     0  __rtentry2.o(.ARM.Collect$$rtentry$$0000000A)
    __rt_entry_postsh_1                      0x0800031f   Thumb Code     0  __rtentry2.o(.ARM.Collect$$rtentry$$00000009)
    __rt_entry_main                          0x08000323   Thumb Code     0  __rtentry2.o(.ARM.Collect$$rtentry$$0000000D)
    __rt_entry_postli_1                      0x08000323   Thumb Code     0  __rtentry2.o(.ARM.Collect$$rtentry$$0000000C)
    __rt_exit                                0x0800032b   Thumb Code     0  rtexit.o(.ARM.Collect$$rtexit$$00000000)
    __rt_exit_ls                             0x0800032d   Thumb Code     0  rtexit2.o(.ARM.Collect$$rtexit$$00000003)
    __rt_exit_prels_1                        0x0800032d   Thumb Code     0  rtexit2.o(.ARM.Collect$$rtexit$$00000002)
    __rt_exit_exit                           0x08000331   Thumb Code     0  rtexit2.o(.ARM.Collect$$rtexit$$00000004)
    Reset_Handler                            0x08000339   Thumb Code     8  startup_stm32f429xx.o(.text)
    CAN1_RX0_IRQHandler                      0x08000353   Thumb Code     0  startup_stm32f429xx.o(.text)
    CAN1_RX1_IRQHandler                      0x08000353   Thumb Code     0  startup_stm32f429xx.o(.text)
    CAN1_SCE_IRQHandler                      0x08000353   Thumb Code     0  startup_stm32f429xx.o(.text)
    CAN1_TX_IRQHandler                       0x08000353   Thumb Code     0  startup_stm32f429xx.o(.text)
    CAN2_RX0_IRQHandler                      0x08000353   Thumb Code     0  startup_stm32f429xx.o(.text)
    CAN2_RX1_IRQHandler                      0x08000353   Thumb Code     0  startup_stm32f429xx.o(.text)
    CAN2_SCE_IRQHandler                      0x08000353   Thumb Code     0  startup_stm32f429xx.o(.text)
    CAN2_TX_IRQHandler                       0x08000353   Thumb Code     0  startup_stm32f429xx.o(.text)
    DCMI_IRQHandler                          0x08000353   Thumb Code     0  startup_stm32f429xx.o(.text)
    DMA1_Stream0_IRQHandler                  0x08000353   Thumb Code     0  startup_stm32f429xx.o(.text)
    DMA1_Stream1_IRQHandler                  0x08000353   Thumb Code     0  startup_stm32f429xx.o(.text)
    DMA1_Stream2_IRQHandler                  0x08000353   Thumb Code     0  startup_stm32f429xx.o(.text)
    DMA1_Stream3_IRQHandler                  0x08000353   Thumb Code     0  startup_stm32f429xx.o(.text)
    DMA1_Stream4_IRQHandler                  0x08000353   Thumb Code     0  startup_stm32f429xx.o(.text)
    DMA1_Stream6_IRQHandler                  0x08000353   Thumb Code     0  startup_stm32f429xx.o(.text)
    DMA1_Stream7_IRQHandler                  0x08000353   Thumb Code     0  startup_stm32f429xx.o(.text)
    DMA2D_IRQHandler                         0x08000353   Thumb Code     0  startup_stm32f429xx.o(.text)
    DMA2_Stream1_IRQHandler                  0x08000353   Thumb Code     0  startup_stm32f429xx.o(.text)
    DMA2_Stream3_IRQHandler                  0x08000353   Thumb Code     0  startup_stm32f429xx.o(.text)
    DMA2_Stream4_IRQHandler                  0x08000353   Thumb Code     0  startup_stm32f429xx.o(.text)
    DMA2_Stream5_IRQHandler                  0x08000353   Thumb Code     0  startup_stm32f429xx.o(.text)
    DMA2_Stream6_IRQHandler                  0x08000353   Thumb Code     0  startup_stm32f429xx.o(.text)
    DMA2_Stream7_IRQHandler                  0x08000353   Thumb Code     0  startup_stm32f429xx.o(.text)
    ETH_IRQHandler                           0x08000353   Thumb Code     0  startup_stm32f429xx.o(.text)
    ETH_WKUP_IRQHandler                      0x08000353   Thumb Code     0  startup_stm32f429xx.o(.text)
    EXTI0_IRQHandler                         0x08000353   Thumb Code     0  startup_stm32f429xx.o(.text)
    EXTI15_10_IRQHandler                     0x08000353   Thumb Code     0  startup_stm32f429xx.o(.text)
    EXTI1_IRQHandler                         0x08000353   Thumb Code     0  startup_stm32f429xx.o(.text)
    EXTI2_IRQHandler                         0x08000353   Thumb Code     0  startup_stm32f429xx.o(.text)
    EXTI3_IRQHandler                         0x08000353   Thumb Code     0  startup_stm32f429xx.o(.text)
    EXTI4_IRQHandler                         0x08000353   Thumb Code     0  startup_stm32f429xx.o(.text)
    EXTI9_5_IRQHandler                       0x08000353   Thumb Code     0  startup_stm32f429xx.o(.text)
    FLASH_IRQHandler                         0x08000353   Thumb Code     0  startup_stm32f429xx.o(.text)
    FMC_IRQHandler                           0x08000353   Thumb Code     0  startup_stm32f429xx.o(.text)
    FPU_IRQHandler                           0x08000353   Thumb Code     0  startup_stm32f429xx.o(.text)
    HASH_RNG_IRQHandler                      0x08000353   Thumb Code     0  startup_stm32f429xx.o(.text)
    I2C1_ER_IRQHandler                       0x08000353   Thumb Code     0  startup_stm32f429xx.o(.text)
    I2C1_EV_IRQHandler                       0x08000353   Thumb Code     0  startup_stm32f429xx.o(.text)
    I2C2_ER_IRQHandler                       0x08000353   Thumb Code     0  startup_stm32f429xx.o(.text)
    I2C2_EV_IRQHandler                       0x08000353   Thumb Code     0  startup_stm32f429xx.o(.text)
    I2C3_ER_IRQHandler                       0x08000353   Thumb Code     0  startup_stm32f429xx.o(.text)
    I2C3_EV_IRQHandler                       0x08000353   Thumb Code     0  startup_stm32f429xx.o(.text)
    LTDC_ER_IRQHandler                       0x08000353   Thumb Code     0  startup_stm32f429xx.o(.text)
    LTDC_IRQHandler                          0x08000353   Thumb Code     0  startup_stm32f429xx.o(.text)
    OTG_FS_IRQHandler                        0x08000353   Thumb Code     0  startup_stm32f429xx.o(.text)
    OTG_FS_WKUP_IRQHandler                   0x08000353   Thumb Code     0  startup_stm32f429xx.o(.text)
    OTG_HS_EP1_IN_IRQHandler                 0x08000353   Thumb Code     0  startup_stm32f429xx.o(.text)
    OTG_HS_EP1_OUT_IRQHandler                0x08000353   Thumb Code     0  startup_stm32f429xx.o(.text)
    OTG_HS_IRQHandler                        0x08000353   Thumb Code     0  startup_stm32f429xx.o(.text)
    OTG_HS_WKUP_IRQHandler                   0x08000353   Thumb Code     0  startup_stm32f429xx.o(.text)
    PVD_IRQHandler                           0x08000353   Thumb Code     0  startup_stm32f429xx.o(.text)
    RCC_IRQHandler                           0x08000353   Thumb Code     0  startup_stm32f429xx.o(.text)
    RTC_Alarm_IRQHandler                     0x08000353   Thumb Code     0  startup_stm32f429xx.o(.text)
    RTC_WKUP_IRQHandler                      0x08000353   Thumb Code     0  startup_stm32f429xx.o(.text)
    SAI1_IRQHandler                          0x08000353   Thumb Code     0  startup_stm32f429xx.o(.text)
    SDIO_IRQHandler                          0x08000353   Thumb Code     0  startup_stm32f429xx.o(.text)
    SPI1_IRQHandler                          0x08000353   Thumb Code     0  startup_stm32f429xx.o(.text)
    SPI2_IRQHandler                          0x08000353   Thumb Code     0  startup_stm32f429xx.o(.text)
    SPI3_IRQHandler                          0x08000353   Thumb Code     0  startup_stm32f429xx.o(.text)
    SPI4_IRQHandler                          0x08000353   Thumb Code     0  startup_stm32f429xx.o(.text)
    SPI5_IRQHandler                          0x08000353   Thumb Code     0  startup_stm32f429xx.o(.text)
    SPI6_IRQHandler                          0x08000353   Thumb Code     0  startup_stm32f429xx.o(.text)
    TAMP_STAMP_IRQHandler                    0x08000353   Thumb Code     0  startup_stm32f429xx.o(.text)
    TIM1_BRK_TIM9_IRQHandler                 0x08000353   Thumb Code     0  startup_stm32f429xx.o(.text)
    TIM1_CC_IRQHandler                       0x08000353   Thumb Code     0  startup_stm32f429xx.o(.text)
    TIM1_TRG_COM_TIM11_IRQHandler            0x08000353   Thumb Code     0  startup_stm32f429xx.o(.text)
    TIM1_UP_TIM10_IRQHandler                 0x08000353   Thumb Code     0  startup_stm32f429xx.o(.text)
    TIM2_IRQHandler                          0x08000353   Thumb Code     0  startup_stm32f429xx.o(.text)
    TIM3_IRQHandler                          0x08000353   Thumb Code     0  startup_stm32f429xx.o(.text)
    TIM4_IRQHandler                          0x08000353   Thumb Code     0  startup_stm32f429xx.o(.text)
    TIM5_IRQHandler                          0x08000353   Thumb Code     0  startup_stm32f429xx.o(.text)
    TIM6_DAC_IRQHandler                      0x08000353   Thumb Code     0  startup_stm32f429xx.o(.text)
    TIM7_IRQHandler                          0x08000353   Thumb Code     0  startup_stm32f429xx.o(.text)
    TIM8_BRK_TIM12_IRQHandler                0x08000353   Thumb Code     0  startup_stm32f429xx.o(.text)
    TIM8_CC_IRQHandler                       0x08000353   Thumb Code     0  startup_stm32f429xx.o(.text)
    TIM8_TRG_COM_TIM14_IRQHandler            0x08000353   Thumb Code     0  startup_stm32f429xx.o(.text)
    TIM8_UP_TIM13_IRQHandler                 0x08000353   Thumb Code     0  startup_stm32f429xx.o(.text)
    UART4_IRQHandler                         0x08000353   Thumb Code     0  startup_stm32f429xx.o(.text)
    UART5_IRQHandler                         0x08000353   Thumb Code     0  startup_stm32f429xx.o(.text)
    UART7_IRQHandler                         0x08000353   Thumb Code     0  startup_stm32f429xx.o(.text)
    UART8_IRQHandler                         0x08000353   Thumb Code     0  startup_stm32f429xx.o(.text)
    USART2_IRQHandler                        0x08000353   Thumb Code     0  startup_stm32f429xx.o(.text)
    USART3_IRQHandler                        0x08000353   Thumb Code     0  startup_stm32f429xx.o(.text)
    USART6_IRQHandler                        0x08000353   Thumb Code     0  startup_stm32f429xx.o(.text)
    WWDG_IRQHandler                          0x08000353   Thumb Code     0  startup_stm32f429xx.o(.text)
    __user_initial_stackheap                 0x08000355   Thumb Code     0  startup_stm32f429xx.o(.text)
    __aeabi_uldivmod                         0x08000379   Thumb Code     0  lludivv7m.o(.text)
    _ll_udiv                                 0x08000379   Thumb Code   238  lludivv7m.o(.text)
    vsnprintf                                0x08000469   Thumb Code    48  vsnprintf.o(.text)
    abort                                    0x0800049d   Thumb Code    22  abort.o(.text)
    memcmp                                   0x080004b3   Thumb Code    88  memcmp.o(.text)
    __aeabi_memcpy                           0x0800050b   Thumb Code     0  rt_memcpy_v6.o(.text)
    __rt_memcpy                              0x0800050b   Thumb Code   138  rt_memcpy_v6.o(.text)
    _memcpy_lastbytes                        0x08000571   Thumb Code     0  rt_memcpy_v6.o(.text)
    __aeabi_memclr4                          0x08000595   Thumb Code     0  rt_memclr_w.o(.text)
    __aeabi_memclr8                          0x08000595   Thumb Code     0  rt_memclr_w.o(.text)
    __rt_memclr_w                            0x08000595   Thumb Code    78  rt_memclr_w.o(.text)
    _memset_w                                0x08000599   Thumb Code     0  rt_memclr_w.o(.text)
    __use_two_region_memory                  0x080005e3   Thumb Code     2  heapauxi.o(.text)
    __rt_heap_escrow$2region                 0x080005e5   Thumb Code     2  heapauxi.o(.text)
    __rt_heap_expand$2region                 0x080005e7   Thumb Code     2  heapauxi.o(.text)
    _sys_exit                                0x080005e9   Thumb Code     8  sys_exit.o(.text)
    __read_errno                             0x080005f5   Thumb Code    10  _rserrno.o(.text)
    __set_errno                              0x080005ff   Thumb Code    12  _rserrno.o(.text)
    _printf_pre_padding                      0x0800060b   Thumb Code    44  _printf_pad.o(.text)
    _printf_post_padding                     0x08000637   Thumb Code    34  _printf_pad.o(.text)
    _printf_truncate_signed                  0x08000659   Thumb Code    18  _printf_truncate.o(.text)
    _printf_truncate_unsigned                0x0800066b   Thumb Code    18  _printf_truncate.o(.text)
    _printf_str                              0x0800067d   Thumb Code    82  _printf_str.o(.text)
    _printf_int_dec                          0x080006d1   Thumb Code   104  _printf_dec.o(.text)
    _printf_charcount                        0x08000749   Thumb Code    40  _printf_charcount.o(.text)
    _printf_char_common                      0x0800077b   Thumb Code    32  _printf_char_common.o(.text)
    _sputc                                   0x080007a1   Thumb Code    10  _sputc.o(.text)
    _snputc                                  0x080007ab   Thumb Code    16  _snputc.o(.text)
    _printf_wctomb                           0x080007bd   Thumb Code   182  _printf_wctomb.o(.text)
    _printf_longlong_dec                     0x08000879   Thumb Code   108  _printf_longlong_dec.o(.text)
    _printf_longlong_oct                     0x080008f5   Thumb Code    66  _printf_oct_int_ll.o(.text)
    _printf_int_oct                          0x08000937   Thumb Code    24  _printf_oct_int_ll.o(.text)
    _printf_ll_oct                           0x0800094f   Thumb Code    12  _printf_oct_int_ll.o(.text)
    _printf_longlong_hex                     0x08000965   Thumb Code    86  _printf_hex_int_ll_ptr.o(.text)
    _printf_int_hex                          0x080009bb   Thumb Code    28  _printf_hex_int_ll_ptr.o(.text)
    _printf_ll_hex                           0x080009d7   Thumb Code    12  _printf_hex_int_ll_ptr.o(.text)
    _printf_hex_ptr                          0x080009e3   Thumb Code    18  _printf_hex_int_ll_ptr.o(.text)
    __printf                                 0x080009f9   Thumb Code   388  __printf_flags_ss_wp.o(.text)
    __rt_SIGABRT                             0x08000b81   Thumb Code    14  defsig_abrt_outer.o(.text)
    __aeabi_memcpy4                          0x08000b8f   Thumb Code     0  rt_memcpy_w.o(.text)
    __aeabi_memcpy8                          0x08000b8f   Thumb Code     0  rt_memcpy_w.o(.text)
    __rt_memcpy_w                            0x08000b8f   Thumb Code   100  rt_memcpy_w.o(.text)
    _memcpy_lastbytes_aligned                0x08000bd7   Thumb Code     0  rt_memcpy_w.o(.text)
    __I$use$semihosting                      0x08000bf3   Thumb Code     0  use_no_semi.o(.text)
    __use_no_semihosting_swi                 0x08000bf3   Thumb Code     2  use_no_semi.o(.text)
    __aeabi_errno_addr                       0x08000bf5   Thumb Code     8  rt_errno_addr_intlibspace.o(.text)
    __errno$intlibspace                      0x08000bf5   Thumb Code     0  rt_errno_addr_intlibspace.o(.text)
    __rt_errno_addr$intlibspace              0x08000bf5   Thumb Code     0  rt_errno_addr_intlibspace.o(.text)
    __semihosting_library_function           0x08000bf5   Thumb Code     0  indicate_semi.o(.text)
    _ll_udiv10                               0x08000bfd   Thumb Code   138  lludiv10.o(.text)
    _printf_int_common                       0x08000c87   Thumb Code   178  _printf_intcommon.o(.text)
    __lib_sel_fp_printf                      0x08000d39   Thumb Code     2  _printf_fp_dec.o(.text)
    _printf_fp_dec_real                      0x08000eeb   Thumb Code   620  _printf_fp_dec.o(.text)
    _printf_fp_hex_real                      0x08001159   Thumb Code   756  _printf_fp_hex.o(.text)
    _printf_cs_common                        0x08001455   Thumb Code    20  _printf_char.o(.text)
    _printf_char                             0x08001469   Thumb Code    16  _printf_char.o(.text)
    _printf_string                           0x08001479   Thumb Code     8  _printf_char.o(.text)
    _printf_lcs_common                       0x08001481   Thumb Code    20  _printf_wchar.o(.text)
    _printf_wchar                            0x08001495   Thumb Code    16  _printf_wchar.o(.text)
    _printf_wstring                          0x080014a5   Thumb Code     8  _printf_wchar.o(.text)
    _wcrtomb                                 0x080014ad   Thumb Code    64  _wcrtomb.o(.text)
    __sig_exit                               0x080014ed   Thumb Code    10  defsig_exit.o(.text)
    __rt_SIGABRT_inner                       0x080014f9   Thumb Code    14  defsig_abrt_inner.o(.text)
    __user_libspace                          0x08001529   Thumb Code     8  libspace.o(.text)
    __user_perproc_libspace                  0x08001529   Thumb Code     0  libspace.o(.text)
    __user_perthread_libspace                0x08001529   Thumb Code     0  libspace.o(.text)
    __user_setup_stackheap                   0x08001531   Thumb Code    74  sys_stackheap_outer.o(.text)
    __rt_ctype_table                         0x0800157d   Thumb Code    16  rt_ctype_table.o(.text)
    __rt_locale                              0x0800158d   Thumb Code     8  rt_locale_intlibspace.o(.text)
    _printf_fp_infnan                        0x08001595   Thumb Code   112  _printf_fp_infnan.o(.text)
    _btod_etento                             0x08001615   Thumb Code   224  bigflt0.o(.text)
    exit                                     0x080016f9   Thumb Code    18  exit.o(.text)
    __default_signal_display                 0x0800170b   Thumb Code    50  defsig_general.o(.text)
    _ttywrch                                 0x0800173d   Thumb Code    14  sys_wrch.o(.text)
    strcmp                                   0x0800174d   Thumb Code   128  strcmpv7m.o(.text)
    _btod_d2e                                0x080017cd   Thumb Code    62  btod.o(CL$$btod_d2e)
    _d2e_denorm_low                          0x0800180b   Thumb Code    70  btod.o(CL$$btod_d2e_denorm_low)
    _d2e_norm_op1                            0x08001851   Thumb Code    96  btod.o(CL$$btod_d2e_norm_op1)
    __btod_div_common                        0x080018b1   Thumb Code   696  btod.o(CL$$btod_div_common)
    _e2e                                     0x08001be9   Thumb Code   220  btod.o(CL$$btod_e2e)
    _btod_ediv                               0x08001cc5   Thumb Code    42  btod.o(CL$$btod_ediv)
    _btod_emul                               0x08001cef   Thumb Code    42  btod.o(CL$$btod_emul)
    __btod_mult_common                       0x08001d19   Thumb Code   580  btod.o(CL$$btod_mult_common)
    ADC_IRQHandler                           0x08001fed   Thumb Code     6  stm32f4xx_it.o(i.ADC_IRQHandler)
    BusFault_Handler                         0x08002121   Thumb Code     2  stm32f4xx_it.o(i.BusFault_Handler)
    DAC_DMAConvCpltCh1                       0x08002123   Thumb Code    16  stm32f4xx_hal_dac.o(i.DAC_DMAConvCpltCh1)
    DAC_DMAConvCpltCh2                       0x08002133   Thumb Code    16  stm32f4xx_hal_dac_ex.o(i.DAC_DMAConvCpltCh2)
    DAC_DMAErrorCh1                          0x08002143   Thumb Code    24  stm32f4xx_hal_dac.o(i.DAC_DMAErrorCh1)
    DAC_DMAErrorCh2                          0x0800215b   Thumb Code    24  stm32f4xx_hal_dac_ex.o(i.DAC_DMAErrorCh2)
    DAC_DMAHalfConvCpltCh1                   0x08002173   Thumb Code    10  stm32f4xx_hal_dac.o(i.DAC_DMAHalfConvCpltCh1)
    DAC_DMAHalfConvCpltCh2                   0x0800217d   Thumb Code    10  stm32f4xx_hal_dac_ex.o(i.DAC_DMAHalfConvCpltCh2)
    DMA1_Stream5_IRQHandler                  0x08002189   Thumb Code     6  stm32f4xx_it.o(i.DMA1_Stream5_IRQHandler)
    DMA2_Stream0_IRQHandler                  0x08002195   Thumb Code     6  stm32f4xx_it.o(i.DMA2_Stream0_IRQHandler)
    DMA2_Stream2_IRQHandler                  0x080021a1   Thumb Code     6  stm32f4xx_it.o(i.DMA2_Stream2_IRQHandler)
    DebugMon_Handler                         0x08002251   Thumb Code     2  stm32f4xx_it.o(i.DebugMon_Handler)
    Error_Handler                            0x08002253   Thumb Code     4  main.o(i.Error_Handler)
    Generate_Sine_Wave                       0x08002259   Thumb Code   124  adda_app.o(i.Generate_Sine_Wave)
    HAL_ADCEx_InjectedConvCpltCallback       0x080022dd   Thumb Code     2  stm32f4xx_hal_adc_ex.o(i.HAL_ADCEx_InjectedConvCpltCallback)
    HAL_ADC_ConfigChannel                    0x080022e1   Thumb Code   334  stm32f4xx_hal_adc.o(i.HAL_ADC_ConfigChannel)
    HAL_ADC_ConvCpltCallback                 0x08002445   Thumb Code    22  adda_app.o(i.HAL_ADC_ConvCpltCallback)
    HAL_ADC_ConvHalfCpltCallback             0x08002465   Thumb Code     2  stm32f4xx_hal_adc.o(i.HAL_ADC_ConvHalfCpltCallback)
    HAL_ADC_ErrorCallback                    0x08002467   Thumb Code     2  stm32f4xx_hal_adc.o(i.HAL_ADC_ErrorCallback)
    HAL_ADC_IRQHandler                       0x08002469   Thumb Code   302  stm32f4xx_hal_adc.o(i.HAL_ADC_IRQHandler)
    HAL_ADC_Init                             0x08002597   Thumb Code    84  stm32f4xx_hal_adc.o(i.HAL_ADC_Init)
    HAL_ADC_LevelOutOfWindowCallback         0x080025eb   Thumb Code     2  stm32f4xx_hal_adc.o(i.HAL_ADC_LevelOutOfWindowCallback)
    HAL_ADC_MspInit                          0x080025ed   Thumb Code   174  adc.o(i.HAL_ADC_MspInit)
    HAL_ADC_Start_DMA                        0x080026b5   Thumb Code   306  stm32f4xx_hal_adc.o(i.HAL_ADC_Start_DMA)
    HAL_ADC_Stop_DMA                         0x0800280d   Thumb Code   108  stm32f4xx_hal_adc.o(i.HAL_ADC_Stop_DMA)
    HAL_DACEx_ConvCpltCallbackCh2            0x08002879   Thumb Code     2  stm32f4xx_hal_dac_ex.o(i.HAL_DACEx_ConvCpltCallbackCh2)
    HAL_DACEx_ConvHalfCpltCallbackCh2        0x0800287b   Thumb Code     2  stm32f4xx_hal_dac_ex.o(i.HAL_DACEx_ConvHalfCpltCallbackCh2)
    HAL_DACEx_ErrorCallbackCh2               0x0800287d   Thumb Code     2  stm32f4xx_hal_dac_ex.o(i.HAL_DACEx_ErrorCallbackCh2)
    HAL_DAC_ConfigChannel                    0x0800287f   Thumb Code    78  stm32f4xx_hal_dac.o(i.HAL_DAC_ConfigChannel)
    HAL_DAC_ConvCpltCallbackCh1              0x080028cd   Thumb Code     2  stm32f4xx_hal_dac.o(i.HAL_DAC_ConvCpltCallbackCh1)
    HAL_DAC_ConvHalfCpltCallbackCh1          0x080028cf   Thumb Code     2  stm32f4xx_hal_dac.o(i.HAL_DAC_ConvHalfCpltCallbackCh1)
    HAL_DAC_ErrorCallbackCh1                 0x080028d1   Thumb Code     2  stm32f4xx_hal_dac.o(i.HAL_DAC_ErrorCallbackCh1)
    HAL_DAC_Init                             0x080028d3   Thumb Code    40  stm32f4xx_hal_dac.o(i.HAL_DAC_Init)
    HAL_DAC_MspInit                          0x080028fd   Thumb Code   138  dac.o(i.HAL_DAC_MspInit)
    HAL_DAC_Start_DMA                        0x0800299d   Thumb Code   200  stm32f4xx_hal_dac.o(i.HAL_DAC_Start_DMA)
    HAL_DMA_Abort                            0x08002a7d   Thumb Code   146  stm32f4xx_hal_dma.o(i.HAL_DMA_Abort)
    HAL_DMA_Abort_IT                         0x08002b0f   Thumb Code    36  stm32f4xx_hal_dma.o(i.HAL_DMA_Abort_IT)
    HAL_DMA_IRQHandler                       0x08002b35   Thumb Code   412  stm32f4xx_hal_dma.o(i.HAL_DMA_IRQHandler)
    HAL_DMA_Init                             0x08002cd5   Thumb Code   206  stm32f4xx_hal_dma.o(i.HAL_DMA_Init)
    HAL_DMA_Start_IT                         0x08002da9   Thumb Code   110  stm32f4xx_hal_dma.o(i.HAL_DMA_Start_IT)
    HAL_Delay                                0x08002e19   Thumb Code    32  stm32f4xx_hal.o(i.HAL_Delay)
    HAL_GPIO_Init                            0x08002e3d   Thumb Code   510  stm32f4xx_hal_gpio.o(i.HAL_GPIO_Init)
    HAL_GPIO_ReadPin                         0x08003071   Thumb Code    10  stm32f4xx_hal_gpio.o(i.HAL_GPIO_ReadPin)
    HAL_GPIO_WritePin                        0x0800307b   Thumb Code    10  stm32f4xx_hal_gpio.o(i.HAL_GPIO_WritePin)
    HAL_GetTick                              0x08003085   Thumb Code     6  stm32f4xx_hal.o(i.HAL_GetTick)
    HAL_I2CEx_ConfigAnalogFilter             0x08003091   Thumb Code    66  stm32f4xx_hal_i2c_ex.o(i.HAL_I2CEx_ConfigAnalogFilter)
    HAL_I2CEx_ConfigDigitalFilter            0x080030d3   Thumb Code    62  stm32f4xx_hal_i2c_ex.o(i.HAL_I2CEx_ConfigDigitalFilter)
    HAL_I2C_Init                             0x08003111   Thumb Code   376  stm32f4xx_hal_i2c.o(i.HAL_I2C_Init)
    HAL_I2C_Mem_Write                        0x08003299   Thumb Code   294  stm32f4xx_hal_i2c.o(i.HAL_I2C_Mem_Write)
    HAL_I2C_MspInit                          0x080033c9   Thumb Code    94  i2c.o(i.HAL_I2C_MspInit)
    HAL_IncTick                              0x08003435   Thumb Code    12  stm32f4xx_hal.o(i.HAL_IncTick)
    HAL_Init                                 0x08003445   Thumb Code    48  stm32f4xx_hal.o(i.HAL_Init)
    HAL_InitTick                             0x08003479   Thumb Code    54  stm32f4xx_hal.o(i.HAL_InitTick)
    HAL_MspInit                              0x080034b9   Thumb Code    42  stm32f4xx_hal_msp.o(i.HAL_MspInit)
    HAL_NVIC_EnableIRQ                       0x080034e9   Thumb Code    26  stm32f4xx_hal_cortex.o(i.HAL_NVIC_EnableIRQ)
    HAL_NVIC_SetPriority                     0x08003505   Thumb Code    60  stm32f4xx_hal_cortex.o(i.HAL_NVIC_SetPriority)
    HAL_NVIC_SetPriorityGrouping             0x08003545   Thumb Code    26  stm32f4xx_hal_cortex.o(i.HAL_NVIC_SetPriorityGrouping)
    HAL_PWREx_EnableOverDrive                0x08003569   Thumb Code    98  stm32f4xx_hal_pwr_ex.o(i.HAL_PWREx_EnableOverDrive)
    HAL_RCC_ClockConfig                      0x080035d9   Thumb Code   288  stm32f4xx_hal_rcc.o(i.HAL_RCC_ClockConfig)
    HAL_RCC_GetPCLK1Freq                     0x0800370d   Thumb Code    20  stm32f4xx_hal_rcc.o(i.HAL_RCC_GetPCLK1Freq)
    HAL_RCC_GetPCLK2Freq                     0x0800372d   Thumb Code    20  stm32f4xx_hal_rcc.o(i.HAL_RCC_GetPCLK2Freq)
    HAL_RCC_GetSysClockFreq                  0x0800374d   Thumb Code    88  stm32f4xx_hal_rcc.o(i.HAL_RCC_GetSysClockFreq)
    HAL_RCC_OscConfig                        0x080037b1   Thumb Code   856  stm32f4xx_hal_rcc.o(i.HAL_RCC_OscConfig)
    HAL_SYSTICK_Config                       0x08003b1d   Thumb Code    40  stm32f4xx_hal_cortex.o(i.HAL_SYSTICK_Config)
    HAL_TIMEx_MasterConfigSynchronization    0x08003b45   Thumb Code   116  stm32f4xx_hal_tim_ex.o(i.HAL_TIMEx_MasterConfigSynchronization)
    HAL_TIM_Base_Init                        0x08003bd5   Thumb Code    90  stm32f4xx_hal_tim.o(i.HAL_TIM_Base_Init)
    HAL_TIM_Base_MspInit                     0x08003c31   Thumb Code    52  tim.o(i.HAL_TIM_Base_MspInit)
    HAL_TIM_Base_Start                       0x08003c71   Thumb Code    90  stm32f4xx_hal_tim.o(i.HAL_TIM_Base_Start)
    HAL_TIM_ConfigClockSource                0x08003ce9   Thumb Code   220  stm32f4xx_hal_tim.o(i.HAL_TIM_ConfigClockSource)
    HAL_UARTEx_ReceiveToIdle_DMA             0x08003dc5   Thumb Code    74  stm32f4xx_hal_uart.o(i.HAL_UARTEx_ReceiveToIdle_DMA)
    HAL_UARTEx_RxEventCallback               0x08003e11   Thumb Code    60  usart_app.o(i.HAL_UARTEx_RxEventCallback)
    HAL_UART_DMAStop                         0x08003e5d   Thumb Code   112  stm32f4xx_hal_uart.o(i.HAL_UART_DMAStop)
    HAL_UART_ErrorCallback                   0x08003ecd   Thumb Code     2  stm32f4xx_hal_uart.o(i.HAL_UART_ErrorCallback)
    HAL_UART_IRQHandler                      0x08003ed1   Thumb Code   636  stm32f4xx_hal_uart.o(i.HAL_UART_IRQHandler)
    HAL_UART_Init                            0x08004151   Thumb Code   100  stm32f4xx_hal_uart.o(i.HAL_UART_Init)
    HAL_UART_MspInit                         0x080041b5   Thumb Code   156  usart.o(i.HAL_UART_MspInit)
    HAL_UART_RxCpltCallback                  0x08004265   Thumb Code     2  stm32f4xx_hal_uart.o(i.HAL_UART_RxCpltCallback)
    HAL_UART_RxHalfCpltCallback              0x08004267   Thumb Code     2  stm32f4xx_hal_uart.o(i.HAL_UART_RxHalfCpltCallback)
    HAL_UART_Transmit                        0x08004269   Thumb Code   160  stm32f4xx_hal_uart.o(i.HAL_UART_Transmit)
    HAL_UART_TxCpltCallback                  0x08004309   Thumb Code     2  stm32f4xx_hal_uart.o(i.HAL_UART_TxCpltCallback)
    HardFault_Handler                        0x0800430b   Thumb Code     2  stm32f4xx_it.o(i.HardFault_Handler)
    MX_ADC1_Init                             0x080045e1   Thumb Code   112  adc.o(i.MX_ADC1_Init)
    MX_DAC_Init                              0x08004659   Thumb Code    52  dac.o(i.MX_DAC_Init)
    MX_DMA_Init                              0x08004695   Thumb Code    88  dma.o(i.MX_DMA_Init)
    MX_GPIO_Init                             0x080046f1   Thumb Code   218  gpio.o(i.MX_GPIO_Init)
    MX_I2C1_Init                             0x080047e1   Thumb Code    78  i2c.o(i.MX_I2C1_Init)
    MX_TIM3_Init                             0x0800483d   Thumb Code    94  tim.o(i.MX_TIM3_Init)
    MX_TIM6_Init                             0x080048a5   Thumb Code    60  tim.o(i.MX_TIM6_Init)
    MX_USART1_UART_Init                      0x080048e9   Thumb Code    48  usart.o(i.MX_USART1_UART_Init)
    MemManage_Handler                        0x08004921   Thumb Code     2  stm32f4xx_it.o(i.MemManage_Handler)
    NMI_Handler                              0x08004923   Thumb Code     2  stm32f4xx_it.o(i.NMI_Handler)
    OLED_Clear                               0x08004925   Thumb Code    52  oled.o(i.OLED_Clear)
    OLED_Init                                0x08004959   Thumb Code    42  oled.o(i.OLED_Init)
    OLED_Set_Position                        0x08004989   Thumb Code    34  oled.o(i.OLED_Set_Position)
    OLED_ShowChar                            0x080049ad   Thumb Code   126  oled.o(i.OLED_ShowChar)
    OLED_ShowStr                             0x08004a35   Thumb Code    54  oled.o(i.OLED_ShowStr)
    OLED_Write_cmd                           0x08004a6d   Thumb Code    32  oled.o(i.OLED_Write_cmd)
    OLED_Write_data                          0x08004a91   Thumb Code    32  oled.o(i.OLED_Write_data)
    Oled_Printf                              0x08004ab5   Thumb Code    58  oled_app.o(i.Oled_Printf)
    PendSV_Handler                           0x08004aef   Thumb Code     2  stm32f4xx_it.o(i.PendSV_Handler)
    SVC_Handler                              0x08004af1   Thumb Code     2  stm32f4xx_it.o(i.SVC_Handler)
    SysTick_Handler                          0x08004af3   Thumb Code     4  stm32f4xx_it.o(i.SysTick_Handler)
    SystemClock_Config                       0x08004af9   Thumb Code   148  main.o(i.SystemClock_Config)
    SystemInit                               0x08004b95   Thumb Code    12  system_stm32f4xx.o(i.SystemInit)
    TIM_Base_SetConfig                       0x08004ba5   Thumb Code   164  stm32f4xx_hal_tim.o(i.TIM_Base_SetConfig)
    TIM_ETR_SetConfig                        0x08004c75   Thumb Code    20  stm32f4xx_hal_tim.o(i.TIM_ETR_SetConfig)
    UART_Start_Receive_DMA                   0x08005015   Thumb Code   146  stm32f4xx_hal_uart.o(i.UART_Start_Receive_DMA)
    USART1_IRQHandler                        0x08005129   Thumb Code     6  stm32f4xx_it.o(i.USART1_IRQHandler)
    UsageFault_Handler                       0x08005135   Thumb Code     2  stm32f4xx_it.o(i.UsageFault_Handler)
    __ARM_fpclassify                         0x08005137   Thumb Code    48  fpclassify.o(i.__ARM_fpclassify)
    __ARM_fpclassifyf                        0x08005167   Thumb Code    38  fpclassifyf.o(i.__ARM_fpclassifyf)
    __hardfp_sinf                            0x080051ad   Thumb Code   344  sinf.o(i.__hardfp_sinf)
    __mathlib_flt_infnan                     0x0800533d   Thumb Code     6  funder.o(i.__mathlib_flt_infnan)
    __mathlib_flt_invalid                    0x08005345   Thumb Code    10  funder.o(i.__mathlib_flt_invalid)
    __mathlib_flt_underflow                  0x08005355   Thumb Code    10  funder.o(i.__mathlib_flt_underflow)
    __mathlib_rredf2                         0x08005365   Thumb Code   316  rredf.o(i.__mathlib_rredf2)
    _is_digit                                0x080054b9   Thumb Code    14  __printf_wp.o(i._is_digit)
    adc_task                                 0x080054c9   Thumb Code   106  adda_app.o(i.adc_task)
    adc_tim_dma_init                         0x08005559   Thumb Code    36  adda_app.o(i.adc_tim_dma_init)
    dac_sin_init                             0x080055f1   Thumb Code    42  adda_app.o(i.dac_sin_init)
    ebtn_combo_btn_add_btn_by_idx            0x0800562d   Thumb Code    22  ebtn_1.o(i.ebtn_combo_btn_add_btn_by_idx)
    ebtn_get_btn_index_by_key_id             0x08005645   Thumb Code    58  ebtn_1.o(i.ebtn_get_btn_index_by_key_id)
    ebtn_init                                0x08005685   Thumb Code    58  ebtn_1.o(i.ebtn_init)
    ebtn_process                             0x080056c5   Thumb Code    94  ebtn_1.o(i.ebtn_process)
    ebtn_process_with_curr_state             0x08005805   Thumb Code   174  ebtn_1.o(i.ebtn_process_with_curr_state)
    ebtn_task                                0x080058b9   Thumb Code    14  btn_app.o(i.ebtn_task)
    key_process_simple                       0x0800594d   Thumb Code    28  key_app.o(i.key_process_simple)
    key_read_raw                             0x0800596d   Thumb Code    84  key_app.o(i.key_read_raw)
    led_disp                                 0x080059c9   Thumb Code   122  led_app.o(i.led_disp)
    led_task                                 0x08005a51   Thumb Code     6  led_app.o(i.led_task)
    main                                     0x08005a5d   Thumb Code    66  main.o(i.main)
    my_ebtn_init                             0x08005aa1   Thumb Code   118  btn_app.o(i.my_ebtn_init)
    my_get_key_state                         0x08005b25   Thumb Code    62  btn_app.o(i.my_get_key_state)
    my_handle_key_event                      0x08005b6d   Thumb Code    90  btn_app.o(i.my_handle_key_event)
    my_printf                                0x08005be1   Thumb Code    50  usart_app.o(i.my_printf)
    oled_task                                0x08005c15   Thumb Code    70  oled_app.o(i.oled_task)
    ringbuffer_init                          0x08005ddd   Thumb Code    42  usart_app.o(i.ringbuffer_init)
    rt_ringbuffer_data_len                   0x08005e15   Thumb Code    48  ringbuffer_1.o(i.rt_ringbuffer_data_len)
    rt_ringbuffer_get                        0x08005e45   Thumb Code   116  ringbuffer_1.o(i.rt_ringbuffer_get)
    rt_ringbuffer_init                       0x08005eb9   Thumb Code    48  ringbuffer_1.o(i.rt_ringbuffer_init)
    rt_ringbuffer_put                        0x08005ee9   Thumb Code   120  ringbuffer_1.o(i.rt_ringbuffer_put)
    scheduler_init                           0x08005f81   Thumb Code     8  scheduler.o(i.scheduler_init)
    scheduler_run                            0x08005f8d   Thumb Code    56  scheduler.o(i.scheduler_run)
    uart_task                                0x08005fc9   Thumb Code    66  usart_app.o(i.uart_task)
    _get_lc_numeric                          0x08006045   Thumb Code    44  lc_numeric_c.o(locale$$code)
    _get_lc_ctype                            0x08006071   Thumb Code    44  lc_ctype_c.o(locale$$code)
    _fp_init                                 0x0800609d   Thumb Code    10  fpinit.o(x$fpl$fpinit)
    __fplib_config_fpu_vfp                   0x080060a5   Thumb Code     0  fpinit.o(x$fpl$fpinit)
    __fplib_config_pureend_doubles           0x080060a5   Thumb Code     0  fpinit.o(x$fpl$fpinit)
    _printf_fp_dec                           0x080060a7   Thumb Code     4  printf1.o(x$fpl$printf1)
    _printf_fp_hex                           0x080060ab   Thumb Code     4  printf2.o(x$fpl$printf2)
    __I$use$fp                               0x080060ae   Number         0  usenofp.o(x$fpl$usenofp)
    AHBPrescTable                            0x080060b6   Data          16  system_stm32f4xx.o(.constdata)
    APBPrescTable                            0x080060c6   Data           8  system_stm32f4xx.o(.constdata)
    key_param_normal                         0x080060ce   Data          14  btn_app.o(.constdata)
    F6X8                                     0x080060dc   Data         552  oled.o(.constdata)
    F8X16                                    0x08006304   Data        1520  oled.o(.constdata)
    Hzk                                      0x080068f4   Data         128  oled.o(.constdata)
    Hzb                                      0x08006974   Data         512  oled.o(.constdata)
    Region$$Table$$Base                      0x08006c94   Number         0  anon$$obj.o(Region$$Table)
    Region$$Table$$Limit                     0x08006cb4   Number         0  anon$$obj.o(Region$$Table)
    __ctype                                  0x08006cdd   Data           0  lc_ctype_c.o(locale$$data)
    uwTickFreq                               0x20000000   Data           1  stm32f4xx_hal.o(.data)
    uwTickPrio                               0x20000004   Data           4  stm32f4xx_hal.o(.data)
    uwTick                                   0x20000008   Data           4  stm32f4xx_hal.o(.data)
    SystemCoreClock                          0x2000000c   Data           4  system_stm32f4xx.o(.data)
    task_num                                 0x20000010   Data           1  scheduler.o(.data)
    ucled                                    0x2000005d   Data           6  led_app.o(.data)
    g_key_current_state                      0x20000063   Data           1  key_app.o(.data)
    g_key_previous_state                     0x20000064   Data           1  key_app.o(.data)
    g_key_pressed_flag                       0x20000065   Data           1  key_app.o(.data)
    g_key_released_flag                      0x20000066   Data           1  key_app.o(.data)
    static_buttons                           0x2000006c   Data         168  btn_app.o(.data)
    AdcConvEnd                               0x20000180   Data           1  adda_app.o(.data)
    initcmd1                                 0x20000183   Data          22  oled.o(.data)
    hadc1                                    0x2000019c   Data          72  adc.o(.bss)
    hdma_adc1                                0x200001e4   Data          96  adc.o(.bss)
    hdac                                     0x20000244   Data          20  dac.o(.bss)
    hdma_dac1                                0x20000258   Data          96  dac.o(.bss)
    hi2c1                                    0x200002b8   Data          84  i2c.o(.bss)
    htim3                                    0x2000030c   Data          72  tim.o(.bss)
    htim6                                    0x20000354   Data          72  tim.o(.bss)
    huart1                                   0x2000039c   Data          72  usart.o(.bss)
    hdma_usart1_rx                           0x200003e4   Data          96  usart.o(.bss)
    uart_rx_dma_buffer                       0x20000444   Data         128  usart_app.o(.bss)
    process_buffer                           0x200006d0   Data         128  usart_app.o(.bss)
    dac_val_buffer                           0x20000750   Data        2000  adda_app.o(.bss)
    adc_val_buffer                           0x20000f20   Data        4000  adda_app.o(.bss)
    SineWave                                 0x20001ec0   Data         200  adda_app.o(.bss)
    __libspace_start                         0x20001fb0   Data          96  libspace.o(.bss)
    __temporary_stack_top$libspace           0x20002010   Data           0  libspace.o(.bss)



==============================================================================

Memory Map of the image

  Image Entry point : 0x080001ad

  Load Region LR_IROM1 (Base: 0x08000000, Size: 0x00006f7c, Max: 0x00080000, ABSOLUTE, COMPRESSED[0x00006e4c])

    Execution Region ER_IROM1 (Exec base: 0x08000000, Load base: 0x08000000, Size: 0x00006de0, Max: 0x00080000, ABSOLUTE)

    Exec Addr    Load Addr    Size         Type   Attr      Idx    E Section Name        Object

    0x08000000   0x08000000   0x000001ac   Data   RO            3    RESET               startup_stm32f429xx.o
    0x080001ac   0x080001ac   0x00000008   Code   RO         4943  * !!!main             c_w.l(__main.o)
    0x080001b4   0x080001b4   0x00000034   Code   RO         5324    !!!scatter          c_w.l(__scatter.o)
    0x080001e8   0x080001e8   0x0000005a   Code   RO         5322    !!dczerorl2         c_w.l(__dczerorl2.o)
    0x08000242   0x08000242   0x00000002   PAD
    0x08000244   0x08000244   0x0000001c   Code   RO         5326    !!handler_zi        c_w.l(__scatter_zi.o)
    0x08000260   0x08000260   0x00000000   Code   RO         5049    .ARM.Collect$$_printf_percent$$00000000  c_w.l(_printf_percent.o)
    0x08000260   0x08000260   0x00000006   Code   RO         5038    .ARM.Collect$$_printf_percent$$00000001  c_w.l(_printf_n.o)
    0x08000266   0x08000266   0x00000006   Code   RO         5040    .ARM.Collect$$_printf_percent$$00000002  c_w.l(_printf_p.o)
    0x0800026c   0x0800026c   0x00000006   Code   RO         5045    .ARM.Collect$$_printf_percent$$00000003  c_w.l(_printf_f.o)
    0x08000272   0x08000272   0x00000006   Code   RO         5046    .ARM.Collect$$_printf_percent$$00000004  c_w.l(_printf_e.o)
    0x08000278   0x08000278   0x00000006   Code   RO         5047    .ARM.Collect$$_printf_percent$$00000005  c_w.l(_printf_g.o)
    0x0800027e   0x0800027e   0x00000006   Code   RO         5048    .ARM.Collect$$_printf_percent$$00000006  c_w.l(_printf_a.o)
    0x08000284   0x08000284   0x0000000a   Code   RO         5053    .ARM.Collect$$_printf_percent$$00000007  c_w.l(_printf_ll.o)
    0x0800028e   0x0800028e   0x00000006   Code   RO         5042    .ARM.Collect$$_printf_percent$$00000008  c_w.l(_printf_i.o)
    0x08000294   0x08000294   0x00000006   Code   RO         5043    .ARM.Collect$$_printf_percent$$00000009  c_w.l(_printf_d.o)
    0x0800029a   0x0800029a   0x00000006   Code   RO         5044    .ARM.Collect$$_printf_percent$$0000000A  c_w.l(_printf_u.o)
    0x080002a0   0x080002a0   0x00000006   Code   RO         5041    .ARM.Collect$$_printf_percent$$0000000B  c_w.l(_printf_o.o)
    0x080002a6   0x080002a6   0x00000006   Code   RO         5039    .ARM.Collect$$_printf_percent$$0000000C  c_w.l(_printf_x.o)
    0x080002ac   0x080002ac   0x00000006   Code   RO         5050    .ARM.Collect$$_printf_percent$$0000000D  c_w.l(_printf_lli.o)
    0x080002b2   0x080002b2   0x00000006   Code   RO         5051    .ARM.Collect$$_printf_percent$$0000000E  c_w.l(_printf_lld.o)
    0x080002b8   0x080002b8   0x00000006   Code   RO         5052    .ARM.Collect$$_printf_percent$$0000000F  c_w.l(_printf_llu.o)
    0x080002be   0x080002be   0x00000006   Code   RO         5057    .ARM.Collect$$_printf_percent$$00000010  c_w.l(_printf_llo.o)
    0x080002c4   0x080002c4   0x00000006   Code   RO         5058    .ARM.Collect$$_printf_percent$$00000011  c_w.l(_printf_llx.o)
    0x080002ca   0x080002ca   0x0000000a   Code   RO         5054    .ARM.Collect$$_printf_percent$$00000012  c_w.l(_printf_l.o)
    0x080002d4   0x080002d4   0x00000006   Code   RO         5036    .ARM.Collect$$_printf_percent$$00000013  c_w.l(_printf_c.o)
    0x080002da   0x080002da   0x00000006   Code   RO         5037    .ARM.Collect$$_printf_percent$$00000014  c_w.l(_printf_s.o)
    0x080002e0   0x080002e0   0x00000006   Code   RO         5055    .ARM.Collect$$_printf_percent$$00000015  c_w.l(_printf_lc.o)
    0x080002e6   0x080002e6   0x00000006   Code   RO         5056    .ARM.Collect$$_printf_percent$$00000016  c_w.l(_printf_ls.o)
    0x080002ec   0x080002ec   0x00000004   Code   RO         5135    .ARM.Collect$$_printf_percent$$00000017  c_w.l(_printf_percent_end.o)
    0x080002f0   0x080002f0   0x00000002   Code   RO         5199    .ARM.Collect$$libinit$$00000000  c_w.l(libinit.o)
    0x080002f2   0x080002f2   0x00000004   Code   RO         5217    .ARM.Collect$$libinit$$00000001  c_w.l(libinit2.o)
    0x080002f6   0x080002f6   0x00000000   Code   RO         5220    .ARM.Collect$$libinit$$00000004  c_w.l(libinit2.o)
    0x080002f6   0x080002f6   0x00000000   Code   RO         5223    .ARM.Collect$$libinit$$0000000A  c_w.l(libinit2.o)
    0x080002f6   0x080002f6   0x00000000   Code   RO         5225    .ARM.Collect$$libinit$$0000000C  c_w.l(libinit2.o)
    0x080002f6   0x080002f6   0x00000000   Code   RO         5227    .ARM.Collect$$libinit$$0000000E  c_w.l(libinit2.o)
    0x080002f6   0x080002f6   0x00000006   Code   RO         5228    .ARM.Collect$$libinit$$0000000F  c_w.l(libinit2.o)
    0x080002fc   0x080002fc   0x00000000   Code   RO         5230    .ARM.Collect$$libinit$$00000011  c_w.l(libinit2.o)
    0x080002fc   0x080002fc   0x0000000c   Code   RO         5231    .ARM.Collect$$libinit$$00000012  c_w.l(libinit2.o)
    0x08000308   0x08000308   0x00000000   Code   RO         5232    .ARM.Collect$$libinit$$00000013  c_w.l(libinit2.o)
    0x08000308   0x08000308   0x00000000   Code   RO         5234    .ARM.Collect$$libinit$$00000015  c_w.l(libinit2.o)
    0x08000308   0x08000308   0x0000000a   Code   RO         5235    .ARM.Collect$$libinit$$00000016  c_w.l(libinit2.o)
    0x08000312   0x08000312   0x00000000   Code   RO         5236    .ARM.Collect$$libinit$$00000017  c_w.l(libinit2.o)
    0x08000312   0x08000312   0x00000000   Code   RO         5238    .ARM.Collect$$libinit$$00000019  c_w.l(libinit2.o)
    0x08000312   0x08000312   0x00000000   Code   RO         5240    .ARM.Collect$$libinit$$0000001B  c_w.l(libinit2.o)
    0x08000312   0x08000312   0x00000000   Code   RO         5242    .ARM.Collect$$libinit$$0000001D  c_w.l(libinit2.o)
    0x08000312   0x08000312   0x00000000   Code   RO         5244    .ARM.Collect$$libinit$$0000001F  c_w.l(libinit2.o)
    0x08000312   0x08000312   0x00000000   Code   RO         5246    .ARM.Collect$$libinit$$00000021  c_w.l(libinit2.o)
    0x08000312   0x08000312   0x00000000   Code   RO         5248    .ARM.Collect$$libinit$$00000023  c_w.l(libinit2.o)
    0x08000312   0x08000312   0x00000000   Code   RO         5250    .ARM.Collect$$libinit$$00000025  c_w.l(libinit2.o)
    0x08000312   0x08000312   0x00000000   Code   RO         5254    .ARM.Collect$$libinit$$0000002C  c_w.l(libinit2.o)
    0x08000312   0x08000312   0x00000000   Code   RO         5256    .ARM.Collect$$libinit$$0000002E  c_w.l(libinit2.o)
    0x08000312   0x08000312   0x00000000   Code   RO         5258    .ARM.Collect$$libinit$$00000030  c_w.l(libinit2.o)
    0x08000312   0x08000312   0x00000000   Code   RO         5260    .ARM.Collect$$libinit$$00000032  c_w.l(libinit2.o)
    0x08000312   0x08000312   0x00000002   Code   RO         5261    .ARM.Collect$$libinit$$00000033  c_w.l(libinit2.o)
    0x08000314   0x08000314   0x00000002   Code   RO         5293    .ARM.Collect$$libshutdown$$00000000  c_w.l(libshutdown.o)
    0x08000316   0x08000316   0x00000000   Code   RO         5303    .ARM.Collect$$libshutdown$$00000002  c_w.l(libshutdown2.o)
    0x08000316   0x08000316   0x00000000   Code   RO         5305    .ARM.Collect$$libshutdown$$00000004  c_w.l(libshutdown2.o)
    0x08000316   0x08000316   0x00000000   Code   RO         5307    .ARM.Collect$$libshutdown$$00000006  c_w.l(libshutdown2.o)
    0x08000316   0x08000316   0x00000000   Code   RO         5310    .ARM.Collect$$libshutdown$$00000009  c_w.l(libshutdown2.o)
    0x08000316   0x08000316   0x00000000   Code   RO         5313    .ARM.Collect$$libshutdown$$0000000C  c_w.l(libshutdown2.o)
    0x08000316   0x08000316   0x00000000   Code   RO         5315    .ARM.Collect$$libshutdown$$0000000E  c_w.l(libshutdown2.o)
    0x08000316   0x08000316   0x00000000   Code   RO         5318    .ARM.Collect$$libshutdown$$00000011  c_w.l(libshutdown2.o)
    0x08000316   0x08000316   0x00000002   Code   RO         5319    .ARM.Collect$$libshutdown$$00000012  c_w.l(libshutdown2.o)
    0x08000318   0x08000318   0x00000000   Code   RO         4959    .ARM.Collect$$rtentry$$00000000  c_w.l(__rtentry.o)
    0x08000318   0x08000318   0x00000000   Code   RO         5097    .ARM.Collect$$rtentry$$00000002  c_w.l(__rtentry2.o)
    0x08000318   0x08000318   0x00000006   Code   RO         5109    .ARM.Collect$$rtentry$$00000004  c_w.l(__rtentry4.o)
    0x0800031e   0x0800031e   0x00000000   Code   RO         5099    .ARM.Collect$$rtentry$$00000009  c_w.l(__rtentry2.o)
    0x0800031e   0x0800031e   0x00000004   Code   RO         5100    .ARM.Collect$$rtentry$$0000000A  c_w.l(__rtentry2.o)
    0x08000322   0x08000322   0x00000000   Code   RO         5102    .ARM.Collect$$rtentry$$0000000C  c_w.l(__rtentry2.o)
    0x08000322   0x08000322   0x00000008   Code   RO         5103    .ARM.Collect$$rtentry$$0000000D  c_w.l(__rtentry2.o)
    0x0800032a   0x0800032a   0x00000002   Code   RO         5206    .ARM.Collect$$rtexit$$00000000  c_w.l(rtexit.o)
    0x0800032c   0x0800032c   0x00000000   Code   RO         5263    .ARM.Collect$$rtexit$$00000002  c_w.l(rtexit2.o)
    0x0800032c   0x0800032c   0x00000004   Code   RO         5264    .ARM.Collect$$rtexit$$00000003  c_w.l(rtexit2.o)
    0x08000330   0x08000330   0x00000006   Code   RO         5265    .ARM.Collect$$rtexit$$00000004  c_w.l(rtexit2.o)
    0x08000336   0x08000336   0x00000002   PAD
    0x08000338   0x08000338   0x00000040   Code   RO            4    .text               startup_stm32f429xx.o
    0x08000378   0x08000378   0x000000ee   Code   RO         4929    .text               c_w.l(lludivv7m.o)
    0x08000466   0x08000466   0x00000002   PAD
    0x08000468   0x08000468   0x00000034   Code   RO         4931    .text               c_w.l(vsnprintf.o)
    0x0800049c   0x0800049c   0x00000016   Code   RO         4933    .text               c_w.l(abort.o)
    0x080004b2   0x080004b2   0x00000058   Code   RO         4935    .text               c_w.l(memcmp.o)
    0x0800050a   0x0800050a   0x0000008a   Code   RO         4937    .text               c_w.l(rt_memcpy_v6.o)
    0x08000594   0x08000594   0x0000004e   Code   RO         4939    .text               c_w.l(rt_memclr_w.o)
    0x080005e2   0x080005e2   0x00000006   Code   RO         4941    .text               c_w.l(heapauxi.o)
    0x080005e8   0x080005e8   0x0000000c   Code   RO         4957    .text               c_w.l(sys_exit.o)
    0x080005f4   0x080005f4   0x00000016   Code   RO         4964    .text               c_w.l(_rserrno.o)
    0x0800060a   0x0800060a   0x0000004e   Code   RO         4968    .text               c_w.l(_printf_pad.o)
    0x08000658   0x08000658   0x00000024   Code   RO         4970    .text               c_w.l(_printf_truncate.o)
    0x0800067c   0x0800067c   0x00000052   Code   RO         4972    .text               c_w.l(_printf_str.o)
    0x080006ce   0x080006ce   0x00000002   PAD
    0x080006d0   0x080006d0   0x00000078   Code   RO         4974    .text               c_w.l(_printf_dec.o)
    0x08000748   0x08000748   0x00000028   Code   RO         4976    .text               c_w.l(_printf_charcount.o)
    0x08000770   0x08000770   0x00000030   Code   RO         4978    .text               c_w.l(_printf_char_common.o)
    0x080007a0   0x080007a0   0x0000000a   Code   RO         4980    .text               c_w.l(_sputc.o)
    0x080007aa   0x080007aa   0x00000010   Code   RO         4982    .text               c_w.l(_snputc.o)
    0x080007ba   0x080007ba   0x00000002   PAD
    0x080007bc   0x080007bc   0x000000bc   Code   RO         4984    .text               c_w.l(_printf_wctomb.o)
    0x08000878   0x08000878   0x0000007c   Code   RO         4987    .text               c_w.l(_printf_longlong_dec.o)
    0x080008f4   0x080008f4   0x00000070   Code   RO         4993    .text               c_w.l(_printf_oct_int_ll.o)
    0x08000964   0x08000964   0x00000094   Code   RO         5013    .text               c_w.l(_printf_hex_int_ll_ptr.o)
    0x080009f8   0x080009f8   0x00000188   Code   RO         5033    .text               c_w.l(__printf_flags_ss_wp.o)
    0x08000b80   0x08000b80   0x0000000e   Code   RO         5059    .text               c_w.l(defsig_abrt_outer.o)
    0x08000b8e   0x08000b8e   0x00000064   Code   RO         5063    .text               c_w.l(rt_memcpy_w.o)
    0x08000bf2   0x08000bf2   0x00000002   Code   RO         5093    .text               c_w.l(use_no_semi.o)
    0x08000bf4   0x08000bf4   0x00000000   Code   RO         5095    .text               c_w.l(indicate_semi.o)
    0x08000bf4   0x08000bf4   0x00000008   Code   RO         5118    .text               c_w.l(rt_errno_addr_intlibspace.o)
    0x08000bfc   0x08000bfc   0x0000008a   Code   RO         5120    .text               c_w.l(lludiv10.o)
    0x08000c86   0x08000c86   0x000000b2   Code   RO         5122    .text               c_w.l(_printf_intcommon.o)
    0x08000d38   0x08000d38   0x0000041e   Code   RO         5124    .text               c_w.l(_printf_fp_dec.o)
    0x08001156   0x08001156   0x00000002   PAD
    0x08001158   0x08001158   0x000002fc   Code   RO         5126    .text               c_w.l(_printf_fp_hex.o)
    0x08001454   0x08001454   0x0000002c   Code   RO         5131    .text               c_w.l(_printf_char.o)
    0x08001480   0x08001480   0x0000002c   Code   RO         5133    .text               c_w.l(_printf_wchar.o)
    0x080014ac   0x080014ac   0x00000040   Code   RO         5136    .text               c_w.l(_wcrtomb.o)
    0x080014ec   0x080014ec   0x0000000a   Code   RO         5138    .text               c_w.l(defsig_exit.o)
    0x080014f6   0x080014f6   0x00000002   PAD
    0x080014f8   0x080014f8   0x00000030   Code   RO         5140    .text               c_w.l(defsig_abrt_inner.o)
    0x08001528   0x08001528   0x00000008   Code   RO         5142    .text               c_w.l(libspace.o)
    0x08001530   0x08001530   0x0000004a   Code   RO         5145    .text               c_w.l(sys_stackheap_outer.o)
    0x0800157a   0x0800157a   0x00000002   PAD
    0x0800157c   0x0800157c   0x00000010   Code   RO         5147    .text               c_w.l(rt_ctype_table.o)
    0x0800158c   0x0800158c   0x00000008   Code   RO         5152    .text               c_w.l(rt_locale_intlibspace.o)
    0x08001594   0x08001594   0x00000080   Code   RO         5154    .text               c_w.l(_printf_fp_infnan.o)
    0x08001614   0x08001614   0x000000e4   Code   RO         5156    .text               c_w.l(bigflt0.o)
    0x080016f8   0x080016f8   0x00000012   Code   RO         5184    .text               c_w.l(exit.o)
    0x0800170a   0x0800170a   0x00000032   Code   RO         5188    .text               c_w.l(defsig_general.o)
    0x0800173c   0x0800173c   0x0000000e   Code   RO         5204    .text               c_w.l(sys_wrch.o)
    0x0800174a   0x0800174a   0x00000002   PAD
    0x0800174c   0x0800174c   0x00000080   Code   RO         5215    .text               c_w.l(strcmpv7m.o)
    0x080017cc   0x080017cc   0x0000003e   Code   RO         5159    CL$$btod_d2e        c_w.l(btod.o)
    0x0800180a   0x0800180a   0x00000046   Code   RO         5161    CL$$btod_d2e_denorm_low  c_w.l(btod.o)
    0x08001850   0x08001850   0x00000060   Code   RO         5160    CL$$btod_d2e_norm_op1  c_w.l(btod.o)
    0x080018b0   0x080018b0   0x00000338   Code   RO         5169    CL$$btod_div_common  c_w.l(btod.o)
    0x08001be8   0x08001be8   0x000000dc   Code   RO         5166    CL$$btod_e2e        c_w.l(btod.o)
    0x08001cc4   0x08001cc4   0x0000002a   Code   RO         5163    CL$$btod_ediv       c_w.l(btod.o)
    0x08001cee   0x08001cee   0x0000002a   Code   RO         5162    CL$$btod_emul       c_w.l(btod.o)
    0x08001d18   0x08001d18   0x00000244   Code   RO         5168    CL$$btod_mult_common  c_w.l(btod.o)
    0x08001f5c   0x08001f5c   0x0000006e   Code   RO          633    i.ADC_DMAConvCplt   stm32f4xx_hal_adc.o
    0x08001fca   0x08001fca   0x00000016   Code   RO          634    i.ADC_DMAError      stm32f4xx_hal_adc.o
    0x08001fe0   0x08001fe0   0x0000000a   Code   RO          635    i.ADC_DMAHalfConvCplt  stm32f4xx_hal_adc.o
    0x08001fea   0x08001fea   0x00000002   PAD
    0x08001fec   0x08001fec   0x0000000c   Code   RO          503    i.ADC_IRQHandler    stm32f4xx_it.o
    0x08001ff8   0x08001ff8   0x00000128   Code   RO          636    i.ADC_Init          stm32f4xx_hal_adc.o
    0x08002120   0x08002120   0x00000002   Code   RO          504    i.BusFault_Handler  stm32f4xx_it.o
    0x08002122   0x08002122   0x00000010   Code   RO         2143    i.DAC_DMAConvCpltCh1  stm32f4xx_hal_dac.o
    0x08002132   0x08002132   0x00000010   Code   RO         2287    i.DAC_DMAConvCpltCh2  stm32f4xx_hal_dac_ex.o
    0x08002142   0x08002142   0x00000018   Code   RO         2144    i.DAC_DMAErrorCh1   stm32f4xx_hal_dac.o
    0x0800215a   0x0800215a   0x00000018   Code   RO         2288    i.DAC_DMAErrorCh2   stm32f4xx_hal_dac_ex.o
    0x08002172   0x08002172   0x0000000a   Code   RO         2145    i.DAC_DMAHalfConvCpltCh1  stm32f4xx_hal_dac.o
    0x0800217c   0x0800217c   0x0000000a   Code   RO         2289    i.DAC_DMAHalfConvCpltCh2  stm32f4xx_hal_dac_ex.o
    0x08002186   0x08002186   0x00000002   PAD
    0x08002188   0x08002188   0x0000000c   Code   RO          505    i.DMA1_Stream5_IRQHandler  stm32f4xx_it.o
    0x08002194   0x08002194   0x0000000c   Code   RO          506    i.DMA2_Stream0_IRQHandler  stm32f4xx_it.o
    0x080021a0   0x080021a0   0x0000000c   Code   RO          507    i.DMA2_Stream2_IRQHandler  stm32f4xx_it.o
    0x080021ac   0x080021ac   0x00000028   Code   RO         1422    i.DMA_CalcBaseAndBitshift  stm32f4xx_hal_dma.o
    0x080021d4   0x080021d4   0x00000054   Code   RO         1423    i.DMA_CheckFifoParam  stm32f4xx_hal_dma.o
    0x08002228   0x08002228   0x00000028   Code   RO         1424    i.DMA_SetConfig     stm32f4xx_hal_dma.o
    0x08002250   0x08002250   0x00000002   Code   RO          508    i.DebugMon_Handler  stm32f4xx_it.o
    0x08002252   0x08002252   0x00000004   Code   RO           13    i.Error_Handler     main.o
    0x08002256   0x08002256   0x00000002   PAD
    0x08002258   0x08002258   0x00000084   Code   RO         4495    i.Generate_Sine_Wave  adda_app.o
    0x080022dc   0x080022dc   0x00000002   Code   RO          807    i.HAL_ADCEx_InjectedConvCpltCallback  stm32f4xx_hal_adc_ex.o
    0x080022de   0x080022de   0x00000002   PAD
    0x080022e0   0x080022e0   0x00000164   Code   RO          638    i.HAL_ADC_ConfigChannel  stm32f4xx_hal_adc.o
    0x08002444   0x08002444   0x00000020   Code   RO         4496    i.HAL_ADC_ConvCpltCallback  adda_app.o
    0x08002464   0x08002464   0x00000002   Code   RO          640    i.HAL_ADC_ConvHalfCpltCallback  stm32f4xx_hal_adc.o
    0x08002466   0x08002466   0x00000002   Code   RO          642    i.HAL_ADC_ErrorCallback  stm32f4xx_hal_adc.o
    0x08002468   0x08002468   0x0000012e   Code   RO          646    i.HAL_ADC_IRQHandler  stm32f4xx_hal_adc.o
    0x08002596   0x08002596   0x00000054   Code   RO          647    i.HAL_ADC_Init      stm32f4xx_hal_adc.o
    0x080025ea   0x080025ea   0x00000002   Code   RO          648    i.HAL_ADC_LevelOutOfWindowCallback  stm32f4xx_hal_adc.o
    0x080025ec   0x080025ec   0x000000c8   Code   RO          260    i.HAL_ADC_MspInit   adc.o
    0x080026b4   0x080026b4   0x00000158   Code   RO          654    i.HAL_ADC_Start_DMA  stm32f4xx_hal_adc.o
    0x0800280c   0x0800280c   0x0000006c   Code   RO          657    i.HAL_ADC_Stop_DMA  stm32f4xx_hal_adc.o
    0x08002878   0x08002878   0x00000002   Code   RO         2290    i.HAL_DACEx_ConvCpltCallbackCh2  stm32f4xx_hal_dac_ex.o
    0x0800287a   0x0800287a   0x00000002   Code   RO         2291    i.HAL_DACEx_ConvHalfCpltCallbackCh2  stm32f4xx_hal_dac_ex.o
    0x0800287c   0x0800287c   0x00000002   Code   RO         2297    i.HAL_DACEx_ErrorCallbackCh2  stm32f4xx_hal_dac_ex.o
    0x0800287e   0x0800287e   0x0000004e   Code   RO         2146    i.HAL_DAC_ConfigChannel  stm32f4xx_hal_dac.o
    0x080028cc   0x080028cc   0x00000002   Code   RO         2147    i.HAL_DAC_ConvCpltCallbackCh1  stm32f4xx_hal_dac.o
    0x080028ce   0x080028ce   0x00000002   Code   RO         2148    i.HAL_DAC_ConvHalfCpltCallbackCh1  stm32f4xx_hal_dac.o
    0x080028d0   0x080028d0   0x00000002   Code   RO         2151    i.HAL_DAC_ErrorCallbackCh1  stm32f4xx_hal_dac.o
    0x080028d2   0x080028d2   0x00000028   Code   RO         2156    i.HAL_DAC_Init      stm32f4xx_hal_dac.o
    0x080028fa   0x080028fa   0x00000002   PAD
    0x080028fc   0x080028fc   0x000000a0   Code   RO          302    i.HAL_DAC_MspInit   dac.o
    0x0800299c   0x0800299c   0x000000e0   Code   RO         2161    i.HAL_DAC_Start_DMA  stm32f4xx_hal_dac.o
    0x08002a7c   0x08002a7c   0x00000092   Code   RO         1425    i.HAL_DMA_Abort     stm32f4xx_hal_dma.o
    0x08002b0e   0x08002b0e   0x00000024   Code   RO         1426    i.HAL_DMA_Abort_IT  stm32f4xx_hal_dma.o
    0x08002b32   0x08002b32   0x00000002   PAD
    0x08002b34   0x08002b34   0x000001a0   Code   RO         1430    i.HAL_DMA_IRQHandler  stm32f4xx_hal_dma.o
    0x08002cd4   0x08002cd4   0x000000d4   Code   RO         1431    i.HAL_DMA_Init      stm32f4xx_hal_dma.o
    0x08002da8   0x08002da8   0x0000006e   Code   RO         1435    i.HAL_DMA_Start_IT  stm32f4xx_hal_dma.o
    0x08002e16   0x08002e16   0x00000002   PAD
    0x08002e18   0x08002e18   0x00000024   Code   RO         1880    i.HAL_Delay         stm32f4xx_hal.o
    0x08002e3c   0x08002e3c   0x00000234   Code   RO         1318    i.HAL_GPIO_Init     stm32f4xx_hal_gpio.o
    0x08003070   0x08003070   0x0000000a   Code   RO         1320    i.HAL_GPIO_ReadPin  stm32f4xx_hal_gpio.o
    0x0800307a   0x0800307a   0x0000000a   Code   RO         1322    i.HAL_GPIO_WritePin  stm32f4xx_hal_gpio.o
    0x08003084   0x08003084   0x0000000c   Code   RO         1888    i.HAL_GetTick       stm32f4xx_hal.o
    0x08003090   0x08003090   0x00000042   Code   RO         2820    i.HAL_I2CEx_ConfigAnalogFilter  stm32f4xx_hal_i2c_ex.o
    0x080030d2   0x080030d2   0x0000003e   Code   RO         2821    i.HAL_I2CEx_ConfigDigitalFilter  stm32f4xx_hal_i2c_ex.o
    0x08003110   0x08003110   0x00000188   Code   RO         2394    i.HAL_I2C_Init      stm32f4xx_hal_i2c.o
    0x08003298   0x08003298   0x00000130   Code   RO         2415    i.HAL_I2C_Mem_Write  stm32f4xx_hal_i2c.o
    0x080033c8   0x080033c8   0x0000006c   Code   RO          368    i.HAL_I2C_MspInit   i2c.o
    0x08003434   0x08003434   0x00000010   Code   RO         1894    i.HAL_IncTick       stm32f4xx_hal.o
    0x08003444   0x08003444   0x00000034   Code   RO         1895    i.HAL_Init          stm32f4xx_hal.o
    0x08003478   0x08003478   0x00000040   Code   RO         1896    i.HAL_InitTick      stm32f4xx_hal.o
    0x080034b8   0x080034b8   0x00000030   Code   RO          609    i.HAL_MspInit       stm32f4xx_hal_msp.o
    0x080034e8   0x080034e8   0x0000001a   Code   RO         1728    i.HAL_NVIC_EnableIRQ  stm32f4xx_hal_cortex.o
    0x08003502   0x08003502   0x00000002   PAD
    0x08003504   0x08003504   0x00000040   Code   RO         1734    i.HAL_NVIC_SetPriority  stm32f4xx_hal_cortex.o
    0x08003544   0x08003544   0x00000024   Code   RO         1735    i.HAL_NVIC_SetPriorityGrouping  stm32f4xx_hal_cortex.o
    0x08003568   0x08003568   0x00000070   Code   RO         1654    i.HAL_PWREx_EnableOverDrive  stm32f4xx_hal_pwr_ex.o
    0x080035d8   0x080035d8   0x00000134   Code   RO          912    i.HAL_RCC_ClockConfig  stm32f4xx_hal_rcc.o
    0x0800370c   0x0800370c   0x00000020   Code   RO          919    i.HAL_RCC_GetPCLK1Freq  stm32f4xx_hal_rcc.o
    0x0800372c   0x0800372c   0x00000020   Code   RO          920    i.HAL_RCC_GetPCLK2Freq  stm32f4xx_hal_rcc.o
    0x0800374c   0x0800374c   0x00000064   Code   RO          921    i.HAL_RCC_GetSysClockFreq  stm32f4xx_hal_rcc.o
    0x080037b0   0x080037b0   0x0000036c   Code   RO          924    i.HAL_RCC_OscConfig  stm32f4xx_hal_rcc.o
    0x08003b1c   0x08003b1c   0x00000028   Code   RO         1739    i.HAL_SYSTICK_Config  stm32f4xx_hal_cortex.o
    0x08003b44   0x08003b44   0x00000090   Code   RO         3575    i.HAL_TIMEx_MasterConfigSynchronization  stm32f4xx_hal_tim_ex.o
    0x08003bd4   0x08003bd4   0x0000005a   Code   RO         2852    i.HAL_TIM_Base_Init  stm32f4xx_hal_tim.o
    0x08003c2e   0x08003c2e   0x00000002   PAD
    0x08003c30   0x08003c30   0x00000040   Code   RO          410    i.HAL_TIM_Base_MspInit  tim.o
    0x08003c70   0x08003c70   0x00000078   Code   RO         2855    i.HAL_TIM_Base_Start  stm32f4xx_hal_tim.o
    0x08003ce8   0x08003ce8   0x000000dc   Code   RO         2861    i.HAL_TIM_ConfigClockSource  stm32f4xx_hal_tim.o
    0x08003dc4   0x08003dc4   0x0000004a   Code   RO         3833    i.HAL_UARTEx_ReceiveToIdle_DMA  stm32f4xx_hal_uart.o
    0x08003e0e   0x08003e0e   0x00000002   PAD
    0x08003e10   0x08003e10   0x0000004c   Code   RO         4432    i.HAL_UARTEx_RxEventCallback  usart_app.o
    0x08003e5c   0x08003e5c   0x00000070   Code   RO         3847    i.HAL_UART_DMAStop  stm32f4xx_hal_uart.o
    0x08003ecc   0x08003ecc   0x00000002   Code   RO         3849    i.HAL_UART_ErrorCallback  stm32f4xx_hal_uart.o
    0x08003ece   0x08003ece   0x00000002   PAD
    0x08003ed0   0x08003ed0   0x00000280   Code   RO         3852    i.HAL_UART_IRQHandler  stm32f4xx_hal_uart.o
    0x08004150   0x08004150   0x00000064   Code   RO         3853    i.HAL_UART_Init     stm32f4xx_hal_uart.o
    0x080041b4   0x080041b4   0x000000b0   Code   RO          458    i.HAL_UART_MspInit  usart.o
    0x08004264   0x08004264   0x00000002   Code   RO         3859    i.HAL_UART_RxCpltCallback  stm32f4xx_hal_uart.o
    0x08004266   0x08004266   0x00000002   Code   RO         3860    i.HAL_UART_RxHalfCpltCallback  stm32f4xx_hal_uart.o
    0x08004268   0x08004268   0x000000a0   Code   RO         3861    i.HAL_UART_Transmit  stm32f4xx_hal_uart.o
    0x08004308   0x08004308   0x00000002   Code   RO         3864    i.HAL_UART_TxCpltCallback  stm32f4xx_hal_uart.o
    0x0800430a   0x0800430a   0x00000002   Code   RO          509    i.HardFault_Handler  stm32f4xx_it.o
    0x0800430c   0x0800430c   0x0000002e   Code   RO         2437    i.I2C_IsAcknowledgeFailed  stm32f4xx_hal_i2c.o
    0x0800433a   0x0800433a   0x00000002   PAD
    0x0800433c   0x0800433c   0x000000a8   Code   RO         2448    i.I2C_RequestMemoryWrite  stm32f4xx_hal_i2c.o
    0x080043e4   0x080043e4   0x00000056   Code   RO         2452    i.I2C_WaitOnBTFFlagUntilTimeout  stm32f4xx_hal_i2c.o
    0x0800443a   0x0800443a   0x00000002   PAD
    0x0800443c   0x0800443c   0x00000090   Code   RO         2453    i.I2C_WaitOnFlagUntilTimeout  stm32f4xx_hal_i2c.o
    0x080044cc   0x080044cc   0x000000bc   Code   RO         2454    i.I2C_WaitOnMasterAddressFlagUntilTimeout  stm32f4xx_hal_i2c.o
    0x08004588   0x08004588   0x00000056   Code   RO         2456    i.I2C_WaitOnTXEFlagUntilTimeout  stm32f4xx_hal_i2c.o
    0x080045de   0x080045de   0x00000002   PAD
    0x080045e0   0x080045e0   0x00000078   Code   RO          261    i.MX_ADC1_Init      adc.o
    0x08004658   0x08004658   0x0000003c   Code   RO          303    i.MX_DAC_Init       dac.o
    0x08004694   0x08004694   0x0000005c   Code   RO          343    i.MX_DMA_Init       dma.o
    0x080046f0   0x080046f0   0x000000f0   Code   RO          235    i.MX_GPIO_Init      gpio.o
    0x080047e0   0x080047e0   0x0000005c   Code   RO          369    i.MX_I2C1_Init      i2c.o
    0x0800483c   0x0800483c   0x00000068   Code   RO          411    i.MX_TIM3_Init      tim.o
    0x080048a4   0x080048a4   0x00000044   Code   RO          412    i.MX_TIM6_Init      tim.o
    0x080048e8   0x080048e8   0x00000038   Code   RO          459    i.MX_USART1_UART_Init  usart.o
    0x08004920   0x08004920   0x00000002   Code   RO          510    i.MemManage_Handler  stm32f4xx_it.o
    0x08004922   0x08004922   0x00000002   Code   RO          511    i.NMI_Handler       stm32f4xx_it.o
    0x08004924   0x08004924   0x00000034   Code   RO         4818    i.OLED_Clear        oled.o
    0x08004958   0x08004958   0x00000030   Code   RO         4821    i.OLED_Init         oled.o
    0x08004988   0x08004988   0x00000022   Code   RO         4822    i.OLED_Set_Position  oled.o
    0x080049aa   0x080049aa   0x00000002   PAD
    0x080049ac   0x080049ac   0x00000088   Code   RO         4823    i.OLED_ShowChar     oled.o
    0x08004a34   0x08004a34   0x00000036   Code   RO         4829    i.OLED_ShowStr      oled.o
    0x08004a6a   0x08004a6a   0x00000002   PAD
    0x08004a6c   0x08004a6c   0x00000024   Code   RO         4830    i.OLED_Write_cmd    oled.o
    0x08004a90   0x08004a90   0x00000024   Code   RO         4831    i.OLED_Write_data   oled.o
    0x08004ab4   0x08004ab4   0x0000003a   Code   RO         4552    i.Oled_Printf       oled_app.o
    0x08004aee   0x08004aee   0x00000002   Code   RO          512    i.PendSV_Handler    stm32f4xx_it.o
    0x08004af0   0x08004af0   0x00000002   Code   RO          513    i.SVC_Handler       stm32f4xx_it.o
    0x08004af2   0x08004af2   0x00000004   Code   RO          514    i.SysTick_Handler   stm32f4xx_it.o
    0x08004af6   0x08004af6   0x00000002   PAD
    0x08004af8   0x08004af8   0x0000009c   Code   RO           14    i.SystemClock_Config  main.o
    0x08004b94   0x08004b94   0x00000010   Code   RO         4187    i.SystemInit        system_stm32f4xx.o
    0x08004ba4   0x08004ba4   0x000000d0   Code   RO         2945    i.TIM_Base_SetConfig  stm32f4xx_hal_tim.o
    0x08004c74   0x08004c74   0x00000014   Code   RO         2956    i.TIM_ETR_SetConfig  stm32f4xx_hal_tim.o
    0x08004c88   0x08004c88   0x00000010   Code   RO         2957    i.TIM_ITRx_SetConfig  stm32f4xx_hal_tim.o
    0x08004c98   0x08004c98   0x00000022   Code   RO         2963    i.TIM_TI1_ConfigInputStage  stm32f4xx_hal_tim.o
    0x08004cba   0x08004cba   0x00000024   Code   RO         2965    i.TIM_TI2_ConfigInputStage  stm32f4xx_hal_tim.o
    0x08004cde   0x08004cde   0x0000000e   Code   RO         3866    i.UART_DMAAbortOnError  stm32f4xx_hal_uart.o
    0x08004cec   0x08004cec   0x0000004a   Code   RO         3867    i.UART_DMAError     stm32f4xx_hal_uart.o
    0x08004d36   0x08004d36   0x00000086   Code   RO         3868    i.UART_DMAReceiveCplt  stm32f4xx_hal_uart.o
    0x08004dbc   0x08004dbc   0x0000001e   Code   RO         3870    i.UART_DMARxHalfCplt  stm32f4xx_hal_uart.o
    0x08004dda   0x08004dda   0x0000004e   Code   RO         3876    i.UART_EndRxTransfer  stm32f4xx_hal_uart.o
    0x08004e28   0x08004e28   0x0000001c   Code   RO         3877    i.UART_EndTxTransfer  stm32f4xx_hal_uart.o
    0x08004e44   0x08004e44   0x000000c2   Code   RO         3878    i.UART_Receive_IT   stm32f4xx_hal_uart.o
    0x08004f06   0x08004f06   0x00000002   PAD
    0x08004f08   0x08004f08   0x0000010c   Code   RO         3879    i.UART_SetConfig    stm32f4xx_hal_uart.o
    0x08005014   0x08005014   0x000000a0   Code   RO         3880    i.UART_Start_Receive_DMA  stm32f4xx_hal_uart.o
    0x080050b4   0x080050b4   0x00000072   Code   RO         3882    i.UART_WaitOnFlagUntilTimeout  stm32f4xx_hal_uart.o
    0x08005126   0x08005126   0x00000002   PAD
    0x08005128   0x08005128   0x0000000c   Code   RO          515    i.USART1_IRQHandler  stm32f4xx_it.o
    0x08005134   0x08005134   0x00000002   Code   RO          516    i.UsageFault_Handler  stm32f4xx_it.o
    0x08005136   0x08005136   0x00000030   Code   RO         5202    i.__ARM_fpclassify  m_wm.l(fpclassify.o)
    0x08005166   0x08005166   0x00000026   Code   RO         5074    i.__ARM_fpclassifyf  m_wm.l(fpclassifyf.o)
    0x0800518c   0x0800518c   0x00000020   Code   RO         1741    i.__NVIC_SetPriority  stm32f4xx_hal_cortex.o
    0x080051ac   0x080051ac   0x00000190   Code   RO         4945    i.__hardfp_sinf     m_wm.l(sinf.o)
    0x0800533c   0x0800533c   0x00000006   Code   RO         5077    i.__mathlib_flt_infnan  m_wm.l(funder.o)
    0x08005342   0x08005342   0x00000002   PAD
    0x08005344   0x08005344   0x00000010   Code   RO         5079    i.__mathlib_flt_invalid  m_wm.l(funder.o)
    0x08005354   0x08005354   0x00000010   Code   RO         5082    i.__mathlib_flt_underflow  m_wm.l(funder.o)
    0x08005364   0x08005364   0x00000154   Code   RO         5090    i.__mathlib_rredf2  m_wm.l(rredf.o)
    0x080054b8   0x080054b8   0x0000000e   Code   RO         5026    i._is_digit         c_w.l(__printf_wp.o)
    0x080054c6   0x080054c6   0x00000002   PAD
    0x080054c8   0x080054c8   0x00000090   Code   RO         4497    i.adc_task          adda_app.o
    0x08005558   0x08005558   0x00000034   Code   RO         4498    i.adc_tim_dma_init  adda_app.o
    0x0800558c   0x0800558c   0x00000026   Code   RO         4584    i.bit_array_and     ebtn_1.o
    0x080055b2   0x080055b2   0x0000001e   Code   RO         4585    i.bit_array_assign  ebtn_1.o
    0x080055d0   0x080055d0   0x0000000c   Code   RO         4586    i.bit_array_cmp     ebtn_1.o
    0x080055dc   0x080055dc   0x00000012   Code   RO         4587    i.bit_array_get     ebtn_1.o
    0x080055ee   0x080055ee   0x00000002   PAD
    0x080055f0   0x080055f0   0x0000003c   Code   RO         4499    i.dac_sin_init      adda_app.o
    0x0800562c   0x0800562c   0x00000016   Code   RO         4589    i.ebtn_combo_btn_add_btn_by_idx  ebtn_1.o
    0x08005642   0x08005642   0x00000002   PAD
    0x08005644   0x08005644   0x00000040   Code   RO         4596    i.ebtn_get_btn_index_by_key_id  ebtn_1.o
    0x08005684   0x08005684   0x00000040   Code   RO         4598    i.ebtn_init         ebtn_1.o
    0x080056c4   0x080056c4   0x00000064   Code   RO         4602    i.ebtn_process      ebtn_1.o
    0x08005728   0x08005728   0x0000002e   Code   RO         4603    i.ebtn_process_btn  ebtn_1.o
    0x08005756   0x08005756   0x00000002   PAD
    0x08005758   0x08005758   0x000000ac   Code   RO         4604    i.ebtn_process_btn_combo  ebtn_1.o
    0x08005804   0x08005804   0x000000b4   Code   RO         4605    i.ebtn_process_with_curr_state  ebtn_1.o
    0x080058b8   0x080058b8   0x0000000e   Code   RO         4366    i.ebtn_task         btn_app.o
    0x080058c6   0x080058c6   0x00000002   PAD
    0x080058c8   0x080058c8   0x00000048   Code   RO         4367    i.is_button_pressed  btn_app.o
    0x08005910   0x08005910   0x0000003a   Code   RO         4368    i.is_combo_forming  btn_app.o
    0x0800594a   0x0800594a   0x00000002   PAD
    0x0800594c   0x0800594c   0x00000020   Code   RO         4329    i.key_process_simple  key_app.o
    0x0800596c   0x0800596c   0x0000005c   Code   RO         4330    i.key_read_raw      key_app.o
    0x080059c8   0x080059c8   0x00000088   Code   RO         4292    i.led_disp          led_app.o
    0x08005a50   0x08005a50   0x0000000c   Code   RO         4293    i.led_task          led_app.o
    0x08005a5c   0x08005a5c   0x00000042   Code   RO           15    i.main              main.o
    0x08005a9e   0x08005a9e   0x00000002   PAD
    0x08005aa0   0x08005aa0   0x00000084   Code   RO         4369    i.my_ebtn_init      btn_app.o
    0x08005b24   0x08005b24   0x00000048   Code   RO         4370    i.my_get_key_state  btn_app.o
    0x08005b6c   0x08005b6c   0x00000074   Code   RO         4371    i.my_handle_key_event  btn_app.o
    0x08005be0   0x08005be0   0x00000032   Code   RO         4433    i.my_printf         usart_app.o
    0x08005c12   0x08005c12   0x00000002   PAD
    0x08005c14   0x08005c14   0x0000007c   Code   RO         4553    i.oled_task         oled_app.o
    0x08005c90   0x08005c90   0x0000014c   Code   RO         4607    i.prv_process_btn   ebtn_1.o
    0x08005ddc   0x08005ddc   0x00000038   Code   RO         4434    i.ringbuffer_init   usart_app.o
    0x08005e14   0x08005e14   0x00000030   Code   RO         4735    i.rt_ringbuffer_data_len  ringbuffer_1.o
    0x08005e44   0x08005e44   0x00000074   Code   RO         4736    i.rt_ringbuffer_get  ringbuffer_1.o
    0x08005eb8   0x08005eb8   0x00000030   Code   RO         4738    i.rt_ringbuffer_init  ringbuffer_1.o
    0x08005ee8   0x08005ee8   0x00000078   Code   RO         4740    i.rt_ringbuffer_put  ringbuffer_1.o
    0x08005f60   0x08005f60   0x00000020   Code   RO         4745    i.rt_ringbuffer_status  ringbuffer_1.o
    0x08005f80   0x08005f80   0x0000000c   Code   RO         4224    i.scheduler_init    scheduler.o
    0x08005f8c   0x08005f8c   0x0000003c   Code   RO         4225    i.scheduler_run     scheduler.o
    0x08005fc8   0x08005fc8   0x0000007c   Code   RO         4435    i.uart_task         usart_app.o
    0x08006044   0x08006044   0x0000002c   Code   RO         5182    locale$$code        c_w.l(lc_numeric_c.o)
    0x08006070   0x08006070   0x0000002c   Code   RO         5209    locale$$code        c_w.l(lc_ctype_c.o)
    0x0800609c   0x0800609c   0x0000000a   Code   RO         5285    x$fpl$fpinit        fz_wm.l(fpinit.o)
    0x080060a6   0x080060a6   0x00000004   Code   RO         5065    x$fpl$printf1       fz_wm.l(printf1.o)
    0x080060aa   0x080060aa   0x00000004   Code   RO         5067    x$fpl$printf2       fz_wm.l(printf2.o)
    0x080060ae   0x080060ae   0x00000000   Code   RO         5073    x$fpl$usenofp       fz_wm.l(usenofp.o)
    0x080060ae   0x080060ae   0x00000008   Data   RO         1437    .constdata          stm32f4xx_hal_dma.o
    0x080060b6   0x080060b6   0x00000010   Data   RO         4188    .constdata          system_stm32f4xx.o
    0x080060c6   0x080060c6   0x00000008   Data   RO         4189    .constdata          system_stm32f4xx.o
    0x080060ce   0x080060ce   0x0000000e   Data   RO         4372    .constdata          btn_app.o
    0x080060dc   0x080060dc   0x00000a98   Data   RO         4832    .constdata          oled.o
    0x08006b74   0x08006b74   0x00000008   Data   RO         4985    .constdata          c_w.l(_printf_wctomb.o)
    0x08006b7c   0x08006b7c   0x00000028   Data   RO         5014    .constdata          c_w.l(_printf_hex_int_ll_ptr.o)
    0x08006ba4   0x08006ba4   0x00000011   Data   RO         5034    .constdata          c_w.l(__printf_flags_ss_wp.o)
    0x08006bb5   0x08006bb5   0x00000003   PAD
    0x08006bb8   0x08006bb8   0x00000020   Data   RO         5091    .constdata          m_wm.l(rredf.o)
    0x08006bd8   0x08006bd8   0x00000026   Data   RO         5127    .constdata          c_w.l(_printf_fp_hex.o)
    0x08006bfe   0x08006bfe   0x00000002   PAD
    0x08006c00   0x08006c00   0x00000094   Data   RO         5157    .constdata          c_w.l(bigflt0.o)
    0x08006c94   0x08006c94   0x00000020   Data   RO         5320    Region$$Table       anon$$obj.o
    0x08006cb4   0x08006cb4   0x0000001c   Data   RO         5181    locale$$data        c_w.l(lc_numeric_c.o)
    0x08006cd0   0x08006cd0   0x00000110   Data   RO         5208    locale$$data        c_w.l(lc_ctype_c.o)


    Execution Region RW_IRAM1 (Exec base: 0x20000000, Load base: 0x08006de0, Size: 0x00002610, Max: 0x00030000, ABSOLUTE, COMPRESSED[0x0000006c])

    Exec Addr    Load Addr    Size         Type   Attr      Idx    E Section Name        Object

    0x20000000   COMPRESSED   0x0000000c   Data   RW         1902    .data               stm32f4xx_hal.o
    0x2000000c   COMPRESSED   0x00000004   Data   RW         4190    .data               system_stm32f4xx.o
    0x20000010   COMPRESSED   0x0000004c   Data   RW         4226    .data               scheduler.o
    0x2000005c   COMPRESSED   0x00000007   Data   RW         4295    .data               led_app.o
    0x20000063   COMPRESSED   0x00000004   Data   RW         4331    .data               key_app.o
    0x20000067   COMPRESSED   0x00000001   PAD
    0x20000068   COMPRESSED   0x00000118   Data   RW         4373    .data               btn_app.o
    0x20000180   COMPRESSED   0x00000001   Data   RW         4501    .data               adda_app.o
    0x20000181   COMPRESSED   0x00000002   Data   RW         4554    .data               oled_app.o
    0x20000183   COMPRESSED   0x00000016   Data   RW         4833    .data               oled.o
    0x20000199   COMPRESSED   0x00000003   PAD
    0x2000019c        -       0x000000a8   Zero   RW          262    .bss                adc.o
    0x20000244        -       0x00000074   Zero   RW          304    .bss                dac.o
    0x200002b8        -       0x00000054   Zero   RW          370    .bss                i2c.o
    0x2000030c        -       0x00000090   Zero   RW          413    .bss                tim.o
    0x2000039c        -       0x000000a8   Zero   RW          460    .bss                usart.o
    0x20000444        -       0x0000030c   Zero   RW         4436    .bss                usart_app.o
    0x20000750        -       0x00001838   Zero   RW         4500    .bss                adda_app.o
    0x20001f88        -       0x00000028   Zero   RW         4608    .bss                ebtn_1.o
    0x20001fb0        -       0x00000060   Zero   RW         5143    .bss                c_w.l(libspace.o)
    0x20002010        -       0x00000200   Zero   RW            2    HEAP                startup_stm32f429xx.o
    0x20002210        -       0x00000400   Zero   RW            1    STACK               startup_stm32f429xx.o


==============================================================================

Image component sizes


      Code (inc. data)   RO Data    RW Data    ZI Data      Debug   Object Name

       320         34          0          0        168       1811   adc.o
       420         90          0          1       6200       3876   adda_app.o
       464         76         14        280          0      11550   btn_app.o
       220         30          0          0        116       1717   dac.o
        92          4          0          0          0        810   dma.o
      1078         28          0          0         40      17420   ebtn_1.o
       240         22          0          0          0       1039   gpio.o
       200         28          0          0         84       1665   i2c.o
       124         12          0          4          0       1446   key_app.o
       148         20          0          7          0       1755   led_app.o
       226          8          0          0          0     786308   main.o
       396         24       2712         22          0       5373   oled.o
       182         54          0          2          0       1302   oled_app.o
       364          0          0          0          0       6139   ringbuffer_1.o
        72          8          0         76          0       1632   scheduler.o
        64         26        428          0       1536        836   startup_stm32f429xx.o
       180         28          0         12          0       9485   stm32f4xx_hal.o
      1638         72          0          0          0       9177   stm32f4xx_hal_adc.o
         2          0          0          0          0        965   stm32f4xx_hal_adc_ex.o
       198         14          0          0          0      33759   stm32f4xx_hal_cortex.o
       398         24          0          0          0       6542   stm32f4xx_hal_dac.o
        56          0          0          0          0       3873   stm32f4xx_hal_dac_ex.o
      1084         16          8          0          0       7266   stm32f4xx_hal_dma.o
       584         54          0          0          0       2835   stm32f4xx_hal_gpio.o
      1414         32          0          0          0       9547   stm32f4xx_hal_i2c.o
       128          0          0          0          0       1831   stm32f4xx_hal_i2c_ex.o
        48          6          0          0          0        842   stm32f4xx_hal_msp.o
       112         14          0          0          0       1268   stm32f4xx_hal_pwr_ex.o
      1348         76          0          0          0       5204   stm32f4xx_hal_rcc.o
       744         74          0          0          0       6952   stm32f4xx_hal_tim.o
       144         28          0          0          0       1356   stm32f4xx_hal_tim_ex.o
      2188         28          0          0          0      15548   stm32f4xx_hal_uart.o
        80         30          0          0          0       6405   stm32f4xx_it.o
        16          4         24          4          0       1103   system_stm32f4xx.o
       236         30          0          0        144       2251   tim.o
       232         28          0          0        168       1789   usart.o
       306         88          0          0        780       6023   usart_app.o

    ----------------------------------------------------------------------
     15798       1110       3218        412       9236     978700   Object Totals
         0          0         32          0          0          0   (incl. Generated)
        52          0          0          4          0          0   (incl. Padding)

    ----------------------------------------------------------------------

      Code (inc. data)   RO Data    RW Data    ZI Data      Debug   Library Member Name

        90          0          0          0          0          0   __dczerorl2.o
         8          0          0          0          0         68   __main.o
       392          4         17          0          0         92   __printf_flags_ss_wp.o
        14          0          0          0          0         68   __printf_wp.o
         0          0          0          0          0          0   __rtentry.o
        12          0          0          0          0          0   __rtentry2.o
         6          0          0          0          0          0   __rtentry4.o
        52          8          0          0          0          0   __scatter.o
        28          0          0          0          0          0   __scatter_zi.o
         6          0          0          0          0          0   _printf_a.o
         6          0          0          0          0          0   _printf_c.o
        44          0          0          0          0        108   _printf_char.o
        48          6          0          0          0         96   _printf_char_common.o
        40          0          0          0          0         68   _printf_charcount.o
         6          0          0          0          0          0   _printf_d.o
       120         16          0          0          0         92   _printf_dec.o
         6          0          0          0          0          0   _printf_e.o
         6          0          0          0          0          0   _printf_f.o
      1054          0          0          0          0        216   _printf_fp_dec.o
       764          8         38          0          0        100   _printf_fp_hex.o
       128         16          0          0          0         84   _printf_fp_infnan.o
         6          0          0          0          0          0   _printf_g.o
       148          4         40          0          0        160   _printf_hex_int_ll_ptr.o
         6          0          0          0          0          0   _printf_i.o
       178          0          0          0          0         88   _printf_intcommon.o
        10          0          0          0          0          0   _printf_l.o
         6          0          0          0          0          0   _printf_lc.o
        10          0          0          0          0          0   _printf_ll.o
         6          0          0          0          0          0   _printf_lld.o
         6          0          0          0          0          0   _printf_lli.o
         6          0          0          0          0          0   _printf_llo.o
         6          0          0          0          0          0   _printf_llu.o
         6          0          0          0          0          0   _printf_llx.o
       124         16          0          0          0         92   _printf_longlong_dec.o
         6          0          0          0          0          0   _printf_ls.o
         6          0          0          0          0          0   _printf_n.o
         6          0          0          0          0          0   _printf_o.o
       112         10          0          0          0        124   _printf_oct_int_ll.o
         6          0          0          0          0          0   _printf_p.o
        78          0          0          0          0        108   _printf_pad.o
         0          0          0          0          0          0   _printf_percent.o
         4          0          0          0          0          0   _printf_percent_end.o
         6          0          0          0          0          0   _printf_s.o
        82          0          0          0          0         80   _printf_str.o
        36          0          0          0          0         84   _printf_truncate.o
         6          0          0          0          0          0   _printf_u.o
        44          0          0          0          0        108   _printf_wchar.o
       188          6          8          0          0         92   _printf_wctomb.o
         6          0          0          0          0          0   _printf_x.o
        22          0          0          0          0        100   _rserrno.o
        16          0          0          0          0         68   _snputc.o
        10          0          0          0          0         68   _sputc.o
        64          0          0          0          0         92   _wcrtomb.o
        22          0          0          0          0         80   abort.o
       228          4        148          0          0         96   bigflt0.o
      1936        128          0          0          0        672   btod.o
        48         34          0          0          0         76   defsig_abrt_inner.o
        14          0          0          0          0         80   defsig_abrt_outer.o
        10          0          0          0          0         68   defsig_exit.o
        50          0          0          0          0         88   defsig_general.o
        18          0          0          0          0         80   exit.o
         6          0          0          0          0        152   heapauxi.o
         0          0          0          0          0          0   indicate_semi.o
        44         10        272          0          0         76   lc_ctype_c.o
        44         10         28          0          0         76   lc_numeric_c.o
         2          0          0          0          0          0   libinit.o
        34          0          0          0          0          0   libinit2.o
         2          0          0          0          0          0   libshutdown.o
         2          0          0          0          0          0   libshutdown2.o
         8          4          0          0         96         68   libspace.o
       138          0          0          0          0         80   lludiv10.o
       238          0          0          0          0        100   lludivv7m.o
        88          0          0          0          0         76   memcmp.o
        16          4          0          0          0         76   rt_ctype_table.o
         8          4          0          0          0         68   rt_errno_addr_intlibspace.o
         8          4          0          0          0         68   rt_locale_intlibspace.o
        78          0          0          0          0         80   rt_memclr_w.o
       138          0          0          0          0         68   rt_memcpy_v6.o
       100          0          0          0          0         80   rt_memcpy_w.o
         2          0          0          0          0          0   rtexit.o
        10          0          0          0          0          0   rtexit2.o
       128          0          0          0          0         68   strcmpv7m.o
        12          4          0          0          0         68   sys_exit.o
        74          0          0          0          0         80   sys_stackheap_outer.o
        14          0          0          0          0         76   sys_wrch.o
         2          0          0          0          0         68   use_no_semi.o
        52          4          0          0          0         80   vsnprintf.o
        10          0          0          0          0        116   fpinit.o
         4          0          0          0          0        116   printf1.o
         4          0          0          0          0        116   printf2.o
         0          0          0          0          0          0   usenofp.o
        48          0          0          0          0        124   fpclassify.o
        38          0          0          0          0        116   fpclassifyf.o
        38         12          0          0          0        348   funder.o
       340         24         32          0          0        160   rredf.o
       400         56          0          0          0        212   sinf.o

    ----------------------------------------------------------------------
      8524        396        588          0         96       6312   Library Totals
        22          0          5          0          0          0   (incl. Padding)

    ----------------------------------------------------------------------

      Code (inc. data)   RO Data    RW Data    ZI Data      Debug   Library Name

      7620        304        551          0         96       5004   c_w.l
        18          0          0          0          0        348   fz_wm.l
       864         92         32          0          0        960   m_wm.l

    ----------------------------------------------------------------------
      8524        396        588          0         96       6312   Library Totals

    ----------------------------------------------------------------------

==============================================================================


      Code (inc. data)   RO Data    RW Data    ZI Data      Debug   

     24322       1506       3806        412       9332     964804   Grand Totals
     24322       1506       3806        108       9332     964804   ELF Image Totals (compressed)
     24322       1506       3806        108          0          0   ROM Totals

==============================================================================

    Total RO  Size (Code + RO Data)                28128 (  27.47kB)
    Total RW  Size (RW Data + ZI Data)              9744 (   9.52kB)
    Total ROM Size (Code + RO Data + RW Data)      28236 (  27.57kB)

==============================================================================

