Component: ARM Compiler 5.06 update 7 (build 960) Tool: armlink [4d3601]

==============================================================================

Section Cross References

    startup_stm32f429xx.o(STACK) refers (Special) to heapauxi.o(.text) for __use_two_region_memory
    startup_stm32f429xx.o(HEAP) refers (Special) to heapauxi.o(.text) for __use_two_region_memory
    startup_stm32f429xx.o(RESET) refers (Special) to heapauxi.o(.text) for __use_two_region_memory
    startup_stm32f429xx.o(RESET) refers to startup_stm32f429xx.o(STACK) for __initial_sp
    startup_stm32f429xx.o(RESET) refers to startup_stm32f429xx.o(.text) for Reset_Handler
    startup_stm32f429xx.o(RESET) refers to stm32f4xx_it.o(i.NMI_Handler) for NMI_Handler
    startup_stm32f429xx.o(RESET) refers to stm32f4xx_it.o(i.HardFault_Handler) for HardFault_Handler
    startup_stm32f429xx.o(RESET) refers to stm32f4xx_it.o(i.MemManage_Handler) for MemManage_Handler
    startup_stm32f429xx.o(RESET) refers to stm32f4xx_it.o(i.BusFault_Handler) for BusFault_Handler
    startup_stm32f429xx.o(RESET) refers to stm32f4xx_it.o(i.UsageFault_Handler) for UsageFault_Handler
    startup_stm32f429xx.o(RESET) refers to stm32f4xx_it.o(i.SVC_Handler) for SVC_Handler
    startup_stm32f429xx.o(RESET) refers to stm32f4xx_it.o(i.DebugMon_Handler) for DebugMon_Handler
    startup_stm32f429xx.o(RESET) refers to stm32f4xx_it.o(i.PendSV_Handler) for PendSV_Handler
    startup_stm32f429xx.o(RESET) refers to stm32f4xx_it.o(i.SysTick_Handler) for SysTick_Handler
    startup_stm32f429xx.o(RESET) refers to stm32f4xx_it.o(i.USART1_IRQHandler) for USART1_IRQHandler
    startup_stm32f429xx.o(RESET) refers to stm32f4xx_it.o(i.DMA2_Stream2_IRQHandler) for DMA2_Stream2_IRQHandler
    startup_stm32f429xx.o(.text) refers (Special) to heapauxi.o(.text) for __use_two_region_memory
    startup_stm32f429xx.o(.text) refers to system_stm32f4xx.o(i.SystemInit) for SystemInit
    startup_stm32f429xx.o(.text) refers to __main.o(!!!main) for __main
    startup_stm32f429xx.o(.text) refers to startup_stm32f429xx.o(HEAP) for Heap_Mem
    startup_stm32f429xx.o(.text) refers to startup_stm32f429xx.o(STACK) for Stack_Mem
    main.o(i.SystemClock_Config) refers to rt_memclr_w.o(.text) for __aeabi_memclr4
    main.o(i.SystemClock_Config) refers to stm32f4xx_hal_rcc.o(i.HAL_RCC_OscConfig) for HAL_RCC_OscConfig
    main.o(i.SystemClock_Config) refers to stm32f4xx_hal_pwr_ex.o(i.HAL_PWREx_EnableOverDrive) for HAL_PWREx_EnableOverDrive
    main.o(i.SystemClock_Config) refers to stm32f4xx_hal_rcc.o(i.HAL_RCC_ClockConfig) for HAL_RCC_ClockConfig
    main.o(i.main) refers to stm32f4xx_hal.o(i.HAL_Init) for HAL_Init
    main.o(i.main) refers to main.o(i.SystemClock_Config) for SystemClock_Config
    main.o(i.main) refers to gpio.o(i.MX_GPIO_Init) for MX_GPIO_Init
    main.o(i.main) refers to dma.o(i.MX_DMA_Init) for MX_DMA_Init
    main.o(i.main) refers to usart.o(i.MX_USART1_UART_Init) for MX_USART1_UART_Init
    main.o(i.main) refers to scheduler.o(i.scheduler_init) for scheduler_init
    main.o(i.main) refers to btn_app.o(i.my_ebtn_init) for my_ebtn_init
    main.o(i.main) refers to usart_app.o(i.ringbuffer_init) for ringbuffer_init
    main.o(i.main) refers to scheduler.o(i.scheduler_run) for scheduler_run
    gpio.o(i.MX_GPIO_Init) refers to rt_memclr_w.o(.text) for __aeabi_memclr4
    gpio.o(i.MX_GPIO_Init) refers to stm32f4xx_hal_gpio.o(i.HAL_GPIO_WritePin) for HAL_GPIO_WritePin
    gpio.o(i.MX_GPIO_Init) refers to stm32f4xx_hal_gpio.o(i.HAL_GPIO_Init) for HAL_GPIO_Init
    dma.o(i.MX_DMA_Init) refers to stm32f4xx_hal_cortex.o(i.HAL_NVIC_SetPriority) for HAL_NVIC_SetPriority
    dma.o(i.MX_DMA_Init) refers to stm32f4xx_hal_cortex.o(i.HAL_NVIC_EnableIRQ) for HAL_NVIC_EnableIRQ
    usart.o(i.HAL_UART_MspDeInit) refers to stm32f4xx_hal_gpio.o(i.HAL_GPIO_DeInit) for HAL_GPIO_DeInit
    usart.o(i.HAL_UART_MspDeInit) refers to stm32f4xx_hal_dma.o(i.HAL_DMA_DeInit) for HAL_DMA_DeInit
    usart.o(i.HAL_UART_MspDeInit) refers to stm32f4xx_hal_cortex.o(i.HAL_NVIC_DisableIRQ) for HAL_NVIC_DisableIRQ
    usart.o(i.HAL_UART_MspInit) refers to rt_memclr_w.o(.text) for __aeabi_memclr4
    usart.o(i.HAL_UART_MspInit) refers to stm32f4xx_hal_gpio.o(i.HAL_GPIO_Init) for HAL_GPIO_Init
    usart.o(i.HAL_UART_MspInit) refers to stm32f4xx_hal_dma.o(i.HAL_DMA_Init) for HAL_DMA_Init
    usart.o(i.HAL_UART_MspInit) refers to main.o(i.Error_Handler) for Error_Handler
    usart.o(i.HAL_UART_MspInit) refers to stm32f4xx_hal_cortex.o(i.HAL_NVIC_SetPriority) for HAL_NVIC_SetPriority
    usart.o(i.HAL_UART_MspInit) refers to stm32f4xx_hal_cortex.o(i.HAL_NVIC_EnableIRQ) for HAL_NVIC_EnableIRQ
    usart.o(i.HAL_UART_MspInit) refers to usart.o(.bss) for .bss
    usart.o(i.MX_USART1_UART_Init) refers to stm32f4xx_hal_uart.o(i.HAL_UART_Init) for HAL_UART_Init
    usart.o(i.MX_USART1_UART_Init) refers to main.o(i.Error_Handler) for Error_Handler
    usart.o(i.MX_USART1_UART_Init) refers to usart.o(.bss) for .bss
[...]
    UART_WaitOnFlagUntilTimeout              0x08003805   Thumb Code   114  stm32f4xx_hal_uart.o(i.UART_WaitOnFlagUntilTimeout)
    i.USART1_IRQHandler                      0x08003878   Section        0  stm32f4xx_it.o(i.USART1_IRQHandler)
    i.UsageFault_Handler                     0x08003884   Section        0  stm32f4xx_it.o(i.UsageFault_Handler)
    i.__ARM_fpclassify                       0x08003886   Section        0  fpclassify.o(i.__ARM_fpclassify)
    i.__NVIC_SetPriority                     0x080038b6   Section        0  stm32f4xx_hal_cortex.o(i.__NVIC_SetPriority)
    __NVIC_SetPriority                       0x080038b7   Thumb Code    32  stm32f4xx_hal_cortex.o(i.__NVIC_SetPriority)
    i._is_digit                              0x080038d6   Section        0  __printf_wp.o(i._is_digit)
    i.bit_array_and                          0x080038e4   Section        0  ebtn.o(i.bit_array_and)
    bit_array_and                            0x080038e5   Thumb Code    38  ebtn.o(i.bit_array_and)
    i.bit_array_assign                       0x0800390a   Section        0  ebtn.o(i.bit_array_assign)
    bit_array_assign                         0x0800390b   Thumb Code    30  ebtn.o(i.bit_array_assign)
    i.bit_array_cmp                          0x08003928   Section        0  ebtn.o(i.bit_array_cmp)
    bit_array_cmp                            0x08003929   Thumb Code    12  ebtn.o(i.bit_array_cmp)
    i.bit_array_get                          0x08003934   Section        0  ebtn.o(i.bit_array_get)
    bit_array_get                            0x08003935   Thumb Code    18  ebtn.o(i.bit_array_get)
    i.ebtn_combo_btn_add_btn_by_idx          0x08003946   Section        0  ebtn.o(i.ebtn_combo_btn_add_btn_by_idx)
    i.ebtn_get_btn_index_by_key_id           0x0800395c   Section        0  ebtn.o(i.ebtn_get_btn_index_by_key_id)
    i.ebtn_init                              0x0800399c   Section        0  ebtn.o(i.ebtn_init)
    i.ebtn_process                           0x080039dc   Section        0  ebtn.o(i.ebtn_process)
    i.ebtn_process_btn                       0x08003a40   Section        0  ebtn.o(i.ebtn_process_btn)
    ebtn_process_btn                         0x08003a41   Thumb Code    46  ebtn.o(i.ebtn_process_btn)
    i.ebtn_process_btn_combo                 0x08003a70   Section        0  ebtn.o(i.ebtn_process_btn_combo)
    ebtn_process_btn_combo                   0x08003a71   Thumb Code   172  ebtn.o(i.ebtn_process_btn_combo)
    i.ebtn_process_with_curr_state           0x08003b1c   Section        0  ebtn.o(i.ebtn_process_with_curr_state)
    i.ebtn_task                              0x08003bd0   Section        0  btn_app.o(i.ebtn_task)
    i.is_button_pressed                      0x08003be0   Section        0  btn_app.o(i.is_button_pressed)
    is_button_pressed                        0x08003be1   Thumb Code    62  btn_app.o(i.is_button_pressed)
    i.is_combo_forming                       0x08003c28   Section        0  btn_app.o(i.is_combo_forming)
    is_combo_forming                         0x08003c29   Thumb Code    58  btn_app.o(i.is_combo_forming)
    i.key_process_simple                     0x08003c64   Section        0  key_app.o(i.key_process_simple)
    i.key_read_raw                           0x08003c84   Section        0  key_app.o(i.key_read_raw)
    i.led_disp                               0x08003ce0   Section        0  led_app.o(i.led_disp)
    i.led_task                               0x08003d60   Section        0  led_app.o(i.led_task)
    i.main                                   0x08003d6c   Section        0  main.o(i.main)
    i.my_ebtn_init                           0x08003d94   Section        0  btn_app.o(i.my_ebtn_init)
    i.my_get_key_state                       0x08003e18   Section        0  btn_app.o(i.my_get_key_state)
    i.my_handle_key_event                    0x08003e60   Section        0  btn_app.o(i.my_handle_key_event)
    i.my_printf                              0x08003ed4   Section        0  usart_app.o(i.my_printf)
    i.prv_process_btn                        0x08003f08   Section        0  ebtn.o(i.prv_process_btn)
    prv_process_btn                          0x08003f09   Thumb Code   328  ebtn.o(i.prv_process_btn)
    i.ringbuffer_init                        0x08004054   Section        0  usart_app.o(i.ringbuffer_init)
    i.rt_ringbuffer_data_len                 0x0800408c   Section        0  ringbuffer.o(i.rt_ringbuffer_data_len)
    i.rt_ringbuffer_get                      0x080040bc   Section        0  ringbuffer.o(i.rt_ringbuffer_get)
    i.rt_ringbuffer_init                     0x08004130   Section        0  ringbuffer.o(i.rt_ringbuffer_init)
    i.rt_ringbuffer_put                      0x08004160   Section        0  ringbuffer.o(i.rt_ringbuffer_put)
    i.rt_ringbuffer_status                   0x080041d8   Section        0  ringbuffer.o(i.rt_ringbuffer_status)
    rt_ringbuffer_status                     0x080041d9   Thumb Code    32  ringbuffer.o(i.rt_ringbuffer_status)
    i.scheduler_init                         0x080041f8   Section        0  scheduler.o(i.scheduler_init)
    i.scheduler_run                          0x08004204   Section        0  scheduler.o(i.scheduler_run)
    i.uart_task                              0x08004240   Section        0  usart_app.o(i.uart_task)
    locale$$code                             0x080042bc   Section       44  lc_numeric_c.o(locale$$code)
    locale$$code                             0x080042e8   Section       44  lc_ctype_c.o(locale$$code)
    x$fpl$fpinit                             0x08004314   Section       10  fpinit.o(x$fpl$fpinit)
    $v0                                      0x08004314   Number         0  fpinit.o(x$fpl$fpinit)
    x$fpl$printf1                            0x0800431e   Section        4  printf1.o(x$fpl$printf1)
    $v0                                      0x0800431e   Number         0  printf1.o(x$fpl$printf1)
    x$fpl$printf2                            0x08004322   Section        4  printf2.o(x$fpl$printf2)
    $v0                                      0x08004322   Number         0  printf2.o(x$fpl$printf2)
    .constdata                               0x08004326   Section        8  stm32f4xx_hal_dma.o(.constdata)
    x$fpl$usenofp                            0x08004326   Section        0  usenofp.o(x$fpl$usenofp)
    flagBitshiftOffset                       0x08004326   Data           8  stm32f4xx_hal_dma.o(.constdata)
    .constdata                               0x0800432e   Section       16  system_stm32f4xx.o(.constdata)
    .constdata                               0x0800433e   Section        8  system_stm32f4xx.o(.constdata)
    .constdata                               0x08004346   Section       14  btn_app.o(.constdata)
    .constdata                               0x08004354   Section        8  _printf_wctomb.o(.constdata)
    initial_mbstate                          0x08004354   Data           8  _printf_wctomb.o(.constdata)
    .constdata                               0x0800435c   Section       40  _printf_hex_int_ll_ptr.o(.constdata)
    uc_hextab                                0x0800435c   Data          20  _printf_hex_int_ll_ptr.o(.constdata)
    lc_hextab                                0x08004370   Data          20  _printf_hex_int_ll_ptr.o(.constdata)
    .constdata                               0x08004384   Section       17  __printf_flags_ss_wp.o(.constdata)
    maptable                                 0x08004384   Data          17  __printf_flags_ss_wp.o(.constdata)
    .constdata                               0x08004395   Section       38  _printf_fp_hex.o(.constdata)
    lc_hextab                                0x08004395   Data          19  _printf_fp_hex.o(.constdata)
    uc_hextab                                0x080043a8   Data          19  _printf_fp_hex.o(.constdata)
    .constdata                               0x080043bc   Section      148  bigflt0.o(.constdata)
    tenpwrs_x                                0x080043bc   Data          60  bigflt0.o(.constdata)
    tenpwrs_i                                0x080043f8   Data          64  bigflt0.o(.constdata)
    locale$$data                             0x08004470   Section       28  lc_numeric_c.o(locale$$data)
    __lcnum_c_name                           0x08004474   Data           2  lc_numeric_c.o(locale$$data)
    __lcnum_c_start                          0x0800447c   Data           0  lc_numeric_c.o(locale$$data)
    __lcnum_c_point                          0x08004488   Data           0  lc_numeric_c.o(locale$$data)
    __lcnum_c_thousands                      0x0800448a   Data           0  lc_numeric_c.o(locale$$data)
    __lcnum_c_grouping                       0x0800448b   Data           0  lc_numeric_c.o(locale$$data)
    locale$$data                             0x0800448c   Section      272  lc_ctype_c.o(locale$$data)
    __lcnum_c_end                            0x0800448c   Data           0  lc_numeric_c.o(locale$$data)
    __lcctype_c_name                         0x08004490   Data           2  lc_ctype_c.o(locale$$data)
    __lcctype_c_start                        0x08004498   Data           0  lc_ctype_c.o(locale$$data)
    __lcctype_c_end                          0x0800459c   Data           0  lc_ctype_c.o(locale$$data)
    .data                                    0x20000000   Section       12  stm32f4xx_hal.o(.data)
    .data                                    0x2000000c   Section        4  system_stm32f4xx.o(.data)
    .data                                    0x20000010   Section       52  scheduler.o(.data)
    scheduler_task                           0x20000014   Data          48  scheduler.o(.data)
    .data                                    0x20000044   Section        7  led_app.o(.data)
    temp_old                                 0x20000044   Data           1  led_app.o(.data)
    .data                                    0x2000004b   Section        4  key_app.o(.data)
    .data                                    0x20000050   Section      280  btn_app.o(.data)
    combo_key_active                         0x20000050   Data           1  btn_app.o(.data)
    btns_combo                               0x200000fc   Data         108  btn_app.o(.data)
    .bss                                     0x20000168   Section      168  usart.o(.bss)
    .bss                                     0x20000210   Section      780  usart_app.o(.bss)
    uart1_rx_ringbuffer_pool                 0x20000290   Data         512  usart_app.o(.bss)
    uart1_rx_rb                              0x20000490   Data          12  usart_app.o(.bss)
    .bss                                     0x2000051c   Section       40  ebtn.o(.bss)
    ebtn_default                             0x2000051c   Data          40  ebtn.o(.bss)
    .bss                                     0x20000544   Section       96  libspace.o(.bss)
    HEAP                                     0x200005a8   Section      512  startup_stm32f429xx.o(HEAP)
    Heap_Mem                                 0x200005a8   Data         512  startup_stm32f429xx.o(HEAP)
    STACK                                    0x200007a8   Section     1024  startup_stm32f429xx.o(STACK)
    Stack_Mem                                0x200007a8   Data        1024  startup_stm32f429xx.o(STACK)
    __initial_sp                             0x20000ba8   Data           0  startup_stm32f429xx.o(STACK)

    Global Symbols

    Symbol Name                              Value     Ov Type        Size  Object(Section)

    BuildAttributes$$THM_ISAv4$E$P$D$K$B$S$7EM$VFPi3$EXTD16$VFPS$VFMA$PE$A:L22UL41UL21$X:L11$S22US41US21$IEEE1$IW$USESV6$~STKCKD$USESV7$~SHL$OTIME$ROPI$IEEEJ$EBA8$UX$STANDARDLIB$REQ8$PRES8$EABIv2 0x00000000   Number         0  anon$$obj.o ABSOLUTE
    __ARM_use_no_argv                        0x00000000   Number         0  main.o ABSOLUTE
    _printf_flags                            0x00000000   Number         0  printf_stubs.o ABSOLUTE
    _printf_return_value                     0x00000000   Number         0  printf_stubs.o ABSOLUTE
    _printf_sizespec                         0x00000000   Number         0  printf_stubs.o ABSOLUTE
    _printf_widthprec                        0x00000000   Number         0  printf_stubs.o ABSOLUTE
    __ARM_exceptions_init                     - Undefined Weak Reference
    __alloca_initialize                       - Undefined Weak Reference
    __arm_fini_                               - Undefined Weak Reference
    __arm_preinit_                            - Undefined Weak Reference
    __cpp_initialize__aeabi_                  - Undefined Weak Reference
    __cxa_finalize                            - Undefined Weak Reference
    __sigvec_lookup                           - Undefined Weak Reference
    _atexit_init                              - Undefined Weak Reference
    _call_atexit_fns                          - Undefined Weak Reference
    _clock_init                               - Undefined Weak Reference
    _fp_trap_init                             - Undefined Weak Reference
    _fp_trap_shutdown                         - Undefined Weak Reference
    _get_lc_collate                           - Undefined Weak Reference
    _get_lc_monetary                          - Undefined Weak Reference
    _get_lc_time                              - Undefined Weak Reference
    _getenv_init                              - Undefined Weak Reference
    _handle_redirection                       - Undefined Weak Reference
    _init_alloc                               - Undefined Weak Reference
    _init_user_alloc                          - Undefined Weak Reference
    _initio                                   - Undefined Weak Reference
    _printf_mbtowc                            - Undefined Weak Reference
    _printf_wc                                - Undefined Weak Reference
    _rand_init                                - Undefined Weak Reference
    _signal_finish                            - Undefined Weak Reference
    _signal_init                              - Undefined Weak Reference
    _terminate_alloc                          - Undefined Weak Reference
    _terminate_user_alloc                     - Undefined Weak Reference
    _terminateio                              - Undefined Weak Reference
    __Vectors_Size                           0x000001ac   Number         0  startup_stm32f429xx.o ABSOLUTE
    __Vectors                                0x08000000   Data           4  startup_stm32f429xx.o(RESET)
    __Vectors_End                            0x080001ac   Data           0  startup_stm32f429xx.o(RESET)
    __main                                   0x080001ad   Thumb Code     8  __main.o(!!!main)
    __scatterload                            0x080001b5   Thumb Code     0  __scatter.o(!!!scatter)
    __scatterload_rt2                        0x080001b5   Thumb Code    44  __scatter.o(!!!scatter)
    __scatterload_rt2_thumb_only             0x080001b5   Thumb Code     0  __scatter.o(!!!scatter)
    __scatterload_null                       0x080001c3   Thumb Code     0  __scatter.o(!!!scatter)
    __decompress                             0x080001e9   Thumb Code    90  __dczerorl2.o(!!dczerorl2)
    __decompress1                            0x080001e9   Thumb Code     0  __dczerorl2.o(!!dczerorl2)
    __scatterload_zeroinit                   0x08000245   Thumb Code    28  __scatter_zi.o(!!handler_zi)
    _printf_n                                0x08000261   Thumb Code     0  _printf_n.o(.ARM.Collect$$_printf_percent$$00000001)
    _printf_percent                          0x08000261   Thumb Code     0  _printf_percent.o(.ARM.Collect$$_printf_percent$$00000000)
    _printf_p                                0x08000267   Thumb Code     0  _printf_p.o(.ARM.Collect$$_printf_percent$$00000002)
    _printf_f                                0x0800026d   Thumb Code     0  _printf_f.o(.ARM.Collect$$_printf_percent$$00000003)
    _printf_e                                0x08000273   Thumb Code     0  _printf_e.o(.ARM.Collect$$_printf_percent$$00000004)
    _printf_g                                0x08000279   Thumb Code     0  _printf_g.o(.ARM.Collect$$_printf_percent$$00000005)
    _printf_a                                0x0800027f   Thumb Code     0  _printf_a.o(.ARM.Collect$$_printf_percent$$00000006)
    _printf_ll                               0x08000285   Thumb Code     0  _printf_ll.o(.ARM.Collect$$_printf_percent$$00000007)
    _printf_i                                0x0800028f   Thumb Code     0  _printf_i.o(.ARM.Collect$$_printf_percent$$00000008)
    _printf_d                                0x08000295   Thumb Code     0  _printf_d.o(.ARM.Collect$$_printf_percent$$00000009)
    _printf_u                                0x0800029b   Thumb Code     0  _printf_u.o(.ARM.Collect$$_printf_percent$$0000000A)
    _printf_o                                0x080002a1   Thumb Code     0  _printf_o.o(.ARM.Collect$$_printf_percent$$0000000B)
    _printf_x                                0x080002a7   Thumb Code     0  _printf_x.o(.ARM.Collect$$_printf_percent$$0000000C)
    _printf_lli                              0x080002ad   Thumb Code     0  _printf_lli.o(.ARM.Collect$$_printf_percent$$0000000D)
    _printf_lld                              0x080002b3   Thumb Code     0  _printf_lld.o(.ARM.Collect$$_printf_percent$$0000000E)
    _printf_llu                              0x080002b9   Thumb Code     0  _printf_llu.o(.ARM.Collect$$_printf_percent$$0000000F)
    _printf_llo                              0x080002bf   Thumb Code     0  _printf_llo.o(.ARM.Collect$$_printf_percent$$00000010)
    _printf_llx                              0x080002c5   Thumb Code     0  _printf_llx.o(.ARM.Collect$$_printf_percent$$00000011)
    _printf_l                                0x080002cb   Thumb Code     0  _printf_l.o(.ARM.Collect$$_printf_percent$$00000012)
    _printf_c                                0x080002d5   Thumb Code     0  _printf_c.o(.ARM.Collect$$_printf_percent$$00000013)
    _printf_s                                0x080002db   Thumb Code     0  _printf_s.o(.ARM.Collect$$_printf_percent$$00000014)
    _printf_lc                               0x080002e1   Thumb Code     0  _printf_lc.o(.ARM.Collect$$_printf_percent$$00000015)
    _printf_ls                               0x080002e7   Thumb Code     0  _printf_ls.o(.ARM.Collect$$_printf_percent$$00000016)
    _printf_percent_end                      0x080002ed   Thumb Code     0  _printf_percent_end.o(.ARM.Collect$$_printf_percent$$00000017)
    __rt_lib_init                            0x080002f1   Thumb Code     0  libinit.o(.ARM.Collect$$libinit$$00000000)
    __rt_lib_init_fp_1                       0x080002f3   Thumb Code     0  libinit2.o(.ARM.Collect$$libinit$$00000001)
    __rt_lib_init_heap_1                     0x080002f7   Thumb Code     0  libinit2.o(.ARM.Collect$$libinit$$0000000A)
    __rt_lib_init_lc_common                  0x080002f7   Thumb Code     0  libinit2.o(.ARM.Collect$$libinit$$0000000F)
    __rt_lib_init_preinit_1                  0x080002f7   Thumb Code     0  libinit2.o(.ARM.Collect$$libinit$$00000004)
    __rt_lib_init_rand_1                     0x080002f7   Thumb Code     0  libinit2.o(.ARM.Collect$$libinit$$0000000E)
    __rt_lib_init_user_alloc_1               0x080002f7   Thumb Code     0  libinit2.o(.ARM.Collect$$libinit$$0000000C)
    __rt_lib_init_lc_collate_1               0x080002fd   Thumb Code     0  libinit2.o(.ARM.Collect$$libinit$$00000011)
    __rt_lib_init_lc_ctype_2                 0x080002fd   Thumb Code     0  libinit2.o(.ARM.Collect$$libinit$$00000012)
    __rt_lib_init_lc_ctype_1                 0x08000309   Thumb Code     0  libinit2.o(.ARM.Collect$$libinit$$00000013)
    __rt_lib_init_lc_monetary_1              0x08000309   Thumb Code     0  libinit2.o(.ARM.Collect$$libinit$$00000015)
    __rt_lib_init_lc_numeric_2               0x08000309   Thumb Code     0  libinit2.o(.ARM.Collect$$libinit$$00000016)
    __rt_lib_init_alloca_1                   0x08000313   Thumb Code     0  libinit2.o(.ARM.Collect$$libinit$$0000002E)
    __rt_lib_init_argv_1                     0x08000313   Thumb Code     0  libinit2.o(.ARM.Collect$$libinit$$0000002C)
    __rt_lib_init_atexit_1                   0x08000313   Thumb Code     0  libinit2.o(.ARM.Collect$$libinit$$0000001B)
    __rt_lib_init_clock_1                    0x08000313   Thumb Code     0  libinit2.o(.ARM.Collect$$libinit$$00000021)
    __rt_lib_init_cpp_1                      0x08000313   Thumb Code     0  libinit2.o(.ARM.Collect$$libinit$$00000032)
    __rt_lib_init_exceptions_1               0x08000313   Thumb Code     0  libinit2.o(.ARM.Collect$$libinit$$00000030)
    __rt_lib_init_fp_trap_1                  0x08000313   Thumb Code     0  libinit2.o(.ARM.Collect$$libinit$$0000001F)
    __rt_lib_init_getenv_1                   0x08000313   Thumb Code     0  libinit2.o(.ARM.Collect$$libinit$$00000023)
    __rt_lib_init_lc_numeric_1               0x08000313   Thumb Code     0  libinit2.o(.ARM.Collect$$libinit$$00000017)
    __rt_lib_init_lc_time_1                  0x08000313   Thumb Code     0  libinit2.o(.ARM.Collect$$libinit$$00000019)
    __rt_lib_init_return                     0x08000313   Thumb Code     0  libinit2.o(.ARM.Collect$$libinit$$00000033)
    __rt_lib_init_signal_1                   0x08000313   Thumb Code     0  libinit2.o(.ARM.Collect$$libinit$$0000001D)
    __rt_lib_init_stdio_1                    0x08000313   Thumb Code     0  libinit2.o(.ARM.Collect$$libinit$$00000025)
    __rt_lib_shutdown                        0x08000315   Thumb Code     0  libshutdown.o(.ARM.Collect$$libshutdown$$00000000)
    __rt_lib_shutdown_cpp_1                  0x08000317   Thumb Code     0  libshutdown2.o(.ARM.Collect$$libshutdown$$00000004)
    __rt_lib_shutdown_fini_1                 0x08000317   Thumb Code     0  libshutdown2.o(.ARM.Collect$$libshutdown$$00000002)
    __rt_lib_shutdown_fp_trap_1              0x08000317   Thumb Code     0  libshutdown2.o(.ARM.Collect$$libshutdown$$00000009)
    __rt_lib_shutdown_heap_1                 0x08000317   Thumb Code     0  libshutdown2.o(.ARM.Collect$$libshutdown$$00000011)
    __rt_lib_shutdown_return                 0x08000317   Thumb Code     0  libshutdown2.o(.ARM.Collect$$libshutdown$$00000012)
    __rt_lib_shutdown_signal_1               0x08000317   Thumb Code     0  libshutdown2.o(.ARM.Collect$$libshutdown$$0000000C)
    __rt_lib_shutdown_stdio_1                0x08000317   Thumb Code     0  libshutdown2.o(.ARM.Collect$$libshutdown$$00000006)
    __rt_lib_shutdown_user_alloc_1           0x08000317   Thumb Code     0  libshutdown2.o(.ARM.Collect$$libshutdown$$0000000E)
    __rt_entry                               0x08000319   Thumb Code     0  __rtentry.o(.ARM.Collect$$rtentry$$00000000)
    __rt_entry_presh_1                       0x08000319   Thumb Code     0  __rtentry2.o(.ARM.Collect$$rtentry$$00000002)
    __rt_entry_sh                            0x08000319   Thumb Code     0  __rtentry4.o(.ARM.Collect$$rtentry$$00000004)
    __rt_entry_li                            0x0800031f   Thumb Code     0  __rtentry2.o(.ARM.Collect$$rtentry$$0000000A)
    __rt_entry_postsh_1                      0x0800031f   Thumb Code     0  __rtentry2.o(.ARM.Collect$$rtentry$$00000009)
    __rt_entry_main                          0x08000323   Thumb Code     0  __rtentry2.o(.ARM.Collect$$rtentry$$0000000D)
    __rt_entry_postli_1                      0x08000323   Thumb Code     0  __rtentry2.o(.ARM.Collect$$rtentry$$0000000C)
    __rt_exit                                0x0800032b   Thumb Code     0  rtexit.o(.ARM.Collect$$rtexit$$00000000)
    __rt_exit_ls                             0x0800032d   Thumb Code     0  rtexit2.o(.ARM.Collect$$rtexit$$00000003)
    __rt_exit_prels_1                        0x0800032d   Thumb Code     0  rtexit2.o(.ARM.Collect$$rtexit$$00000002)
    __rt_exit_exit                           0x08000331   Thumb Code     0  rtexit2.o(.ARM.Collect$$rtexit$$00000004)
    Reset_Handler                            0x08000339   Thumb Code     8  startup_stm32f429xx.o(.text)
    ADC_IRQHandler                           0x08000353   Thumb Code     0  startup_stm32f429xx.o(.text)
    CAN1_RX0_IRQHandler                      0x08000353   Thumb Code     0  startup_stm32f429xx.o(.text)
    CAN1_RX1_IRQHandler                      0x08000353   Thumb Code     0  startup_stm32f429xx.o(.text)
    CAN1_SCE_IRQHandler                      0x08000353   Thumb Code     0  startup_stm32f429xx.o(.text)
    CAN1_TX_IRQHandler                       0x08000353   Thumb Code     0  startup_stm32f429xx.o(.text)
    CAN2_RX0_IRQHandler                      0x08000353   Thumb Code     0  startup_stm32f429xx.o(.text)
    CAN2_RX1_IRQHandler                      0x08000353   Thumb Code     0  startup_stm32f429xx.o(.text)
    CAN2_SCE_IRQHandler                      0x08000353   Thumb Code     0  startup_stm32f429xx.o(.text)
    CAN2_TX_IRQHandler                       0x08000353   Thumb Code     0  startup_stm32f429xx.o(.text)
    DCMI_IRQHandler                          0x08000353   Thumb Code     0  startup_stm32f429xx.o(.text)
    DMA1_Stream0_IRQHandler                  0x08000353   Thumb Code     0  startup_stm32f429xx.o(.text)
    DMA1_Stream1_IRQHandler                  0x08000353   Thumb Code     0  startup_stm32f429xx.o(.text)
    DMA1_Stream2_IRQHandler                  0x08000353   Thumb Code     0  startup_stm32f429xx.o(.text)
    DMA1_Stream3_IRQHandler                  0x08000353   Thumb Code     0  startup_stm32f429xx.o(.text)
    DMA1_Stream4_IRQHandler                  0x08000353   Thumb Code     0  startup_stm32f429xx.o(.text)
    DMA1_Stream5_IRQHandler                  0x08000353   Thumb Code     0  startup_stm32f429xx.o(.text)
    DMA1_Stream6_IRQHandler                  0x08000353   Thumb Code     0  startup_stm32f429xx.o(.text)
    DMA1_Stream7_IRQHandler                  0x08000353   Thumb Code     0  startup_stm32f429xx.o(.text)
    DMA2D_IRQHandler                         0x08000353   Thumb Code     0  startup_stm32f429xx.o(.text)
    DMA2_Stream0_IRQHandler                  0x08000353   Thumb Code     0  startup_stm32f429xx.o(.text)
    DMA2_Stream1_IRQHandler                  0x08000353   Thumb Code     0  startup_stm32f429xx.o(.text)
    DMA2_Stream3_IRQHandler                  0x08000353   Thumb Code     0  startup_stm32f429xx.o(.text)
    DMA2_Stream4_IRQHandler                  0x08000353   Thumb Code     0  startup_stm32f429xx.o(.text)
    DMA2_Stream5_IRQHandler                  0x08000353   Thumb Code     0  startup_stm32f429xx.o(.text)
    DMA2_Stream6_IRQHandler                  0x08000353   Thumb Code     0  startup_stm32f429xx.o(.text)
    DMA2_Stream7_IRQHandler                  0x08000353   Thumb Code     0  startup_stm32f429xx.o(.text)
    ETH_IRQHandler                           0x08000353   Thumb Code     0  startup_stm32f429xx.o(.text)
    ETH_WKUP_IRQHandler                      0x08000353   Thumb Code     0  startup_stm32f429xx.o(.text)
    EXTI0_IRQHandler                         0x08000353   Thumb Code     0  startup_stm32f429xx.o(.text)
    EXTI15_10_IRQHandler                     0x08000353   Thumb Code     0  startup_stm32f429xx.o(.text)
    EXTI1_IRQHandler                         0x08000353   Thumb Code     0  startup_stm32f429xx.o(.text)
    EXTI2_IRQHandler                         0x08000353   Thumb Code     0  startup_stm32f429xx.o(.text)
    EXTI3_IRQHandler                         0x08000353   Thumb Code     0  startup_stm32f429xx.o(.text)
    EXTI4_IRQHandler                         0x08000353   Thumb Code     0  startup_stm32f429xx.o(.text)
    EXTI9_5_IRQHandler                       0x08000353   Thumb Code     0  startup_stm32f429xx.o(.text)
    FLASH_IRQHandler                         0x08000353   Thumb Code     0  startup_stm32f429xx.o(.text)
    FMC_IRQHandler                           0x08000353   Thumb Code     0  startup_stm32f429xx.o(.text)
    FPU_IRQHandler                           0x08000353   Thumb Code     0  startup_stm32f429xx.o(.text)
    HASH_RNG_IRQHandler                      0x08000353   Thumb Code     0  startup_stm32f429xx.o(.text)
    I2C1_ER_IRQHandler                       0x08000353   Thumb Code     0  startup_stm32f429xx.o(.text)
    I2C1_EV_IRQHandler                       0x08000353   Thumb Code     0  startup_stm32f429xx.o(.text)
    I2C2_ER_IRQHandler                       0x08000353   Thumb Code     0  startup_stm32f429xx.o(.text)
    I2C2_EV_IRQHandler                       0x08000353   Thumb Code     0  startup_stm32f429xx.o(.text)
    I2C3_ER_IRQHandler                       0x08000353   Thumb Code     0  startup_stm32f429xx.o(.text)
    I2C3_EV_IRQHandler                       0x08000353   Thumb Code     0  startup_stm32f429xx.o(.text)
    LTDC_ER_IRQHandler                       0x08000353   Thumb Code     0  startup_stm32f429xx.o(.text)
    LTDC_IRQHandler                          0x08000353   Thumb Code     0  startup_stm32f429xx.o(.text)
    OTG_FS_IRQHandler                        0x08000353   Thumb Code     0  startup_stm32f429xx.o(.text)
    OTG_FS_WKUP_IRQHandler                   0x08000353   Thumb Code     0  startup_stm32f429xx.o(.text)
    OTG_HS_EP1_IN_IRQHandler                 0x08000353   Thumb Code     0  startup_stm32f429xx.o(.text)
    OTG_HS_EP1_OUT_IRQHandler                0x08000353   Thumb Code     0  startup_stm32f429xx.o(.text)
    OTG_HS_IRQHandler                        0x08000353   Thumb Code     0  startup_stm32f429xx.o(.text)
    OTG_HS_WKUP_IRQHandler                   0x08000353   Thumb Code     0  startup_stm32f429xx.o(.text)
    PVD_IRQHandler                           0x08000353   Thumb Code     0  startup_stm32f429xx.o(.text)
    RCC_IRQHandler                           0x08000353   Thumb Code     0  startup_stm32f429xx.o(.text)
    RTC_Alarm_IRQHandler                     0x08000353   Thumb Code     0  startup_stm32f429xx.o(.text)
    RTC_WKUP_IRQHandler                      0x08000353   Thumb Code     0  startup_stm32f429xx.o(.text)
    SAI1_IRQHandler                          0x08000353   Thumb Code     0  startup_stm32f429xx.o(.text)
    SDIO_IRQHandler                          0x08000353   Thumb Code     0  startup_stm32f429xx.o(.text)
    SPI1_IRQHandler                          0x08000353   Thumb Code     0  startup_stm32f429xx.o(.text)
    SPI2_IRQHandler                          0x08000353   Thumb Code     0  startup_stm32f429xx.o(.text)
    SPI3_IRQHandler                          0x08000353   Thumb Code     0  startup_stm32f429xx.o(.text)
    SPI4_IRQHandler                          0x08000353   Thumb Code     0  startup_stm32f429xx.o(.text)
    SPI5_IRQHandler                          0x08000353   Thumb Code     0  startup_stm32f429xx.o(.text)
    SPI6_IRQHandler                          0x08000353   Thumb Code     0  startup_stm32f429xx.o(.text)
    TAMP_STAMP_IRQHandler                    0x08000353   Thumb Code     0  startup_stm32f429xx.o(.text)
    TIM1_BRK_TIM9_IRQHandler                 0x08000353   Thumb Code     0  startup_stm32f429xx.o(.text)
    TIM1_CC_IRQHandler                       0x08000353   Thumb Code     0  startup_stm32f429xx.o(.text)
    TIM1_TRG_COM_TIM11_IRQHandler            0x08000353   Thumb Code     0  startup_stm32f429xx.o(.text)
    TIM1_UP_TIM10_IRQHandler                 0x08000353   Thumb Code     0  startup_stm32f429xx.o(.text)
    TIM2_IRQHandler                          0x08000353   Thumb Code     0  startup_stm32f429xx.o(.text)
    TIM3_IRQHandler                          0x08000353   Thumb Code     0  startup_stm32f429xx.o(.text)
    TIM4_IRQHandler                          0x08000353   Thumb Code     0  startup_stm32f429xx.o(.text)
    TIM5_IRQHandler                          0x08000353   Thumb Code     0  startup_stm32f429xx.o(.text)
    TIM6_DAC_IRQHandler                      0x08000353   Thumb Code     0  startup_stm32f429xx.o(.text)
    TIM7_IRQHandler                          0x08000353   Thumb Code     0  startup_stm32f429xx.o(.text)
    TIM8_BRK_TIM12_IRQHandler                0x08000353   Thumb Code     0  startup_stm32f429xx.o(.text)
    TIM8_CC_IRQHandler                       0x08000353   Thumb Code     0  startup_stm32f429xx.o(.text)
    TIM8_TRG_COM_TIM14_IRQHandler            0x08000353   Thumb Code     0  startup_stm32f429xx.o(.text)
    TIM8_UP_TIM13_IRQHandler                 0x08000353   Thumb Code     0  startup_stm32f429xx.o(.text)
    UART4_IRQHandler                         0x08000353   Thumb Code     0  startup_stm32f429xx.o(.text)
    UART5_IRQHandler                         0x08000353   Thumb Code     0  startup_stm32f429xx.o(.text)
    UART7_IRQHandler                         0x08000353   Thumb Code     0  startup_stm32f429xx.o(.text)
    UART8_IRQHandler                         0x08000353   Thumb Code     0  startup_stm32f429xx.o(.text)
    USART2_IRQHandler                        0x08000353   Thumb Code     0  startup_stm32f429xx.o(.text)
    USART3_IRQHandler                        0x08000353   Thumb Code     0  startup_stm32f429xx.o(.text)
    USART6_IRQHandler                        0x08000353   Thumb Code     0  startup_stm32f429xx.o(.text)
    WWDG_IRQHandler                          0x08000353   Thumb Code     0  startup_stm32f429xx.o(.text)
    __user_initial_stackheap                 0x08000355   Thumb Code     0  startup_stm32f429xx.o(.text)
    __aeabi_uldivmod                         0x08000379   Thumb Code     0  lludivv7m.o(.text)
    _ll_udiv                                 0x08000379   Thumb Code   238  lludivv7m.o(.text)
    vsnprintf                                0x08000469   Thumb Code    48  vsnprintf.o(.text)
    abort                                    0x0800049d   Thumb Code    22  abort.o(.text)
    memcmp                                   0x080004b3   Thumb Code    88  memcmp.o(.text)
    __aeabi_memcpy                           0x0800050b   Thumb Code     0  rt_memcpy_v6.o(.text)
    __rt_memcpy                              0x0800050b   Thumb Code   138  rt_memcpy_v6.o(.text)
    _memcpy_lastbytes                        0x08000571   Thumb Code     0  rt_memcpy_v6.o(.text)
    __aeabi_memclr4                          0x08000595   Thumb Code     0  rt_memclr_w.o(.text)
    __aeabi_memclr8                          0x08000595   Thumb Code     0  rt_memclr_w.o(.text)
    __rt_memclr_w                            0x08000595   Thumb Code    78  rt_memclr_w.o(.text)
    _memset_w                                0x08000599   Thumb Code     0  rt_memclr_w.o(.text)
    __use_two_region_memory                  0x080005e3   Thumb Code     2  heapauxi.o(.text)
    __rt_heap_escrow$2region                 0x080005e5   Thumb Code     2  heapauxi.o(.text)
    __rt_heap_expand$2region                 0x080005e7   Thumb Code     2  heapauxi.o(.text)
    _sys_exit                                0x080005e9   Thumb Code     8  sys_exit.o(.text)
    _printf_pre_padding                      0x080005f5   Thumb Code    44  _printf_pad.o(.text)
    _printf_post_padding                     0x08000621   Thumb Code    34  _printf_pad.o(.text)
    _printf_truncate_signed                  0x08000643   Thumb Code    18  _printf_truncate.o(.text)
    _printf_truncate_unsigned                0x08000655   Thumb Code    18  _printf_truncate.o(.text)
    _printf_str                              0x08000667   Thumb Code    82  _printf_str.o(.text)
    _printf_int_dec                          0x080006b9   Thumb Code   104  _printf_dec.o(.text)
    _printf_charcount                        0x08000731   Thumb Code    40  _printf_charcount.o(.text)
    _printf_char_common                      0x08000763   Thumb Code    32  _printf_char_common.o(.text)
    _sputc                                   0x08000789   Thumb Code    10  _sputc.o(.text)
    _snputc                                  0x08000793   Thumb Code    16  _snputc.o(.text)
    _printf_wctomb                           0x080007a5   Thumb Code   182  _printf_wctomb.o(.text)
    _printf_longlong_dec                     0x08000861   Thumb Code   108  _printf_longlong_dec.o(.text)
    _printf_longlong_oct                     0x080008dd   Thumb Code    66  _printf_oct_int_ll.o(.text)
    _printf_int_oct                          0x0800091f   Thumb Code    24  _printf_oct_int_ll.o(.text)
    _printf_ll_oct                           0x08000937   Thumb Code    12  _printf_oct_int_ll.o(.text)
    _printf_longlong_hex                     0x0800094d   Thumb Code    86  _printf_hex_int_ll_ptr.o(.text)
    _printf_int_hex                          0x080009a3   Thumb Code    28  _printf_hex_int_ll_ptr.o(.text)
    _printf_ll_hex                           0x080009bf   Thumb Code    12  _printf_hex_int_ll_ptr.o(.text)
    _printf_hex_ptr                          0x080009cb   Thumb Code    18  _printf_hex_int_ll_ptr.o(.text)
    __printf                                 0x080009e1   Thumb Code   388  __printf_flags_ss_wp.o(.text)
    __rt_SIGABRT                             0x08000b69   Thumb Code    14  defsig_abrt_outer.o(.text)
    __aeabi_memcpy4                          0x08000b77   Thumb Code     0  rt_memcpy_w.o(.text)
    __aeabi_memcpy8                          0x08000b77   Thumb Code     0  rt_memcpy_w.o(.text)
    __rt_memcpy_w                            0x08000b77   Thumb Code   100  rt_memcpy_w.o(.text)
    _memcpy_lastbytes_aligned                0x08000bbf   Thumb Code     0  rt_memcpy_w.o(.text)
    __I$use$semihosting                      0x08000bdb   Thumb Code     0  use_no_semi.o(.text)
    __use_no_semihosting_swi                 0x08000bdb   Thumb Code     2  use_no_semi.o(.text)
    __semihosting_library_function           0x08000bdd   Thumb Code     0  indicate_semi.o(.text)
    _ll_udiv10                               0x08000bdd   Thumb Code   138  lludiv10.o(.text)
    _printf_int_common                       0x08000c67   Thumb Code   178  _printf_intcommon.o(.text)
    __lib_sel_fp_printf                      0x08000d19   Thumb Code     2  _printf_fp_dec.o(.text)
    _printf_fp_dec_real                      0x08000ecb   Thumb Code   620  _printf_fp_dec.o(.text)
    _printf_fp_hex_real                      0x08001139   Thumb Code   756  _printf_fp_hex.o(.text)
    _printf_cs_common                        0x08001435   Thumb Code    20  _printf_char.o(.text)
    _printf_char                             0x08001449   Thumb Code    16  _printf_char.o(.text)
    _printf_string                           0x08001459   Thumb Code     8  _printf_char.o(.text)
    _printf_lcs_common                       0x08001461   Thumb Code    20  _printf_wchar.o(.text)
    _printf_wchar                            0x08001475   Thumb Code    16  _printf_wchar.o(.text)
    _printf_wstring                          0x08001485   Thumb Code     8  _printf_wchar.o(.text)
    _wcrtomb                                 0x0800148d   Thumb Code    64  _wcrtomb.o(.text)
    __sig_exit                               0x080014cd   Thumb Code    10  defsig_exit.o(.text)
    __rt_SIGABRT_inner                       0x080014d9   Thumb Code    14  defsig_abrt_inner.o(.text)
    __user_setup_stackheap                   0x08001509   Thumb Code    74  sys_stackheap_outer.o(.text)
    __rt_ctype_table                         0x08001555   Thumb Code    16  rt_ctype_table.o(.text)
    __rt_locale                              0x08001565   Thumb Code     8  rt_locale_intlibspace.o(.text)
    _printf_fp_infnan                        0x0800156d   Thumb Code   112  _printf_fp_infnan.o(.text)
    _btod_etento                             0x080015ed   Thumb Code   224  bigflt0.o(.text)
    exit                                     0x080016d1   Thumb Code    18  exit.o(.text)
    __default_signal_display                 0x080016e3   Thumb Code    50  defsig_general.o(.text)
    _ttywrch                                 0x08001715   Thumb Code    14  sys_wrch.o(.text)
    __user_libspace                          0x08001725   Thumb Code     8  libspace.o(.text)
    __user_perproc_libspace                  0x08001725   Thumb Code     0  libspace.o(.text)
    __user_perthread_libspace                0x08001725   Thumb Code     0  libspace.o(.text)
    strcmp                                   0x0800172d   Thumb Code   128  strcmpv7m.o(.text)
    _btod_d2e                                0x080017ad   Thumb Code    62  btod.o(CL$$btod_d2e)
    _d2e_denorm_low                          0x080017eb   Thumb Code    70  btod.o(CL$$btod_d2e_denorm_low)
    _d2e_norm_op1                            0x08001831   Thumb Code    96  btod.o(CL$$btod_d2e_norm_op1)
    __btod_div_common                        0x08001891   Thumb Code   696  btod.o(CL$$btod_div_common)
    _e2e                                     0x08001bc9   Thumb Code   220  btod.o(CL$$btod_e2e)
    _btod_ediv                               0x08001ca5   Thumb Code    42  btod.o(CL$$btod_ediv)
    _btod_emul                               0x08001ccf   Thumb Code    42  btod.o(CL$$btod_emul)
    __btod_mult_common                       0x08001cf9   Thumb Code   580  btod.o(CL$$btod_mult_common)
    BusFault_Handler                         0x08001f3d   Thumb Code     2  stm32f4xx_it.o(i.BusFault_Handler)
    DMA2_Stream2_IRQHandler                  0x08001f41   Thumb Code     6  stm32f4xx_it.o(i.DMA2_Stream2_IRQHandler)
    DebugMon_Handler                         0x08001ff1   Thumb Code     2  stm32f4xx_it.o(i.DebugMon_Handler)
    Error_Handler                            0x08001ff3   Thumb Code     4  main.o(i.Error_Handler)
    HAL_DMA_Abort                            0x08001ff7   Thumb Code   146  stm32f4xx_hal_dma.o(i.HAL_DMA_Abort)
    HAL_DMA_Abort_IT                         0x08002089   Thumb Code    36  stm32f4xx_hal_dma.o(i.HAL_DMA_Abort_IT)
    HAL_DMA_IRQHandler                       0x080020ad   Thumb Code   412  stm32f4xx_hal_dma.o(i.HAL_DMA_IRQHandler)
    HAL_DMA_Init                             0x0800224d   Thumb Code   206  stm32f4xx_hal_dma.o(i.HAL_DMA_Init)
    HAL_DMA_Start_IT                         0x08002321   Thumb Code   110  stm32f4xx_hal_dma.o(i.HAL_DMA_Start_IT)
    HAL_GPIO_Init                            0x08002391   Thumb Code   510  stm32f4xx_hal_gpio.o(i.HAL_GPIO_Init)
    HAL_GPIO_ReadPin                         0x080025c5   Thumb Code    10  stm32f4xx_hal_gpio.o(i.HAL_GPIO_ReadPin)
    HAL_GPIO_WritePin                        0x080025cf   Thumb Code    10  stm32f4xx_hal_gpio.o(i.HAL_GPIO_WritePin)
    HAL_GetTick                              0x080025d9   Thumb Code     6  stm32f4xx_hal.o(i.HAL_GetTick)
    HAL_IncTick                              0x080025e5   Thumb Code    12  stm32f4xx_hal.o(i.HAL_IncTick)
    HAL_Init                                 0x080025f5   Thumb Code    48  stm32f4xx_hal.o(i.HAL_Init)
    HAL_InitTick                             0x08002629   Thumb Code    54  stm32f4xx_hal.o(i.HAL_InitTick)
    HAL_MspInit                              0x08002669   Thumb Code    42  stm32f4xx_hal_msp.o(i.HAL_MspInit)
    HAL_NVIC_EnableIRQ                       0x08002699   Thumb Code    26  stm32f4xx_hal_cortex.o(i.HAL_NVIC_EnableIRQ)
    HAL_NVIC_SetPriority                     0x080026b5   Thumb Code    60  stm32f4xx_hal_cortex.o(i.HAL_NVIC_SetPriority)
    HAL_NVIC_SetPriorityGrouping             0x080026f5   Thumb Code    26  stm32f4xx_hal_cortex.o(i.HAL_NVIC_SetPriorityGrouping)
    HAL_PWREx_EnableOverDrive                0x08002719   Thumb Code    98  stm32f4xx_hal_pwr_ex.o(i.HAL_PWREx_EnableOverDrive)
    HAL_RCC_ClockConfig                      0x08002789   Thumb Code   288  stm32f4xx_hal_rcc.o(i.HAL_RCC_ClockConfig)
    HAL_RCC_GetPCLK1Freq                     0x080028bd   Thumb Code    20  stm32f4xx_hal_rcc.o(i.HAL_RCC_GetPCLK1Freq)
    HAL_RCC_GetPCLK2Freq                     0x080028dd   Thumb Code    20  stm32f4xx_hal_rcc.o(i.HAL_RCC_GetPCLK2Freq)
    HAL_RCC_GetSysClockFreq                  0x080028fd   Thumb Code    88  stm32f4xx_hal_rcc.o(i.HAL_RCC_GetSysClockFreq)
    HAL_RCC_OscConfig                        0x08002961   Thumb Code   856  stm32f4xx_hal_rcc.o(i.HAL_RCC_OscConfig)
    HAL_SYSTICK_Config                       0x08002ccd   Thumb Code    40  stm32f4xx_hal_cortex.o(i.HAL_SYSTICK_Config)
    HAL_UARTEx_ReceiveToIdle_DMA             0x08002cf5   Thumb Code    74  stm32f4xx_hal_uart.o(i.HAL_UARTEx_ReceiveToIdle_DMA)
    HAL_UARTEx_RxEventCallback               0x08002d41   Thumb Code    60  usart_app.o(i.HAL_UARTEx_RxEventCallback)
    HAL_UART_DMAStop                         0x08002d8d   Thumb Code   112  stm32f4xx_hal_uart.o(i.HAL_UART_DMAStop)
    HAL_UART_ErrorCallback                   0x08002dfd   Thumb Code     2  stm32f4xx_hal_uart.o(i.HAL_UART_ErrorCallback)
    HAL_UART_IRQHandler                      0x08002e01   Thumb Code   636  stm32f4xx_hal_uart.o(i.HAL_UART_IRQHandler)
    HAL_UART_Init                            0x08003081   Thumb Code   100  stm32f4xx_hal_uart.o(i.HAL_UART_Init)
    HAL_UART_MspInit                         0x080030e5   Thumb Code   156  usart.o(i.HAL_UART_MspInit)
    HAL_UART_RxCpltCallback                  0x08003195   Thumb Code     2  stm32f4xx_hal_uart.o(i.HAL_UART_RxCpltCallback)
    HAL_UART_RxHalfCpltCallback              0x08003197   Thumb Code     2  stm32f4xx_hal_uart.o(i.HAL_UART_RxHalfCpltCallback)
    HAL_UART_Transmit                        0x08003199   Thumb Code   160  stm32f4xx_hal_uart.o(i.HAL_UART_Transmit)
    HAL_UART_TxCpltCallback                  0x08003239   Thumb Code     2  stm32f4xx_hal_uart.o(i.HAL_UART_TxCpltCallback)
    HardFault_Handler                        0x0800323b   Thumb Code     2  stm32f4xx_it.o(i.HardFault_Handler)
    MX_DMA_Init                              0x0800323d   Thumb Code    40  dma.o(i.MX_DMA_Init)
    MX_GPIO_Init                             0x08003269   Thumb Code   198  gpio.o(i.MX_GPIO_Init)
    MX_USART1_UART_Init                      0x08003341   Thumb Code    48  usart.o(i.MX_USART1_UART_Init)
    MemManage_Handler                        0x08003379   Thumb Code     2  stm32f4xx_it.o(i.MemManage_Handler)
    NMI_Handler                              0x0800337b   Thumb Code     2  stm32f4xx_it.o(i.NMI_Handler)
    PendSV_Handler                           0x0800337d   Thumb Code     2  stm32f4xx_it.o(i.PendSV_Handler)
    SVC_Handler                              0x0800337f   Thumb Code     2  stm32f4xx_it.o(i.SVC_Handler)
    SysTick_Handler                          0x08003381   Thumb Code     4  stm32f4xx_it.o(i.SysTick_Handler)
    SystemClock_Config                       0x08003385   Thumb Code   148  main.o(i.SystemClock_Config)
    SystemInit                               0x08003421   Thumb Code    12  system_stm32f4xx.o(i.SystemInit)
    UART_Start_Receive_DMA                   0x08003765   Thumb Code   146  stm32f4xx_hal_uart.o(i.UART_Start_Receive_DMA)
    USART1_IRQHandler                        0x08003879   Thumb Code     6  stm32f4xx_it.o(i.USART1_IRQHandler)
    UsageFault_Handler                       0x08003885   Thumb Code     2  stm32f4xx_it.o(i.UsageFault_Handler)
    __ARM_fpclassify                         0x08003887   Thumb Code    48  fpclassify.o(i.__ARM_fpclassify)
    _is_digit                                0x080038d7   Thumb Code    14  __printf_wp.o(i._is_digit)
    ebtn_combo_btn_add_btn_by_idx            0x08003947   Thumb Code    22  ebtn.o(i.ebtn_combo_btn_add_btn_by_idx)
    ebtn_get_btn_index_by_key_id             0x0800395d   Thumb Code    58  ebtn.o(i.ebtn_get_btn_index_by_key_id)
    ebtn_init                                0x0800399d   Thumb Code    58  ebtn.o(i.ebtn_init)
    ebtn_process                             0x080039dd   Thumb Code    94  ebtn.o(i.ebtn_process)
    ebtn_process_with_curr_state             0x08003b1d   Thumb Code   174  ebtn.o(i.ebtn_process_with_curr_state)
    ebtn_task                                0x08003bd1   Thumb Code    14  btn_app.o(i.ebtn_task)
    key_process_simple                       0x08003c65   Thumb Code    28  key_app.o(i.key_process_simple)
    key_read_raw                             0x08003c85   Thumb Code    84  key_app.o(i.key_read_raw)
    led_disp                                 0x08003ce1   Thumb Code   114  led_app.o(i.led_disp)
    led_task                                 0x08003d61   Thumb Code     6  led_app.o(i.led_task)
    main                                     0x08003d6d   Thumb Code    38  main.o(i.main)
    my_ebtn_init                             0x08003d95   Thumb Code   118  btn_app.o(i.my_ebtn_init)
    my_get_key_state                         0x08003e19   Thumb Code    62  btn_app.o(i.my_get_key_state)
    my_handle_key_event                      0x08003e61   Thumb Code    90  btn_app.o(i.my_handle_key_event)
    my_printf                                0x08003ed5   Thumb Code    50  usart_app.o(i.my_printf)
    ringbuffer_init                          0x08004055   Thumb Code    42  usart_app.o(i.ringbuffer_init)
    rt_ringbuffer_data_len                   0x0800408d   Thumb Code    48  ringbuffer.o(i.rt_ringbuffer_data_len)
    rt_ringbuffer_get                        0x080040bd   Thumb Code   116  ringbuffer.o(i.rt_ringbuffer_get)
    rt_ringbuffer_init                       0x08004131   Thumb Code    48  ringbuffer.o(i.rt_ringbuffer_init)
    rt_ringbuffer_put                        0x08004161   Thumb Code   120  ringbuffer.o(i.rt_ringbuffer_put)
    scheduler_init                           0x080041f9   Thumb Code     8  scheduler.o(i.scheduler_init)
    scheduler_run                            0x08004205   Thumb Code    56  scheduler.o(i.scheduler_run)
    uart_task                                0x08004241   Thumb Code    66  usart_app.o(i.uart_task)
    _get_lc_numeric                          0x080042bd   Thumb Code    44  lc_numeric_c.o(locale$$code)
    _get_lc_ctype                            0x080042e9   Thumb Code    44  lc_ctype_c.o(locale$$code)
    _fp_init                                 0x08004315   Thumb Code    10  fpinit.o(x$fpl$fpinit)
    __fplib_config_fpu_vfp                   0x0800431d   Thumb Code     0  fpinit.o(x$fpl$fpinit)
    __fplib_config_pureend_doubles           0x0800431d   Thumb Code     0  fpinit.o(x$fpl$fpinit)
    _printf_fp_dec                           0x0800431f   Thumb Code     4  printf1.o(x$fpl$printf1)
    _printf_fp_hex                           0x08004323   Thumb Code     4  printf2.o(x$fpl$printf2)
    __I$use$fp                               0x08004326   Number         0  usenofp.o(x$fpl$usenofp)
    AHBPrescTable                            0x0800432e   Data          16  system_stm32f4xx.o(.constdata)
    APBPrescTable                            0x0800433e   Data           8  system_stm32f4xx.o(.constdata)
    key_param_normal                         0x08004346   Data          14  btn_app.o(.constdata)
    Region$$Table$$Base                      0x08004450   Number         0  anon$$obj.o(Region$$Table)
    Region$$Table$$Limit                     0x08004470   Number         0  anon$$obj.o(Region$$Table)
    __ctype                                  0x08004499   Data           0  lc_ctype_c.o(locale$$data)
    uwTickFreq                               0x20000000   Data           1  stm32f4xx_hal.o(.data)
    uwTickPrio                               0x20000004   Data           4  stm32f4xx_hal.o(.data)
    uwTick                                   0x20000008   Data           4  stm32f4xx_hal.o(.data)
    SystemCoreClock                          0x2000000c   Data           4  system_stm32f4xx.o(.data)
    task_num                                 0x20000010   Data           1  scheduler.o(.data)
    ucled                                    0x20000045   Data           6  led_app.o(.data)
    g_key_current_state                      0x2000004b   Data           1  key_app.o(.data)
    g_key_previous_state                     0x2000004c   Data           1  key_app.o(.data)
    g_key_pressed_flag                       0x2000004d   Data           1  key_app.o(.data)
    g_key_released_flag                      0x2000004e   Data           1  key_app.o(.data)
    static_buttons                           0x20000054   Data         168  btn_app.o(.data)
    huart1                                   0x20000168   Data          72  usart.o(.bss)
    hdma_usart1_rx                           0x200001b0   Data          96  usart.o(.bss)
    uart_rx_dma_buffer                       0x20000210   Data         128  usart_app.o(.bss)
    process_buffer                           0x2000049c   Data         128  usart_app.o(.bss)
    __libspace_start                         0x20000544   Data          96  libspace.o(.bss)
    __temporary_stack_top$libspace           0x200005a4   Data           0  libspace.o(.bss)



==============================================================================

Memory Map of the image

  Image Entry point : 0x080001ad

  Load Region LR_IROM1 (Base: 0x08000000, Size: 0x00004704, Max: 0x00080000, ABSOLUTE, COMPRESSED[0x000045e8])

    Execution Region ER_IROM1 (Exec base: 0x08000000, Load base: 0x08000000, Size: 0x0000459c, Max: 0x00080000, ABSOLUTE)

    Exec Addr    Load Addr    Size         Type   Attr      Idx    E Section Name        Object

    0x08000000   0x08000000   0x000001ac   Data   RO            3    RESET               startup_stm32f429xx.o
    0x080001ac   0x080001ac   0x00000008   Code   RO         2527  * !!!main             c_w.l(__main.o)
    0x080001b4   0x080001b4   0x00000034   Code   RO         2870    !!!scatter          c_w.l(__scatter.o)
    0x080001e8   0x080001e8   0x0000005a   Code   RO         2868    !!dczerorl2         c_w.l(__dczerorl2.o)
    0x08000242   0x08000242   0x00000002   PAD
    0x08000244   0x08000244   0x0000001c   Code   RO         2872    !!handler_zi        c_w.l(__scatter_zi.o)
    0x08000260   0x08000260   0x00000000   Code   RO         2619    .ARM.Collect$$_printf_percent$$00000000  c_w.l(_printf_percent.o)
    0x08000260   0x08000260   0x00000006   Code   RO         2608    .ARM.Collect$$_printf_percent$$00000001  c_w.l(_printf_n.o)
    0x08000266   0x08000266   0x00000006   Code   RO         2610    .ARM.Collect$$_printf_percent$$00000002  c_w.l(_printf_p.o)
    0x0800026c   0x0800026c   0x00000006   Code   RO         2615    .ARM.Collect$$_printf_percent$$00000003  c_w.l(_printf_f.o)
    0x08000272   0x08000272   0x00000006   Code   RO         2616    .ARM.Collect$$_printf_percent$$00000004  c_w.l(_printf_e.o)
    0x08000278   0x08000278   0x00000006   Code   RO         2617    .ARM.Collect$$_printf_percent$$00000005  c_w.l(_printf_g.o)
    0x0800027e   0x0800027e   0x00000006   Code   RO         2618    .ARM.Collect$$_printf_percent$$00000006  c_w.l(_printf_a.o)
    0x08000284   0x08000284   0x0000000a   Code   RO         2623    .ARM.Collect$$_printf_percent$$00000007  c_w.l(_printf_ll.o)
    0x0800028e   0x0800028e   0x00000006   Code   RO         2612    .ARM.Collect$$_printf_percent$$00000008  c_w.l(_printf_i.o)
    0x08000294   0x08000294   0x00000006   Code   RO         2613    .ARM.Collect$$_printf_percent$$00000009  c_w.l(_printf_d.o)
    0x0800029a   0x0800029a   0x00000006   Code   RO         2614    .ARM.Collect$$_printf_percent$$0000000A  c_w.l(_printf_u.o)
    0x080002a0   0x080002a0   0x00000006   Code   RO         2611    .ARM.Collect$$_printf_percent$$0000000B  c_w.l(_printf_o.o)
    0x080002a6   0x080002a6   0x00000006   Code   RO         2609    .ARM.Collect$$_printf_percent$$0000000C  c_w.l(_printf_x.o)
    0x080002ac   0x080002ac   0x00000006   Code   RO         2620    .ARM.Collect$$_printf_percent$$0000000D  c_w.l(_printf_lli.o)
    0x080002b2   0x080002b2   0x00000006   Code   RO         2621    .ARM.Collect$$_printf_percent$$0000000E  c_w.l(_printf_lld.o)
    0x080002b8   0x080002b8   0x00000006   Code   RO         2622    .ARM.Collect$$_printf_percent$$0000000F  c_w.l(_printf_llu.o)
    0x080002be   0x080002be   0x00000006   Code   RO         2627    .ARM.Collect$$_printf_percent$$00000010  c_w.l(_printf_llo.o)
    0x080002c4   0x080002c4   0x00000006   Code   RO         2628    .ARM.Collect$$_printf_percent$$00000011  c_w.l(_printf_llx.o)
    0x080002ca   0x080002ca   0x0000000a   Code   RO         2624    .ARM.Collect$$_printf_percent$$00000012  c_w.l(_printf_l.o)
    0x080002d4   0x080002d4   0x00000006   Code   RO         2606    .ARM.Collect$$_printf_percent$$00000013  c_w.l(_printf_c.o)
    0x080002da   0x080002da   0x00000006   Code   RO         2607    .ARM.Collect$$_printf_percent$$00000014  c_w.l(_printf_s.o)
    0x080002e0   0x080002e0   0x00000006   Code   RO         2625    .ARM.Collect$$_printf_percent$$00000015  c_w.l(_printf_lc.o)
    0x080002e6   0x080002e6   0x00000006   Code   RO         2626    .ARM.Collect$$_printf_percent$$00000016  c_w.l(_printf_ls.o)
    0x080002ec   0x080002ec   0x00000004   Code   RO         2680    .ARM.Collect$$_printf_percent$$00000017  c_w.l(_printf_percent_end.o)
    0x080002f0   0x080002f0   0x00000002   Code   RO         2741    .ARM.Collect$$libinit$$00000000  c_w.l(libinit.o)
    0x080002f2   0x080002f2   0x00000004   Code   RO         2763    .ARM.Collect$$libinit$$00000001  c_w.l(libinit2.o)
    0x080002f6   0x080002f6   0x00000000   Code   RO         2766    .ARM.Collect$$libinit$$00000004  c_w.l(libinit2.o)
    0x080002f6   0x080002f6   0x00000000   Code   RO         2769    .ARM.Collect$$libinit$$0000000A  c_w.l(libinit2.o)
    0x080002f6   0x080002f6   0x00000000   Code   RO         2771    .ARM.Collect$$libinit$$0000000C  c_w.l(libinit2.o)
    0x080002f6   0x080002f6   0x00000000   Code   RO         2773    .ARM.Collect$$libinit$$0000000E  c_w.l(libinit2.o)
    0x080002f6   0x080002f6   0x00000006   Code   RO         2774    .ARM.Collect$$libinit$$0000000F  c_w.l(libinit2.o)
    0x080002fc   0x080002fc   0x00000000   Code   RO         2776    .ARM.Collect$$libinit$$00000011  c_w.l(libinit2.o)
    0x080002fc   0x080002fc   0x0000000c   Code   RO         2777    .ARM.Collect$$libinit$$00000012  c_w.l(libinit2.o)
    0x08000308   0x08000308   0x00000000   Code   RO         2778    .ARM.Collect$$libinit$$00000013  c_w.l(libinit2.o)
    0x08000308   0x08000308   0x00000000   Code   RO         2780    .ARM.Collect$$libinit$$00000015  c_w.l(libinit2.o)
    0x08000308   0x08000308   0x0000000a   Code   RO         2781    .ARM.Collect$$libinit$$00000016  c_w.l(libinit2.o)
    0x08000312   0x08000312   0x00000000   Code   RO         2782    .ARM.Collect$$libinit$$00000017  c_w.l(libinit2.o)
    0x08000312   0x08000312   0x00000000   Code   RO         2784    .ARM.Collect$$libinit$$00000019  c_w.l(libinit2.o)
    0x08000312   0x08000312   0x00000000   Code   RO         2786    .ARM.Collect$$libinit$$0000001B  c_w.l(libinit2.o)
    0x08000312   0x08000312   0x00000000   Code   RO         2788    .ARM.Collect$$libinit$$0000001D  c_w.l(libinit2.o)
    0x08000312   0x08000312   0x00000000   Code   RO         2790    .ARM.Collect$$libinit$$0000001F  c_w.l(libinit2.o)
    0x08000312   0x08000312   0x00000000   Code   RO         2792    .ARM.Collect$$libinit$$00000021  c_w.l(libinit2.o)
    0x08000312   0x08000312   0x00000000   Code   RO         2794    .ARM.Collect$$libinit$$00000023  c_w.l(libinit2.o)
    0x08000312   0x08000312   0x00000000   Code   RO         2796    .ARM.Collect$$libinit$$00000025  c_w.l(libinit2.o)
    0x08000312   0x08000312   0x00000000   Code   RO         2800    .ARM.Collect$$libinit$$0000002C  c_w.l(libinit2.o)
    0x08000312   0x08000312   0x00000000   Code   RO         2802    .ARM.Collect$$libinit$$0000002E  c_w.l(libinit2.o)
    0x08000312   0x08000312   0x00000000   Code   RO         2804    .ARM.Collect$$libinit$$00000030  c_w.l(libinit2.o)
    0x08000312   0x08000312   0x00000000   Code   RO         2806    .ARM.Collect$$libinit$$00000032  c_w.l(libinit2.o)
    0x08000312   0x08000312   0x00000002   Code   RO         2807    .ARM.Collect$$libinit$$00000033  c_w.l(libinit2.o)
    0x08000314   0x08000314   0x00000002   Code   RO         2839    .ARM.Collect$$libshutdown$$00000000  c_w.l(libshutdown.o)
    0x08000316   0x08000316   0x00000000   Code   RO         2849    .ARM.Collect$$libshutdown$$00000002  c_w.l(libshutdown2.o)
    0x08000316   0x08000316   0x00000000   Code   RO         2851    .ARM.Collect$$libshutdown$$00000004  c_w.l(libshutdown2.o)
    0x08000316   0x08000316   0x00000000   Code   RO         2853    .ARM.Collect$$libshutdown$$00000006  c_w.l(libshutdown2.o)
    0x08000316   0x08000316   0x00000000   Code   RO         2856    .ARM.Collect$$libshutdown$$00000009  c_w.l(libshutdown2.o)
    0x08000316   0x08000316   0x00000000   Code   RO         2859    .ARM.Collect$$libshutdown$$0000000C  c_w.l(libshutdown2.o)
    0x08000316   0x08000316   0x00000000   Code   RO         2861    .ARM.Collect$$libshutdown$$0000000E  c_w.l(libshutdown2.o)
    0x08000316   0x08000316   0x00000000   Code   RO         2864    .ARM.Collect$$libshutdown$$00000011  c_w.l(libshutdown2.o)
    0x08000316   0x08000316   0x00000002   Code   RO         2865    .ARM.Collect$$libshutdown$$00000012  c_w.l(libshutdown2.o)
    0x08000318   0x08000318   0x00000000   Code   RO         2531    .ARM.Collect$$rtentry$$00000000  c_w.l(__rtentry.o)
    0x08000318   0x08000318   0x00000000   Code   RO         2647    .ARM.Collect$$rtentry$$00000002  c_w.l(__rtentry2.o)
    0x08000318   0x08000318   0x00000006   Code   RO         2659    .ARM.Collect$$rtentry$$00000004  c_w.l(__rtentry4.o)
    0x0800031e   0x0800031e   0x00000000   Code   RO         2649    .ARM.Collect$$rtentry$$00000009  c_w.l(__rtentry2.o)
    0x0800031e   0x0800031e   0x00000004   Code   RO         2650    .ARM.Collect$$rtentry$$0000000A  c_w.l(__rtentry2.o)
    0x08000322   0x08000322   0x00000000   Code   RO         2652    .ARM.Collect$$rtentry$$0000000C  c_w.l(__rtentry2.o)
    0x08000322   0x08000322   0x00000008   Code   RO         2653    .ARM.Collect$$rtentry$$0000000D  c_w.l(__rtentry2.o)
    0x0800032a   0x0800032a   0x00000002   Code   RO         2752    .ARM.Collect$$rtexit$$00000000  c_w.l(rtexit.o)
    0x0800032c   0x0800032c   0x00000000   Code   RO         2809    .ARM.Collect$$rtexit$$00000002  c_w.l(rtexit2.o)
    0x0800032c   0x0800032c   0x00000004   Code   RO         2810    .ARM.Collect$$rtexit$$00000003  c_w.l(rtexit2.o)
    0x08000330   0x08000330   0x00000006   Code   RO         2811    .ARM.Collect$$rtexit$$00000004  c_w.l(rtexit2.o)
    0x08000336   0x08000336   0x00000002   PAD
    0x08000338   0x08000338   0x00000040   Code   RO            4    .text               startup_stm32f429xx.o
    0x08000378   0x08000378   0x000000ee   Code   RO         2513    .text               c_w.l(lludivv7m.o)
    0x08000466   0x08000466   0x00000002   PAD
    0x08000468   0x08000468   0x00000034   Code   RO         2515    .text               c_w.l(vsnprintf.o)
    0x0800049c   0x0800049c   0x00000016   Code   RO         2517    .text               c_w.l(abort.o)
    0x080004b2   0x080004b2   0x00000058   Code   RO         2519    .text               c_w.l(memcmp.o)
    0x0800050a   0x0800050a   0x0000008a   Code   RO         2521    .text               c_w.l(rt_memcpy_v6.o)
    0x08000594   0x08000594   0x0000004e   Code   RO         2523    .text               c_w.l(rt_memclr_w.o)
    0x080005e2   0x080005e2   0x00000006   Code   RO         2525    .text               c_w.l(heapauxi.o)
    0x080005e8   0x080005e8   0x0000000c   Code   RO         2529    .text               c_w.l(sys_exit.o)
    0x080005f4   0x080005f4   0x0000004e   Code   RO         2538    .text               c_w.l(_printf_pad.o)
    0x08000642   0x08000642   0x00000024   Code   RO         2540    .text               c_w.l(_printf_truncate.o)
    0x08000666   0x08000666   0x00000052   Code   RO         2542    .text               c_w.l(_printf_str.o)
    0x080006b8   0x080006b8   0x00000078   Code   RO         2544    .text               c_w.l(_printf_dec.o)
    0x08000730   0x08000730   0x00000028   Code   RO         2546    .text               c_w.l(_printf_charcount.o)
    0x08000758   0x08000758   0x00000030   Code   RO         2548    .text               c_w.l(_printf_char_common.o)
    0x08000788   0x08000788   0x0000000a   Code   RO         2550    .text               c_w.l(_sputc.o)
    0x08000792   0x08000792   0x00000010   Code   RO         2552    .text               c_w.l(_snputc.o)
    0x080007a2   0x080007a2   0x00000002   PAD
    0x080007a4   0x080007a4   0x000000bc   Code   RO         2554    .text               c_w.l(_printf_wctomb.o)
    0x08000860   0x08000860   0x0000007c   Code   RO         2557    .text               c_w.l(_printf_longlong_dec.o)
    0x080008dc   0x080008dc   0x00000070   Code   RO         2563    .text               c_w.l(_printf_oct_int_ll.o)
    0x0800094c   0x0800094c   0x00000094   Code   RO         2583    .text               c_w.l(_printf_hex_int_ll_ptr.o)
    0x080009e0   0x080009e0   0x00000188   Code   RO         2603    .text               c_w.l(__printf_flags_ss_wp.o)
    0x08000b68   0x08000b68   0x0000000e   Code   RO         2629    .text               c_w.l(defsig_abrt_outer.o)
    0x08000b76   0x08000b76   0x00000064   Code   RO         2633    .text               c_w.l(rt_memcpy_w.o)
    0x08000bda   0x08000bda   0x00000002   Code   RO         2643    .text               c_w.l(use_no_semi.o)
    0x08000bdc   0x08000bdc   0x00000000   Code   RO         2645    .text               c_w.l(indicate_semi.o)
    0x08000bdc   0x08000bdc   0x0000008a   Code   RO         2665    .text               c_w.l(lludiv10.o)
    0x08000c66   0x08000c66   0x000000b2   Code   RO         2667    .text               c_w.l(_printf_intcommon.o)
    0x08000d18   0x08000d18   0x0000041e   Code   RO         2669    .text               c_w.l(_printf_fp_dec.o)
    0x08001136   0x08001136   0x00000002   PAD
    0x08001138   0x08001138   0x000002fc   Code   RO         2671    .text               c_w.l(_printf_fp_hex.o)
    0x08001434   0x08001434   0x0000002c   Code   RO         2676    .text               c_w.l(_printf_char.o)
    0x08001460   0x08001460   0x0000002c   Code   RO         2678    .text               c_w.l(_printf_wchar.o)
    0x0800148c   0x0800148c   0x00000040   Code   RO         2681    .text               c_w.l(_wcrtomb.o)
    0x080014cc   0x080014cc   0x0000000a   Code   RO         2683    .text               c_w.l(defsig_exit.o)
    0x080014d6   0x080014d6   0x00000002   PAD
    0x080014d8   0x080014d8   0x00000030   Code   RO         2685    .text               c_w.l(defsig_abrt_inner.o)
    0x08001508   0x08001508   0x0000004a   Code   RO         2687    .text               c_w.l(sys_stackheap_outer.o)
    0x08001552   0x08001552   0x00000002   PAD
    0x08001554   0x08001554   0x00000010   Code   RO         2689    .text               c_w.l(rt_ctype_table.o)
    0x08001564   0x08001564   0x00000008   Code   RO         2694    .text               c_w.l(rt_locale_intlibspace.o)
    0x0800156c   0x0800156c   0x00000080   Code   RO         2696    .text               c_w.l(_printf_fp_infnan.o)
    0x080015ec   0x080015ec   0x000000e4   Code   RO         2698    .text               c_w.l(bigflt0.o)
    0x080016d0   0x080016d0   0x00000012   Code   RO         2726    .text               c_w.l(exit.o)
    0x080016e2   0x080016e2   0x00000032   Code   RO         2730    .text               c_w.l(defsig_general.o)
    0x08001714   0x08001714   0x0000000e   Code   RO         2747    .text               c_w.l(sys_wrch.o)
    0x08001722   0x08001722   0x00000002   PAD
    0x08001724   0x08001724   0x00000008   Code   RO         2749    .text               c_w.l(libspace.o)
    0x0800172c   0x0800172c   0x00000080   Code   RO         2761    .text               c_w.l(strcmpv7m.o)
    0x080017ac   0x080017ac   0x0000003e   Code   RO         2701    CL$$btod_d2e        c_w.l(btod.o)
    0x080017ea   0x080017ea   0x00000046   Code   RO         2703    CL$$btod_d2e_denorm_low  c_w.l(btod.o)
    0x08001830   0x08001830   0x00000060   Code   RO         2702    CL$$btod_d2e_norm_op1  c_w.l(btod.o)
    0x08001890   0x08001890   0x00000338   Code   RO         2711    CL$$btod_div_common  c_w.l(btod.o)
    0x08001bc8   0x08001bc8   0x000000dc   Code   RO         2708    CL$$btod_e2e        c_w.l(btod.o)
    0x08001ca4   0x08001ca4   0x0000002a   Code   RO         2705    CL$$btod_ediv       c_w.l(btod.o)
    0x08001cce   0x08001cce   0x0000002a   Code   RO         2704    CL$$btod_emul       c_w.l(btod.o)
    0x08001cf8   0x08001cf8   0x00000244   Code   RO         2710    CL$$btod_mult_common  c_w.l(btod.o)
    0x08001f3c   0x08001f3c   0x00000002   Code   RO          273    i.BusFault_Handler  stm32f4xx_it.o
    0x08001f3e   0x08001f3e   0x00000002   PAD
    0x08001f40   0x08001f40   0x0000000c   Code   RO          274    i.DMA2_Stream2_IRQHandler  stm32f4xx_it.o
    0x08001f4c   0x08001f4c   0x00000028   Code   RO         1259    i.DMA_CalcBaseAndBitshift  stm32f4xx_hal_dma.o
    0x08001f74   0x08001f74   0x00000054   Code   RO         1260    i.DMA_CheckFifoParam  stm32f4xx_hal_dma.o
    0x08001fc8   0x08001fc8   0x00000028   Code   RO         1261    i.DMA_SetConfig     stm32f4xx_hal_dma.o
    0x08001ff0   0x08001ff0   0x00000002   Code   RO          275    i.DebugMon_Handler  stm32f4xx_it.o
    0x08001ff2   0x08001ff2   0x00000004   Code   RO           13    i.Error_Handler     main.o
    0x08001ff6   0x08001ff6   0x00000092   Code   RO         1262    i.HAL_DMA_Abort     stm32f4xx_hal_dma.o
    0x08002088   0x08002088   0x00000024   Code   RO         1263    i.HAL_DMA_Abort_IT  stm32f4xx_hal_dma.o
    0x080020ac   0x080020ac   0x000001a0   Code   RO         1267    i.HAL_DMA_IRQHandler  stm32f4xx_hal_dma.o
    0x0800224c   0x0800224c   0x000000d4   Code   RO         1268    i.HAL_DMA_Init      stm32f4xx_hal_dma.o
    0x08002320   0x08002320   0x0000006e   Code   RO         1272    i.HAL_DMA_Start_IT  stm32f4xx_hal_dma.o
    0x0800238e   0x0800238e   0x00000002   PAD
    0x08002390   0x08002390   0x00000234   Code   RO         1155    i.HAL_GPIO_Init     stm32f4xx_hal_gpio.o
    0x080025c4   0x080025c4   0x0000000a   Code   RO         1157    i.HAL_GPIO_ReadPin  stm32f4xx_hal_gpio.o
    0x080025ce   0x080025ce   0x0000000a   Code   RO         1159    i.HAL_GPIO_WritePin  stm32f4xx_hal_gpio.o
    0x080025d8   0x080025d8   0x0000000c   Code   RO         1725    i.HAL_GetTick       stm32f4xx_hal.o
    0x080025e4   0x080025e4   0x00000010   Code   RO         1731    i.HAL_IncTick       stm32f4xx_hal.o
    0x080025f4   0x080025f4   0x00000034   Code   RO         1732    i.HAL_Init          stm32f4xx_hal.o
    0x08002628   0x08002628   0x00000040   Code   RO         1733    i.HAL_InitTick      stm32f4xx_hal.o
    0x08002668   0x08002668   0x00000030   Code   RO          361    i.HAL_MspInit       stm32f4xx_hal_msp.o
    0x08002698   0x08002698   0x0000001a   Code   RO         1565    i.HAL_NVIC_EnableIRQ  stm32f4xx_hal_cortex.o
    0x080026b2   0x080026b2   0x00000002   PAD
    0x080026b4   0x080026b4   0x00000040   Code   RO         1571    i.HAL_NVIC_SetPriority  stm32f4xx_hal_cortex.o
    0x080026f4   0x080026f4   0x00000024   Code   RO         1572    i.HAL_NVIC_SetPriorityGrouping  stm32f4xx_hal_cortex.o
    0x08002718   0x08002718   0x00000070   Code   RO         1491    i.HAL_PWREx_EnableOverDrive  stm32f4xx_hal_pwr_ex.o
    0x08002788   0x08002788   0x00000134   Code   RO          749    i.HAL_RCC_ClockConfig  stm32f4xx_hal_rcc.o
    0x080028bc   0x080028bc   0x00000020   Code   RO          756    i.HAL_RCC_GetPCLK1Freq  stm32f4xx_hal_rcc.o
    0x080028dc   0x080028dc   0x00000020   Code   RO          757    i.HAL_RCC_GetPCLK2Freq  stm32f4xx_hal_rcc.o
    0x080028fc   0x080028fc   0x00000064   Code   RO          758    i.HAL_RCC_GetSysClockFreq  stm32f4xx_hal_rcc.o
    0x08002960   0x08002960   0x0000036c   Code   RO          761    i.HAL_RCC_OscConfig  stm32f4xx_hal_rcc.o
    0x08002ccc   0x08002ccc   0x00000028   Code   RO         1576    i.HAL_SYSTICK_Config  stm32f4xx_hal_cortex.o
    0x08002cf4   0x08002cf4   0x0000004a   Code   RO          395    i.HAL_UARTEx_ReceiveToIdle_DMA  stm32f4xx_hal_uart.o
    0x08002d3e   0x08002d3e   0x00000002   PAD
    0x08002d40   0x08002d40   0x0000004c   Code   RO         2221    i.HAL_UARTEx_RxEventCallback  usart_app.o
    0x08002d8c   0x08002d8c   0x00000070   Code   RO          409    i.HAL_UART_DMAStop  stm32f4xx_hal_uart.o
    0x08002dfc   0x08002dfc   0x00000002   Code   RO          411    i.HAL_UART_ErrorCallback  stm32f4xx_hal_uart.o
    0x08002dfe   0x08002dfe   0x00000002   PAD
    0x08002e00   0x08002e00   0x00000280   Code   RO          414    i.HAL_UART_IRQHandler  stm32f4xx_hal_uart.o
    0x08003080   0x08003080   0x00000064   Code   RO          415    i.HAL_UART_Init     stm32f4xx_hal_uart.o
    0x080030e4   0x080030e4   0x000000b0   Code   RO          228    i.HAL_UART_MspInit  usart.o
    0x08003194   0x08003194   0x00000002   Code   RO          421    i.HAL_UART_RxCpltCallback  stm32f4xx_hal_uart.o
    0x08003196   0x08003196   0x00000002   Code   RO          422    i.HAL_UART_RxHalfCpltCallback  stm32f4xx_hal_uart.o
    0x08003198   0x08003198   0x000000a0   Code   RO          423    i.HAL_UART_Transmit  stm32f4xx_hal_uart.o
    0x08003238   0x08003238   0x00000002   Code   RO          426    i.HAL_UART_TxCpltCallback  stm32f4xx_hal_uart.o
    0x0800323a   0x0800323a   0x00000002   Code   RO          276    i.HardFault_Handler  stm32f4xx_it.o
    0x0800323c   0x0800323c   0x0000002c   Code   RO          203    i.MX_DMA_Init       dma.o
    0x08003268   0x08003268   0x000000d8   Code   RO          179    i.MX_GPIO_Init      gpio.o
    0x08003340   0x08003340   0x00000038   Code   RO          229    i.MX_USART1_UART_Init  usart.o
    0x08003378   0x08003378   0x00000002   Code   RO          277    i.MemManage_Handler  stm32f4xx_it.o
    0x0800337a   0x0800337a   0x00000002   Code   RO          278    i.NMI_Handler       stm32f4xx_it.o
    0x0800337c   0x0800337c   0x00000002   Code   RO          279    i.PendSV_Handler    stm32f4xx_it.o
    0x0800337e   0x0800337e   0x00000002   Code   RO          280    i.SVC_Handler       stm32f4xx_it.o
    0x08003380   0x08003380   0x00000004   Code   RO          281    i.SysTick_Handler   stm32f4xx_it.o
    0x08003384   0x08003384   0x0000009c   Code   RO           14    i.SystemClock_Config  main.o
    0x08003420   0x08003420   0x00000010   Code   RO         1981    i.SystemInit        system_stm32f4xx.o
    0x08003430   0x08003430   0x0000000e   Code   RO          428    i.UART_DMAAbortOnError  stm32f4xx_hal_uart.o
    0x0800343e   0x0800343e   0x0000004a   Code   RO          429    i.UART_DMAError     stm32f4xx_hal_uart.o
    0x08003488   0x08003488   0x00000086   Code   RO          430    i.UART_DMAReceiveCplt  stm32f4xx_hal_uart.o
    0x0800350e   0x0800350e   0x0000001e   Code   RO          432    i.UART_DMARxHalfCplt  stm32f4xx_hal_uart.o
    0x0800352c   0x0800352c   0x0000004e   Code   RO          438    i.UART_EndRxTransfer  stm32f4xx_hal_uart.o
    0x0800357a   0x0800357a   0x0000001c   Code   RO          439    i.UART_EndTxTransfer  stm32f4xx_hal_uart.o
    0x08003596   0x08003596   0x000000c2   Code   RO          440    i.UART_Receive_IT   stm32f4xx_hal_uart.o
    0x08003658   0x08003658   0x0000010c   Code   RO          441    i.UART_SetConfig    stm32f4xx_hal_uart.o
    0x08003764   0x08003764   0x000000a0   Code   RO          442    i.UART_Start_Receive_DMA  stm32f4xx_hal_uart.o
    0x08003804   0x08003804   0x00000072   Code   RO          444    i.UART_WaitOnFlagUntilTimeout  stm32f4xx_hal_uart.o
    0x08003876   0x08003876   0x00000002   PAD
    0x08003878   0x08003878   0x0000000c   Code   RO          282    i.USART1_IRQHandler  stm32f4xx_it.o
    0x08003884   0x08003884   0x00000002   Code   RO          283    i.UsageFault_Handler  stm32f4xx_it.o
    0x08003886   0x08003886   0x00000030   Code   RO         2745    i.__ARM_fpclassify  m_wm.l(fpclassify.o)
    0x080038b6   0x080038b6   0x00000020   Code   RO         1578    i.__NVIC_SetPriority  stm32f4xx_hal_cortex.o
    0x080038d6   0x080038d6   0x0000000e   Code   RO         2596    i._is_digit         c_w.l(__printf_wp.o)
    0x080038e4   0x080038e4   0x00000026   Code   RO         2281    i.bit_array_and     ebtn.o
    0x0800390a   0x0800390a   0x0000001e   Code   RO         2282    i.bit_array_assign  ebtn.o
    0x08003928   0x08003928   0x0000000c   Code   RO         2283    i.bit_array_cmp     ebtn.o
    0x08003934   0x08003934   0x00000012   Code   RO         2284    i.bit_array_get     ebtn.o
    0x08003946   0x08003946   0x00000016   Code   RO         2286    i.ebtn_combo_btn_add_btn_by_idx  ebtn.o
    0x0800395c   0x0800395c   0x00000040   Code   RO         2293    i.ebtn_get_btn_index_by_key_id  ebtn.o
    0x0800399c   0x0800399c   0x00000040   Code   RO         2295    i.ebtn_init         ebtn.o
    0x080039dc   0x080039dc   0x00000064   Code   RO         2299    i.ebtn_process      ebtn.o
    0x08003a40   0x08003a40   0x0000002e   Code   RO         2300    i.ebtn_process_btn  ebtn.o
    0x08003a6e   0x08003a6e   0x00000002   PAD
    0x08003a70   0x08003a70   0x000000ac   Code   RO         2301    i.ebtn_process_btn_combo  ebtn.o
    0x08003b1c   0x08003b1c   0x000000b4   Code   RO         2302    i.ebtn_process_with_curr_state  ebtn.o
    0x08003bd0   0x08003bd0   0x0000000e   Code   RO         2155    i.ebtn_task         btn_app.o
    0x08003bde   0x08003bde   0x00000002   PAD
    0x08003be0   0x08003be0   0x00000048   Code   RO         2156    i.is_button_pressed  btn_app.o
    0x08003c28   0x08003c28   0x0000003a   Code   RO         2157    i.is_combo_forming  btn_app.o
    0x08003c62   0x08003c62   0x00000002   PAD
    0x08003c64   0x08003c64   0x00000020   Code   RO         2118    i.key_process_simple  key_app.o
    0x08003c84   0x08003c84   0x0000005c   Code   RO         2119    i.key_read_raw      key_app.o
    0x08003ce0   0x08003ce0   0x00000080   Code   RO         2080    i.led_disp          led_app.o
    0x08003d60   0x08003d60   0x0000000c   Code   RO         2081    i.led_task          led_app.o
    0x08003d6c   0x08003d6c   0x00000026   Code   RO           15    i.main              main.o
    0x08003d92   0x08003d92   0x00000002   PAD
    0x08003d94   0x08003d94   0x00000084   Code   RO         2158    i.my_ebtn_init      btn_app.o
    0x08003e18   0x08003e18   0x00000048   Code   RO         2159    i.my_get_key_state  btn_app.o
    0x08003e60   0x08003e60   0x00000074   Code   RO         2160    i.my_handle_key_event  btn_app.o
    0x08003ed4   0x08003ed4   0x00000032   Code   RO         2222    i.my_printf         usart_app.o
    0x08003f06   0x08003f06   0x00000002   PAD
    0x08003f08   0x08003f08   0x0000014c   Code   RO         2304    i.prv_process_btn   ebtn.o
    0x08004054   0x08004054   0x00000038   Code   RO         2223    i.ringbuffer_init   usart_app.o
    0x0800408c   0x0800408c   0x00000030   Code   RO         2432    i.rt_ringbuffer_data_len  ringbuffer.o
    0x080040bc   0x080040bc   0x00000074   Code   RO         2433    i.rt_ringbuffer_get  ringbuffer.o
    0x08004130   0x08004130   0x00000030   Code   RO         2435    i.rt_ringbuffer_init  ringbuffer.o
    0x08004160   0x08004160   0x00000078   Code   RO         2437    i.rt_ringbuffer_put  ringbuffer.o
    0x080041d8   0x080041d8   0x00000020   Code   RO         2442    i.rt_ringbuffer_status  ringbuffer.o
    0x080041f8   0x080041f8   0x0000000c   Code   RO         2018    i.scheduler_init    scheduler.o
    0x08004204   0x08004204   0x0000003c   Code   RO         2019    i.scheduler_run     scheduler.o
    0x08004240   0x08004240   0x0000007c   Code   RO         2224    i.uart_task         usart_app.o
    0x080042bc   0x080042bc   0x0000002c   Code   RO         2724    locale$$code        c_w.l(lc_numeric_c.o)
    0x080042e8   0x080042e8   0x0000002c   Code   RO         2755    locale$$code        c_w.l(lc_ctype_c.o)
    0x08004314   0x08004314   0x0000000a   Code   RO         2831    x$fpl$fpinit        fz_wm.l(fpinit.o)
    0x0800431e   0x0800431e   0x00000004   Code   RO         2635    x$fpl$printf1       fz_wm.l(printf1.o)
    0x08004322   0x08004322   0x00000004   Code   RO         2637    x$fpl$printf2       fz_wm.l(printf2.o)
    0x08004326   0x08004326   0x00000000   Code   RO         2744    x$fpl$usenofp       fz_wm.l(usenofp.o)
    0x08004326   0x08004326   0x00000008   Data   RO         1274    .constdata          stm32f4xx_hal_dma.o
    0x0800432e   0x0800432e   0x00000010   Data   RO         1982    .constdata          system_stm32f4xx.o
    0x0800433e   0x0800433e   0x00000008   Data   RO         1983    .constdata          system_stm32f4xx.o
    0x08004346   0x08004346   0x0000000e   Data   RO         2161    .constdata          btn_app.o
    0x08004354   0x08004354   0x00000008   Data   RO         2555    .constdata          c_w.l(_printf_wctomb.o)
    0x0800435c   0x0800435c   0x00000028   Data   RO         2584    .constdata          c_w.l(_printf_hex_int_ll_ptr.o)
    0x08004384   0x08004384   0x00000011   Data   RO         2604    .constdata          c_w.l(__printf_flags_ss_wp.o)
    0x08004395   0x08004395   0x00000026   Data   RO         2672    .constdata          c_w.l(_printf_fp_hex.o)
    0x080043bb   0x080043bb   0x00000001   PAD
    0x080043bc   0x080043bc   0x00000094   Data   RO         2699    .constdata          c_w.l(bigflt0.o)
    0x08004450   0x08004450   0x00000020   Data   RO         2866    Region$$Table       anon$$obj.o
    0x08004470   0x08004470   0x0000001c   Data   RO         2723    locale$$data        c_w.l(lc_numeric_c.o)
    0x0800448c   0x0800448c   0x00000110   Data   RO         2754    locale$$data        c_w.l(lc_ctype_c.o)


    Execution Region RW_IRAM1 (Exec base: 0x20000000, Load base: 0x0800459c, Size: 0x00000ba8, Max: 0x00030000, ABSOLUTE, COMPRESSED[0x0000004c])

    Exec Addr    Load Addr    Size         Type   Attr      Idx    E Section Name        Object

    0x20000000   COMPRESSED   0x0000000c   Data   RW         1739    .data               stm32f4xx_hal.o
    0x2000000c   COMPRESSED   0x00000004   Data   RW         1984    .data               system_stm32f4xx.o
    0x20000010   COMPRESSED   0x00000034   Data   RW         2020    .data               scheduler.o
    0x20000044   COMPRESSED   0x00000007   Data   RW         2083    .data               led_app.o
    0x2000004b   COMPRESSED   0x00000004   Data   RW         2120    .data               key_app.o
    0x2000004f   COMPRESSED   0x00000001   PAD
    0x20000050   COMPRESSED   0x00000118   Data   RW         2162    .data               btn_app.o
    0x20000168        -       0x000000a8   Zero   RW          230    .bss                usart.o
    0x20000210        -       0x0000030c   Zero   RW         2225    .bss                usart_app.o
    0x2000051c        -       0x00000028   Zero   RW         2305    .bss                ebtn.o
    0x20000544        -       0x00000060   Zero   RW         2750    .bss                c_w.l(libspace.o)
    0x200005a4   COMPRESSED   0x00000004   PAD
    0x200005a8        -       0x00000200   Zero   RW            2    HEAP                startup_stm32f429xx.o
    0x200007a8        -       0x00000400   Zero   RW            1    STACK               startup_stm32f429xx.o


==============================================================================

Image component sizes


      Code (inc. data)   RO Data    RW Data    ZI Data      Debug   Object Name

       464         76         14        280          0      11550   btn_app.o
        44          4          0          0          0        758   dma.o
      1078         28          0          0         40      17420   ebtn.o
       216         18          0          0          0       1003   gpio.o
       124         12          0          4          0       1446   key_app.o
       140         20          0          7          0       1755   led_app.o
       198          8          0          0          0     721064   main.o
       364          0          0          0          0       6139   ringbuffer.o
        72          8          0         52          0       1632   scheduler.o
        64         26        428          0       1536        836   startup_stm32f429xx.o
       144         24          0         12          0       8857   stm32f4xx_hal.o
       198         14          0          0          0      33759   stm32f4xx_hal_cortex.o
      1084         16          8          0          0       7266   stm32f4xx_hal_dma.o
       584         54          0          0          0       2835   stm32f4xx_hal_gpio.o
        48          6          0          0          0        842   stm32f4xx_hal_msp.o
       112         14          0          0          0       1268   stm32f4xx_hal_pwr_ex.o
      1348         76          0          0          0       5204   stm32f4xx_hal_rcc.o
      2188         28          0          0          0      15548   stm32f4xx_hal_uart.o
        44         12          0          0          0       5012   stm32f4xx_it.o
        16          4         24          4          0       1103   system_stm32f4xx.o
       232         28          0          0        168       1789   usart.o
       306         88          0          0        780       5980   usart_app.o

    ----------------------------------------------------------------------
      9090        564        506        360       2524     853066   Object Totals
         0          0         32          0          0          0   (incl. Generated)
        22          0          0          1          0          0   (incl. Padding)

    ----------------------------------------------------------------------

      Code (inc. data)   RO Data    RW Data    ZI Data      Debug   Library Member Name

        90          0          0          0          0          0   __dczerorl2.o
         8          0          0          0          0         68   __main.o
       392          4         17          0          0         92   __printf_flags_ss_wp.o
        14          0          0          0          0         68   __printf_wp.o
         0          0          0          0          0          0   __rtentry.o
        12          0          0          0          0          0   __rtentry2.o
         6          0          0          0          0          0   __rtentry4.o
        52          8          0          0          0          0   __scatter.o
        28          0          0          0          0          0   __scatter_zi.o
         6          0          0          0          0          0   _printf_a.o
         6          0          0          0          0          0   _printf_c.o
        44          0          0          0          0        108   _printf_char.o
        48          6          0          0          0         96   _printf_char_common.o
        40          0          0          0          0         68   _printf_charcount.o
         6          0          0          0          0          0   _printf_d.o
       120         16          0          0          0         92   _printf_dec.o
         6          0          0          0          0          0   _printf_e.o
         6          0          0          0          0          0   _printf_f.o
      1054          0          0          0          0        216   _printf_fp_dec.o
       764          8         38          0          0        100   _printf_fp_hex.o
       128         16          0          0          0         84   _printf_fp_infnan.o
         6          0          0          0          0          0   _printf_g.o
       148          4         40          0          0        160   _printf_hex_int_ll_ptr.o
         6          0          0          0          0          0   _printf_i.o
       178          0          0          0          0         88   _printf_intcommon.o
        10          0          0          0          0          0   _printf_l.o
         6          0          0          0          0          0   _printf_lc.o
        10          0          0          0          0          0   _printf_ll.o
         6          0          0          0          0          0   _printf_lld.o
         6          0          0          0          0          0   _printf_lli.o
         6          0          0          0          0          0   _printf_llo.o
         6          0          0          0          0          0   _printf_llu.o
         6          0          0          0          0          0   _printf_llx.o
       124         16          0          0          0         92   _printf_longlong_dec.o
         6          0          0          0          0          0   _printf_ls.o
         6          0          0          0          0          0   _printf_n.o
         6          0          0          0          0          0   _printf_o.o
       112         10          0          0          0        124   _printf_oct_int_ll.o
         6          0          0          0          0          0   _printf_p.o
        78          0          0          0          0        108   _printf_pad.o
         0          0          0          0          0          0   _printf_percent.o
         4          0          0          0          0          0   _printf_percent_end.o
         6          0          0          0          0          0   _printf_s.o
        82          0          0          0          0         80   _printf_str.o
        36          0          0          0          0         84   _printf_truncate.o
         6          0          0          0          0          0   _printf_u.o
        44          0          0          0          0        108   _printf_wchar.o
       188          6          8          0          0         92   _printf_wctomb.o
         6          0          0          0          0          0   _printf_x.o
        16          0          0          0          0         68   _snputc.o
        10          0          0          0          0         68   _sputc.o
        64          0          0          0          0         92   _wcrtomb.o
        22          0          0          0          0         80   abort.o
       228          4        148          0          0         96   bigflt0.o
      1936        128          0          0          0        672   btod.o
        48         34          0          0          0         76   defsig_abrt_inner.o
        14          0          0          0          0         80   defsig_abrt_outer.o
        10          0          0          0          0         68   defsig_exit.o
        50          0          0          0          0         88   defsig_general.o
        18          0          0          0          0         80   exit.o
         6          0          0          0          0        152   heapauxi.o
         0          0          0          0          0          0   indicate_semi.o
        44         10        272          0          0         76   lc_ctype_c.o
        44         10         28          0          0         76   lc_numeric_c.o
         2          0          0          0          0          0   libinit.o
        34          0          0          0          0          0   libinit2.o
         2          0          0          0          0          0   libshutdown.o
         2          0          0          0          0          0   libshutdown2.o
         8          4          0          0         96         68   libspace.o
       138          0          0          0          0         80   lludiv10.o
       238          0          0          0          0        100   lludivv7m.o
        88          0          0          0          0         76   memcmp.o
        16          4          0          0          0         76   rt_ctype_table.o
         8          4          0          0          0         68   rt_locale_intlibspace.o
        78          0          0          0          0         80   rt_memclr_w.o
       138          0          0          0          0         68   rt_memcpy_v6.o
       100          0          0          0          0         80   rt_memcpy_w.o
         2          0          0          0          0          0   rtexit.o
        10          0          0          0          0          0   rtexit2.o
       128          0          0          0          0         68   strcmpv7m.o
        12          4          0          0          0         68   sys_exit.o
        74          0          0          0          0         80   sys_stackheap_outer.o
        14          0          0          0          0         76   sys_wrch.o
         2          0          0          0          0         68   use_no_semi.o
        52          4          0          0          0         80   vsnprintf.o
        10          0          0          0          0        116   fpinit.o
         4          0          0          0          0        116   printf1.o
         4          0          0          0          0        116   printf2.o
         0          0          0          0          0          0   usenofp.o
        48          0          0          0          0        124   fpclassify.o

    ----------------------------------------------------------------------
      7672        300        552          0        100       5308   Library Totals
        16          0          1          0          4          0   (incl. Padding)

    ----------------------------------------------------------------------

      Code (inc. data)   RO Data    RW Data    ZI Data      Debug   Library Name

      7590        300        551          0         96       4836   c_w.l
        18          0          0          0          0        348   fz_wm.l
        48          0          0          0          0        124   m_wm.l

    ----------------------------------------------------------------------
      7672        300        552          0        100       5308   Library Totals

    ----------------------------------------------------------------------

==============================================================================


      Code (inc. data)   RO Data    RW Data    ZI Data      Debug   

     16762        864       1058        360       2624     846270   Grand Totals
     16762        864       1058         76       2624     846270   ELF Image Totals (compressed)
     16762        864       1058         76          0          0   ROM Totals

==============================================================================

    Total RO  Size (Code + RO Data)                17820 (  17.40kB)
    Total RW  Size (RW Data + ZI Data)              2984 (   2.91kB)
    Total ROM Size (Code + RO Data + RW Data)      17896 (  17.48kB)

==============================================================================

